ARM Linker, 4.1 [Build 481] [Standard]

==============================================================================

Section Cross References

    application.o(.text) refers to ethernetif.o(.text) for eth_system_device_init
    application.o(.text) refers to stm32_eth.o(.text) for rt_hw_stm32_eth_init
    application.o(.text) refers to device.o(.text) for rt_device_init_all
    application.o(.text) refers to sys_arch_init.o(.text) for lwip_sys_init
    application.o(.text) refers to kservice.o(.text) for rt_kprintf
    application.o(.text) refers to thread.o(.text) for rt_thread_create
    application.o(.text) refers to network.o(.text) for udp_send_demo
    board.o(.text) refers to misc.o(.text) for NVIC_SetVectorTable
    board.o(.text) refers to stm32f10x_rcc.o(.text) for RCC_GetClocksFreq
    board.o(.text) refers to irq.o(.text) for rt_interrupt_enter
    board.o(.text) refers to clock.o(.text) for rt_tick_increase
    board.o(.text) refers to usart.o(.text) for rt_hw_usart_init
    board.o(.text) refers to kservice.o(.text) for rt_console_set_device
    msd.o(.text) refers to stm32f10x_spi.o(.text) for SPI_I2S_GetFlagStatus
    msd.o(.text) refers to stm32f10x_gpio.o(.text) for GPIO_ResetBits
    msd.o(.text) refers to stm32f10x_rcc.o(.text) for RCC_APB2PeriphClockCmd
    msd.o(.text) refers to kservice.o(.text) for rt_kprintf
    msd.o(.text) refers to msd.o(.bss) for part
    msd.o(.text) refers to mem.o(.text) for rt_malloc
    msd.o(.text) refers to dfs_fs.o(.text) for dfs_filesystem_get_partition
    msd.o(.text) refers to device.o(.text) for rt_device_register
    msd.o(.text) refers to msd.o(.constdata) for __FUNCTION__
    serial.o(.text) refers to kservice.o(.text) for rt_memset
    serial.o(.text) refers to mempool.o(.text) for rt_mp_init
    serial.o(.text) refers to stm32f10x_usart.o(.text) for USART_Cmd
    serial.o(.text) refers to context_rvds.o(.text) for rt_hw_interrupt_disable
    serial.o(.text) refers to stm32f10x_dma.o(.text) for DMA_Cmd
    serial.o(.text) refers to device.o(.text) for rt_device_register
    serial.o(.text) refers to serial.o(.constdata) for __FUNCTION__
    startup.o(.text) refers to kservice.o(.text) for rt_kprintf
    startup.o(.text) refers to board.o(.text) for rt_hw_board_init
    startup.o(.text) refers to clock.o(.text) for rt_system_tick_init
    startup.o(.text) refers to object.o(.text) for rt_system_object_init
    startup.o(.text) refers to timer.o(.text) for rt_system_timer_init
    startup.o(.text) refers to mem.o(.text) for rt_system_heap_init
    startup.o(.text) refers to scheduler.o(.text) for rt_system_scheduler_init
    startup.o(.text) refers to device.o(.text) for rt_device_init_all
    startup.o(.text) refers to application.o(.text) for rt_application_init
    startup.o(.text) refers to shell.o(.text) for finsh_system_init
    startup.o(.text) refers to idle.o(.text) for rt_thread_idle_init
    startup.o(.text) refers to context_rvds.o(.text) for rt_hw_interrupt_disable
    stm32_eth.o(.text) refers to stm32f10x_rcc.o(.text) for RCC_AHBPeriphResetCmd
    stm32_eth.o(.text) refers to startup.o(.text) for assert_failed
    stm32_eth.o(.text) refers to stm32_eth.o(.data) for DMATxDescToSet
    stm32_eth.o(.text) refers to irq.o(.text) for rt_interrupt_enter
    stm32_eth.o(.text) refers to ethernetif.o(.text) for eth_device_ready
    stm32_eth.o(.text) refers to ipc.o(.text) for rt_sem_release
    stm32_eth.o(.text) refers to kservice.o(.text) for rt_set_errno
    stm32_eth.o(.text) refers to inet.o(.text) for htons
    stm32_eth.o(.text) refers to pbuf.o(.text) for pbuf_alloc
    stm32_eth.o(.text) refers to misc.o(.text) for NVIC_Init
    stm32_eth.o(.text) refers to stm32f10x_gpio.o(.text) for GPIO_PinRemapConfig
    stm32_eth.o(.text) refers to stm32_eth.o(.bss) for stm32_eth_device
    stm32f10x_it.o(.text) refers to board.o(.text) for rt_hw_timer_handler
    stm32f10x_it.o(.text) refers to irq.o(.text) for rt_interrupt_enter
    stm32f10x_it.o(.text) refers to serial.o(.text) for rt_hw_serial_isr
    stm32f10x_it.o(.text) refers to usart.o(.bss) for uart2_device
    usart.o(.text) refers to stm32f10x_rcc.o(.text) for RCC_APB2PeriphClockCmd
    usart.o(.text) refers to stm32f10x_gpio.o(.text) for GPIO_PinRemapConfig
    usart.o(.text) refers to misc.o(.text) for NVIC_Init
    usart.o(.text) refers to stm32f10x_usart.o(.text) for USART_Init
    usart.o(.text) refers to serial.o(.text) for rt_hw_serial_register
    usart.o(.text) refers to usart.o(.data) for uart2
    usart.o(.text) refers to usart.o(.bss) for uart2_device
    usart.o(.data) refers to usart.o(.bss) for uart2_int_rx
    clock.o(.text) refers to context_rvds.o(.text) for rt_hw_interrupt_disable
    clock.o(.text) refers to thread.o(.text) for rt_thread_self
    clock.o(.text) refers to timer.o(.text) for rt_timer_check
    clock.o(.text) refers to clock.o(.data) for rt_tick
    device.o(.text) refers to object.o(.text) for rt_object_init
[...]
    OP_st_byte                               0x0800ba19   Thumb Code    30  finsh_ops.o(.text)
    OP_st_word                               0x0800ba37   Thumb Code    30  finsh_ops.o(.text)
    OP_st_dword                              0x0800ba55   Thumb Code    30  finsh_ops.o(.text)
    OP_pop                                   0x0800ba73   Thumb Code    12  finsh_ops.o(.text)
    OP_call                                  0x0800ba7f   Thumb Code   774  finsh_ops.o(.text)
    finsh_parser_run                         0x0800c619   Thumb Code   210  finsh_parser.o(.text)
    finsh_parser_init                        0x0800c6eb   Thumb Code    16  finsh_parser.o(.text)
    finsh_token_init                         0x0800c6fd   Thumb Code    20  finsh_token.o(.text)
    token_get_string                         0x0800cadb   Thumb Code   120  finsh_token.o(.text)
    finsh_token_token                        0x0800ccf5   Thumb Code    24  finsh_token.o(.text)
    finsh_token_get_token                    0x0800cd0d   Thumb Code    20  finsh_token.o(.text)
    finsh_var_init                           0x0800cd25   Thumb Code    14  finsh_var.o(.text)
    finsh_var_insert                         0x0800cd33   Thumb Code   112  finsh_var.o(.text)
    finsh_var_delete                         0x0800cda3   Thumb Code    68  finsh_var.o(.text)
    finsh_var_lookup                         0x0800cde7   Thumb Code    58  finsh_var.o(.text)
    finsh_sysvar_append                      0x0800ce21   Thumb Code    62  finsh_var.o(.text)
    finsh_sysvar_lookup                      0x0800ce5f   Thumb Code    78  finsh_var.o(.text)
    finsh_vm_run                             0x0800cebd   Thumb Code    62  finsh_vm.o(.text)
    finsh_syscall_append                     0x0800cefb   Thumb Code    54  finsh_vm.o(.text)
    finsh_syscall_lookup                     0x0800cf31   Thumb Code    78  finsh_vm.o(.text)
    strcmp                                   0x0800cfa1   Thumb Code    28  shell.o(.text)
    strdup                                   0x0800cfbd   Thumb Code    40  shell.o(.text)
    finsh_set_device                         0x0800d013   Thumb Code   104  shell.o(.text)
    finsh_get_device                         0x0800d07b   Thumb Code    40  shell.o(.text)
    finsh_set_echo                           0x0800d0a3   Thumb Code    54  shell.o(.text)
    finsh_get_echo                           0x0800d0d9   Thumb Code    44  shell.o(.text)
    finsh_auto_complete                      0x0800d105   Thumb Code    28  shell.o(.text)
    finsh_run_line                           0x0800d121   Thumb Code   150  shell.o(.text)
    finsh_handle_history                     0x0800d1b7   Thumb Code   286  shell.o(.text)
    finsh_push_history                       0x0800d2d5   Thumb Code   172  shell.o(.text)
    finsh_thread_entry                       0x0800d381   Thumb Code   722  shell.o(.text)
    finsh_system_function_init               0x0800d653   Thumb Code    10  shell.o(.text)
    finsh_system_var_init                    0x0800d65d   Thumb Code    10  shell.o(.text)
    finsh_system_init                        0x0800d667   Thumb Code   112  shell.o(.text)
    netconn_new_with_proto_and_callback      0x0800d73b   Thumb Code    88  api_lib.o(.text)
    netconn_delete                           0x0800d793   Thumb Code    40  api_lib.o(.text)
    netconn_getaddr                          0x0800d7bb   Thumb Code    76  api_lib.o(.text)
    netconn_bind                             0x0800d807   Thumb Code    48  api_lib.o(.text)
    netconn_connect                          0x0800d837   Thumb Code    48  api_lib.o(.text)
    netconn_disconnect                       0x0800d867   Thumb Code    38  api_lib.o(.text)
    netconn_listen_with_backlog              0x0800d88d   Thumb Code    40  api_lib.o(.text)
    netconn_accept                           0x0800d8b5   Thumb Code    62  api_lib.o(.text)
    netconn_recv                             0x0800d8f3   Thumb Code   318  api_lib.o(.text)
    netconn_send                             0x0800da31   Thumb Code    42  api_lib.o(.text)
    netconn_sendto                           0x0800da5b   Thumb Code    36  api_lib.o(.text)
    netconn_write                            0x0800da7f   Thumb Code    68  api_lib.o(.text)
    netconn_close                            0x0800dac3   Thumb Code    38  api_lib.o(.text)
    netconn_gethostbyname                    0x0800dae9   Thumb Code   136  api_lib.o(.text)
    netconn_free                             0x0800dfdf   Thumb Code   114  api_msg.o(.text)
    netconn_alloc                            0x0800e051   Thumb Code   146  api_msg.o(.text)
    do_newconn                               0x0800e1ed   Thumb Code    26  api_msg.o(.text)
    do_delconn                               0x0800e207   Thumb Code   126  api_msg.o(.text)
    do_bind                                  0x0800e285   Thumb Code   114  api_msg.o(.text)
    do_connect                               0x0800e32b   Thumb Code   178  api_msg.o(.text)
    do_disconnect                            0x0800e3dd   Thumb Code    34  api_msg.o(.text)
    do_listen                                0x0800e3ff   Thumb Code   158  api_msg.o(.text)
    do_send                                  0x0800e49d   Thumb Code   144  api_msg.o(.text)
    do_recv                                  0x0800e52d   Thumb Code    50  api_msg.o(.text)
    do_write                                 0x0800e55f   Thumb Code    76  api_msg.o(.text)
    do_getaddr                               0x0800e5ab   Thumb Code   174  api_msg.o(.text)
    do_close                                 0x0800e659   Thumb Code    48  api_msg.o(.text)
    do_gethostbyname                         0x0800e6c1   Thumb Code    40  api_msg.o(.text)
    netbuf_new                               0x0800e6f7   Thumb Code    30  netbuf.o(.text)
    netbuf_delete                            0x0800e715   Thumb Code    32  netbuf.o(.text)
    netbuf_alloc                             0x0800e735   Thumb Code    60  netbuf.o(.text)
    netbuf_free                              0x0800e771   Thumb Code    32  netbuf.o(.text)
    netbuf_ref                               0x0800e791   Thumb Code    74  netbuf.o(.text)
    netbuf_chain                             0x0800e7db   Thumb Code    46  netbuf.o(.text)
    netbuf_data                              0x0800e809   Thumb Code    64  netbuf.o(.text)
    netbuf_next                              0x0800e849   Thumb Code    46  netbuf.o(.text)
    netbuf_first                             0x0800e877   Thumb Code    16  netbuf.o(.text)
    do_netifapi_netif_add                    0x0800e889   Thumb Code    44  netifapi.o(.text)
    do_netifapi_netif_set_addr               0x0800e8b5   Thumb Code    26  netifapi.o(.text)
    do_netifapi_netif_common                 0x0800e8cf   Thumb Code    36  netifapi.o(.text)
    netifapi_netif_add                       0x0800e8f3   Thumb Code    64  netifapi.o(.text)
    netifapi_netif_set_addr                  0x0800e933   Thumb Code    40  netifapi.o(.text)
    netifapi_netif_common                    0x0800e95b   Thumb Code    36  netifapi.o(.text)
    lwip_socket_init                         0x0800e983   Thumb Code    24  sockets.o(.text)
    lwip_get_error                           0x0800ea59   Thumb Code    16  sockets.o(.text)
    lwip_accept                              0x0800eb97   Thumb Code   382  sockets.o(.text)
    lwip_bind                                0x0800ed15   Thumb Code   180  sockets.o(.text)
    lwip_close                               0x0800edc9   Thumb Code    78  sockets.o(.text)
    lwip_connect                             0x0800ee17   Thumb Code   170  sockets.o(.text)
    lwip_listen                              0x0800eec1   Thumb Code   108  sockets.o(.text)
    lwip_recvfrom                            0x0800ef2d   Thumb Code   512  sockets.o(.text)
    lwip_read                                0x0800f12d   Thumb Code    26  sockets.o(.text)
    lwip_recv                                0x0800f147   Thumb Code    34  sockets.o(.text)
    lwip_sendto                              0x0800f169   Thumb Code   238  sockets.o(.text)
    lwip_send                                0x0800f257   Thumb Code   132  sockets.o(.text)
    lwip_socket                              0x0800f2db   Thumb Code   154  sockets.o(.text)
    lwip_write                               0x0800f375   Thumb Code    22  sockets.o(.text)
    lwip_select                              0x0800f465   Thumb Code   490  sockets.o(.text)
    lwip_shutdown                            0x0800f64f   Thumb Code    14  sockets.o(.text)
    lwip_getpeername                         0x0800f6db   Thumb Code    22  sockets.o(.text)
    lwip_getsockname                         0x0800f6f1   Thumb Code    22  sockets.o(.text)
    lwip_getsockopt                          0x0800f84f   Thumb Code   354  sockets.o(.text)
    lwip_setsockopt                          0x0800fac9   Thumb Code   330  sockets.o(.text)
    lwip_ioctl                               0x0800fc13   Thumb Code   214  sockets.o(.text)
    tcp_timer_needed                         0x0800fd1b   Thumb Code    38  tcpip.o(.text)
    tcpip_input                              0x0800fe65   Thumb Code    72  tcpip.o(.text)
    tcpip_callback_with_block                0x0800fead   Thumb Code    92  tcpip.o(.text)
    tcpip_timeout                            0x0800ff09   Thumb Code    64  tcpip.o(.text)
    tcpip_untimeout                          0x0800ff49   Thumb Code    56  tcpip.o(.text)
    tcpip_apimsg                             0x0800ff81   Thumb Code    52  tcpip.o(.text)
    tcpip_netifapi                           0x0800ffb5   Thumb Code    78  tcpip.o(.text)
    tcpip_init                               0x08010003   Thumb Code    48  tcpip.o(.text)
    pbuf_free_callback                       0x08010041   Thumb Code    16  tcpip.o(.text)
    mem_free_callback                        0x08010051   Thumb Code    16  tcpip.o(.text)
    sys_init                                 0x0801009f   Thumb Code     2  sys_arch.o(.text)
    sys_sem_new                              0x080100a1   Thumb Code    44  sys_arch.o(.text)
    sys_sem_free                             0x080100cd   Thumb Code    12  sys_arch.o(.text)
    sys_sem_signal                           0x080100d9   Thumb Code    12  sys_arch.o(.text)
    sys_arch_sem_wait                        0x080100e5   Thumb Code    80  sys_arch.o(.text)
    sys_mbox_new                             0x08010135   Thumb Code    44  sys_arch.o(.text)
    sys_mbox_free                            0x08010161   Thumb Code    12  sys_arch.o(.text)
    sys_mbox_post                            0x0801016d   Thumb Code    20  sys_arch.o(.text)
    sys_mbox_trypost                         0x08010181   Thumb Code    26  sys_arch.o(.text)
    sys_arch_mbox_fetch                      0x0801019b   Thumb Code    84  sys_arch.o(.text)
    sys_arch_mbox_tryfetch                   0x080101ef   Thumb Code    34  sys_arch.o(.text)
    sys_arch_timeouts                        0x08010211   Thumb Code    30  sys_arch.o(.text)
    sys_thread_new                           0x0801022f   Thumb Code   130  sys_arch.o(.text)
    sys_arch_protect                         0x080102b1   Thumb Code    16  sys_arch.o(.text)
    sys_arch_unprotect                       0x080102c1   Thumb Code    16  sys_arch.o(.text)
    sys_arch_assert                          0x080102d1   Thumb Code    48  sys_arch.o(.text)
    lwip_system_init                         0x08010447   Thumb Code   108  sys_arch_init.o(.text)
    lwip_sys_init                            0x080104b3   Thumb Code     8  sys_arch_init.o(.text)
    dns_setserver                            0x080104df   Thumb Code    28  dns.o(.text)
    dns_init                                 0x080106c3   Thumb Code    68  dns.o(.text)
    dns_getserver                            0x08010707   Thumb Code    28  dns.o(.text)
    dns_tmr                                  0x0801091f   Thumb Code    14  dns.o(.text)
    dns_gethostbyname                        0x08010a3b   Thumb Code   106  dns.o(.text)
    lwip_init                                0x08010ac3   Thumb Code    16  init.o(.text)
    memp_malloc                              0x08010ad7   Thumb Code    70  memp.o(.text)
    memp_free                                0x08010b1d   Thumb Code    42  memp.o(.text)
    netif_set_gw                             0x08010b53   Thumb Code    12  netif.o(.text)
    netif_set_netmask                        0x08010b5f   Thumb Code    12  netif.o(.text)
    netif_set_ipaddr                         0x08010b6b   Thumb Code   110  netif.o(.text)
    netif_set_addr                           0x08010bd9   Thumb Code    40  netif.o(.text)
    netif_add                                0x08010c01   Thumb Code    98  netif.o(.text)
    netif_set_default                        0x08010c63   Thumb Code     6  netif.o(.text)
    netif_remove                             0x08010c69   Thumb Code    74  netif.o(.text)
    netif_find                               0x08010cb3   Thumb Code    64  netif.o(.text)
    netif_set_up                             0x08010cf3   Thumb Code    56  netif.o(.text)
    netif_set_down                           0x08010d2b   Thumb Code    38  netif.o(.text)
    netif_is_up                              0x08010d51   Thumb Code    12  netif.o(.text)
    netif_set_link_up                        0x08010d5d   Thumb Code    68  netif.o(.text)
    netif_set_link_down                      0x08010da1   Thumb Code    28  netif.o(.text)
    netif_is_link_up                         0x08010dbd   Thumb Code    12  netif.o(.text)
    netif_set_link_callback                  0x08010dc9   Thumb Code     6  netif.o(.text)
    netif_poll                               0x08010dcf   Thumb Code    96  netif.o(.text)
    netif_loop_output                        0x08010e2f   Thumb Code   118  netif.o(.text)
    pbuf_free                                0x08010f2b   Thumb Code   122  pbuf.o(.text)
    pbuf_alloc                               0x08010fa5   Thumb Code   420  pbuf.o(.text)
    pbuf_realloc                             0x08011149   Thumb Code   118  pbuf.o(.text)
    pbuf_header                              0x080111bf   Thumb Code   126  pbuf.o(.text)
    pbuf_clen                                0x0801123d   Thumb Code    18  pbuf.o(.text)
    pbuf_ref                                 0x0801124f   Thumb Code    26  pbuf.o(.text)
    pbuf_cat                                 0x08011269   Thumb Code    56  pbuf.o(.text)
    pbuf_chain                               0x080112a1   Thumb Code    36  pbuf.o(.text)
    pbuf_dechain                             0x080112c5   Thumb Code    56  pbuf.o(.text)
    pbuf_copy                                0x080112fd   Thumb Code   182  pbuf.o(.text)
    pbuf_copy_partial                        0x080113b3   Thumb Code   146  pbuf.o(.text)
    pbuf_take                                0x08011445   Thumb Code   116  pbuf.o(.text)
    pbuf_coalesce                            0x080114b9   Thumb Code    60  pbuf.o(.text)
    raw_input                                0x080114f7   Thumb Code   100  raw.o(.text)
    raw_bind                                 0x0801155b   Thumb Code    16  raw.o(.text)
    raw_connect                              0x0801156b   Thumb Code    16  raw.o(.text)
    raw_recv                                 0x0801157b   Thumb Code     6  raw.o(.text)
    raw_sendto                               0x08011581   Thumb Code   152  raw.o(.text)
    raw_send                                 0x08011619   Thumb Code    18  raw.o(.text)
    raw_remove                               0x0801162b   Thumb Code    60  raw.o(.text)
    raw_new                                  0x08011667   Thumb Code    42  raw.o(.text)
    sys_mbox_fetch                           0x08011697   Thumb Code   124  sys.o(.text)
    sys_sem_wait                             0x08011713   Thumb Code   116  sys.o(.text)
    sys_timeout                              0x08011787   Thumb Code   152  sys.o(.text)
    sys_untimeout                            0x0801181f   Thumb Code    98  sys.o(.text)
    sys_sem_wait_timeout                     0x08011895   Thumb Code    58  sys.o(.text)
    sys_msleep                               0x080118cf   Thumb Code    28  sys.o(.text)
    tcp_seg_free                             0x080118f3   Thumb Code    32  tcp.o(.text)
    tcp_segs_free                            0x08011913   Thumb Code    30  tcp.o(.text)
    tcp_pcb_purge                            0x08011931   Thumb Code    76  tcp.o(.text)
    tcp_slowtmr                              0x0801197d   Thumb Code   752  tcp.o(.text)
    tcp_pcb_remove                           0x08011c6d   Thumb Code   150  tcp.o(.text)
    tcp_close                                0x08011d03   Thumb Code   268  tcp.o(.text)
    tcp_update_rcv_ann_wnd                   0x08011e0f   Thumb Code    70  tcp.o(.text)
    tcp_recved                               0x08011e55   Thumb Code    68  tcp.o(.text)
    tcp_recv_null                            0x08011e99   Thumb Code    46  tcp.o(.text)
    tcp_fasttmr                              0x08011ec7   Thumb Code   122  tcp.o(.text)
    tcp_tmr                                  0x08011f41   Thumb Code    30  tcp.o(.text)
    tcp_abandon                              0x08011f5f   Thumb Code   156  tcp.o(.text)
    tcp_bind                                 0x08012063   Thumb Code   232  tcp.o(.text)
    tcp_listen_with_backlog                  0x08012153   Thumb Code   220  tcp.o(.text)
    tcp_eff_send_mss                         0x0801222f   Thumb Code    46  tcp.o(.text)
    tcp_next_iss                             0x0801225d   Thumb Code    20  tcp.o(.text)
    tcp_connect                              0x08012271   Thumb Code   266  tcp.o(.text)
    tcp_setprio                              0x0801237b   Thumb Code     4  tcp.o(.text)
    tcp_seg_copy                             0x0801237f   Thumb Code    38  tcp.o(.text)
    tcp_alloc                                0x08012427   Thumb Code   194  tcp.o(.text)
    tcp_new                                  0x080124e9   Thumb Code    10  tcp.o(.text)
    tcp_arg                                  0x080124f3   Thumb Code     4  tcp.o(.text)
    tcp_recv                                 0x080124f7   Thumb Code     6  tcp.o(.text)
    tcp_sent                                 0x080124fd   Thumb Code     6  tcp.o(.text)
    tcp_err                                  0x08012503   Thumb Code     6  tcp.o(.text)
    tcp_accept                               0x08012509   Thumb Code     4  tcp.o(.text)
    tcp_poll                                 0x0801250d   Thumb Code    10  tcp.o(.text)
    tcp_debug_state_str                      0x08012517   Thumb Code    10  tcp.o(.text)
    tcp_input                                0x08013783   Thumb Code  1128  tcp_in.o(.text)
    tcp_enqueue                              0x08013ca5   Thumb Code  1012  tcp_out.o(.text)
    tcp_send_ctrl                            0x08014099   Thumb Code    28  tcp_out.o(.text)
    tcp_write                                0x080140b5   Thumb Code    70  tcp_out.o(.text)
    tcp_send_empty_ack                       0x080140fb   Thumb Code    94  tcp_out.o(.text)
    tcp_output                               0x08014217   Thumb Code   474  tcp_out.o(.text)
    tcp_rst                                  0x080143f1   Thumb Code   174  tcp_out.o(.text)
    tcp_rexmit_rto                           0x0801449f   Thumb Code    58  tcp_out.o(.text)
    tcp_rexmit                               0x080144d9   Thumb Code    80  tcp_out.o(.text)
    tcp_rexmit_fast                          0x08014529   Thumb Code   134  tcp_out.o(.text)
    tcp_keepalive                            0x080145af   Thumb Code    82  tcp_out.o(.text)
    tcp_zero_window_probe                    0x08014601   Thumb Code   172  tcp_out.o(.text)
    udp_input                                0x080146af   Thumb Code   394  udp.o(.text)
    udp_bind                                 0x08014839   Thumb Code   106  udp.o(.text)
    udp_sendto_if                            0x080148a3   Thumb Code   202  udp.o(.text)
    udp_sendto                               0x0801496d   Thumb Code    46  udp.o(.text)
    udp_send                                 0x0801499b   Thumb Code    20  udp.o(.text)
    udp_connect                              0x080149af   Thumb Code    94  udp.o(.text)
    udp_disconnect                           0x08014a0d   Thumb Code    28  udp.o(.text)
    udp_recv                                 0x08014a29   Thumb Code     6  udp.o(.text)
    udp_remove                               0x08014a2f   Thumb Code    60  udp.o(.text)
    udp_new                                  0x08014a6b   Thumb Code    28  udp.o(.text)
    icmp_input                               0x08014a93   Thumb Code   410  icmp.o(.text)
    icmp_dest_unreach                        0x08014c9b   Thumb Code    18  icmp.o(.text)
    icmp_time_exceeded                       0x08014cad   Thumb Code    18  icmp.o(.text)
    htonl                                    0x08014cc1   Thumb Code    26  inet.o(.text)
    inet_aton                                0x08014cdb   Thumb Code   336  inet.o(.text)
    inet_addr                                0x08014e2b   Thumb Code    24  inet.o(.text)
    inet_ntoa                                0x08014e43   Thumb Code   112  inet.o(.text)
    htons                                    0x08014eb3   Thumb Code    12  inet.o(.text)
    ntohs                                    0x08014ebf   Thumb Code    12  inet.o(.text)
    ntohl                                    0x08014ecb   Thumb Code    12  inet.o(.text)
    inet_chksum_pseudo                       0x08014f27   Thumb Code   162  inet_chksum.o(.text)
    inet_chksum                              0x08014fc9   Thumb Code    20  inet_chksum.o(.text)
    inet_chksum_pbuf                         0x08014fdd   Thumb Code    86  inet_chksum.o(.text)
    ip_route                                 0x08015037   Thumb Code    70  ip.o(.text)
    ip_input                                 0x0801507d   Thumb Code   394  ip.o(.text)
    ip_output_if                             0x08015207   Thumb Code   268  ip.o(.text)
    ip_output                                0x08015313   Thumb Code    52  ip.o(.text)
    ip_addr_isbroadcast                      0x0801535d   Thumb Code    78  ip_addr.o(.text)
    ip_reass_tmr                             0x08015459   Thumb Code    48  ip_frag.o(.text)
    ip_reass                                 0x080156a9   Thumb Code   406  ip_frag.o(.text)
    ip_frag                                  0x0801583f   Thumb Code   326  ip_frag.o(.text)
    etharp_tmr                               0x080159b9   Thumb Code   154  etharp.o(.text)
    etharp_find_addr                         0x08015d5f   Thumb Code    88  etharp.o(.text)
    etharp_ip_input                          0x08015db7   Thumb Code    60  etharp.o(.text)
    etharp_arp_input                         0x08015df3   Thumb Code   306  etharp.o(.text)
    etharp_request                           0x08015fdf   Thumb Code    36  etharp.o(.text)
    etharp_query                             0x08016003   Thumb Code   388  etharp.o(.text)
    etharp_output                            0x08016187   Thumb Code   190  etharp.o(.text)
    ethernet_input                           0x08016245   Thumb Code   110  etharp.o(.text)
    ethernetif_linkoutput                    0x080162c3   Thumb Code    42  ethernetif.o(.text)
    eth_device_init                          0x080162ed   Thumb Code   124  ethernetif.o(.text)
    eth_tx_thread_entry                      0x08016369   Thumb Code   112  ethernetif.o(.text)
    eth_rx_thread_entry                      0x080163d9   Thumb Code   128  ethernetif.o(.text)
    eth_rx_ready                             0x08016459   Thumb Code    14  ethernetif.o(.text)
    eth_device_ready                         0x08016467   Thumb Code    12  ethernetif.o(.text)
    eth_device_linkchange                    0x08016473   Thumb Code    78  ethernetif.o(.text)
    eth_system_device_init                   0x080164c1   Thumb Code   274  ethernetif.o(.text)
    set_if                                   0x080165d3   Thumb Code   140  ethernetif.o(.text)
    set_dns                                  0x0801665f   Thumb Code    26  ethernetif.o(.text)
    list_if                                  0x08016679   Thumb Code   710  ethernetif.o(.text)
    list_tcps                                0x0801693f   Thumb Code   192  ethernetif.o(.text)
    SystemInit                               0x08016c15   Thumb Code    92  system_stm32f10x.o(.text)
    SystemCoreClockUpdate                    0x08016c71   Thumb Code   232  system_stm32f10x.o(.text)
    RCC_DeInit                               0x08016d89   Thumb Code    78  stm32f10x_rcc.o(.text)
    RCC_HSEConfig                            0x08016dd7   Thumb Code   100  stm32f10x_rcc.o(.text)
    RCC_GetFlagStatus                        0x08016e3b   Thumb Code   126  stm32f10x_rcc.o(.text)
    RCC_WaitForHSEStartUp                    0x08016eb9   Thumb Code    48  stm32f10x_rcc.o(.text)
    RCC_AdjustHSICalibrationValue            0x08016ee9   Thumb Code    38  stm32f10x_rcc.o(.text)
    RCC_HSICmd                               0x08016f0f   Thumb Code    28  stm32f10x_rcc.o(.text)
    RCC_PLLConfig                            0x08016f2b   Thumb Code   102  stm32f10x_rcc.o(.text)
    RCC_PLLCmd                               0x08016f91   Thumb Code    28  stm32f10x_rcc.o(.text)
    RCC_PREDIV1Config                        0x08016fad   Thumb Code   122  stm32f10x_rcc.o(.text)
    RCC_PREDIV2Config                        0x08017027   Thumb Code    94  stm32f10x_rcc.o(.text)
    RCC_PLL2Config                           0x08017085   Thumb Code    86  stm32f10x_rcc.o(.text)
    RCC_PLL2Cmd                              0x080170db   Thumb Code    28  stm32f10x_rcc.o(.text)
    RCC_PLL3Config                           0x080170f7   Thumb Code    86  stm32f10x_rcc.o(.text)
    RCC_PLL3Cmd                              0x0801714d   Thumb Code   108  stm32f10x_rcc.o(.text)
    RCC_SYSCLKConfig                         0x080171b9   Thumb Code    44  stm32f10x_rcc.o(.text)
    RCC_GetSYSCLKSource                      0x080171e5   Thumb Code    10  stm32f10x_rcc.o(.text)
    RCC_HCLKConfig                           0x080171ef   Thumb Code    68  stm32f10x_rcc.o(.text)
    RCC_PCLK1Config                          0x08017233   Thumb Code    60  stm32f10x_rcc.o(.text)
    RCC_PCLK2Config                          0x0801726f   Thumb Code    62  stm32f10x_rcc.o(.text)
    RCC_ITConfig                             0x080172ad   Thumb Code    78  stm32f10x_rcc.o(.text)
    RCC_OTGFSCLKConfig                       0x080172fb   Thumb Code    30  stm32f10x_rcc.o(.text)
    RCC_ADCCLKConfig                         0x08017319   Thumb Code    54  stm32f10x_rcc.o(.text)
    RCC_I2S2CLKConfig                        0x0801734f   Thumb Code    30  stm32f10x_rcc.o(.text)
    RCC_I2S3CLKConfig                        0x0801736d   Thumb Code    30  stm32f10x_rcc.o(.text)
    RCC_LSEConfig                            0x0801738b   Thumb Code    72  stm32f10x_rcc.o(.text)
    RCC_LSICmd                               0x080173d3   Thumb Code    30  stm32f10x_rcc.o(.text)
    RCC_RTCCLKConfig                         0x080173f1   Thumb Code    48  stm32f10x_rcc.o(.text)
    RCC_RTCCLKCmd                            0x08017421   Thumb Code    30  stm32f10x_rcc.o(.text)
    RCC_GetClocksFreq                        0x0801743f   Thumb Code   422  stm32f10x_rcc.o(.text)
    RCC_AHBPeriphClockCmd                    0x080175e5   Thumb Code    74  stm32f10x_rcc.o(.text)
    RCC_APB2PeriphClockCmd                   0x0801762f   Thumb Code    74  stm32f10x_rcc.o(.text)
    RCC_APB1PeriphClockCmd                   0x08017679   Thumb Code    74  stm32f10x_rcc.o(.text)
    RCC_AHBPeriphResetCmd                    0x080176c3   Thumb Code    74  stm32f10x_rcc.o(.text)
    RCC_APB2PeriphResetCmd                   0x0801770d   Thumb Code    74  stm32f10x_rcc.o(.text)
    RCC_APB1PeriphResetCmd                   0x08017757   Thumb Code    74  stm32f10x_rcc.o(.text)
    RCC_BackupResetCmd                       0x080177a1   Thumb Code    30  stm32f10x_rcc.o(.text)
    RCC_ClockSecuritySystemCmd               0x080177bf   Thumb Code    30  stm32f10x_rcc.o(.text)
    RCC_MCOConfig                            0x080177dd   Thumb Code    58  stm32f10x_rcc.o(.text)
    RCC_ClearFlag                            0x08017817   Thumb Code    14  stm32f10x_rcc.o(.text)
    RCC_GetITStatus                          0x08017825   Thumb Code    70  stm32f10x_rcc.o(.text)
    RCC_ClearITPendingBit                    0x0801786b   Thumb Code    26  stm32f10x_rcc.o(.text)
    GPIO_DeInit                              0x0801789d   Thumb Code   224  stm32f10x_gpio.o(.text)
    GPIO_AFIODeInit                          0x0801797d   Thumb Code    20  stm32f10x_gpio.o(.text)
    GPIO_Init                                0x08017991   Thumb Code   382  stm32f10x_gpio.o(.text)
    GPIO_StructInit                          0x08017b0f   Thumb Code    16  stm32f10x_gpio.o(.text)
    GPIO_ReadInputDataBit                    0x08017b1f   Thumb Code   170  stm32f10x_gpio.o(.text)
    GPIO_ReadInputData                       0x08017bc9   Thumb Code    64  stm32f10x_gpio.o(.text)
    GPIO_ReadOutputDataBit                   0x08017c09   Thumb Code   260  stm32f10x_gpio.o(.text)
    GPIO_ReadOutputData                      0x08017d0d   Thumb Code    66  stm32f10x_gpio.o(.text)
    GPIO_SetBits                             0x08017d4f   Thumb Code    86  stm32f10x_gpio.o(.text)
    GPIO_ResetBits                           0x08017da5   Thumb Code    86  stm32f10x_gpio.o(.text)
    GPIO_WriteBit                            0x08017dfb   Thumb Code   188  stm32f10x_gpio.o(.text)
    GPIO_Write                               0x08017eb7   Thumb Code    66  stm32f10x_gpio.o(.text)
    GPIO_PinLockConfig                       0x08017ef9   Thumb Code   100  stm32f10x_gpio.o(.text)
    GPIO_EventOutputConfig                   0x08017f5d   Thumb Code   138  stm32f10x_gpio.o(.text)
    GPIO_EventOutputCmd                      0x08017fe7   Thumb Code    30  stm32f10x_gpio.o(.text)
    GPIO_PinRemapConfig                      0x08018005   Thumb Code   540  stm32f10x_gpio.o(.text)
    GPIO_EXTILineConfig                      0x08018221   Thumb Code   186  stm32f10x_gpio.o(.text)
    GPIO_ETH_MediaInterfaceConfig            0x080182db   Thumb Code    30  stm32f10x_gpio.o(.text)
    USART_DeInit                             0x08018309   Thumb Code   174  stm32f10x_usart.o(.text)
    USART_Init                               0x080183b7   Thumb Code   450  stm32f10x_usart.o(.text)
    USART_StructInit                         0x08018579   Thumb Code    24  stm32f10x_usart.o(.text)
    USART_ClockInit                          0x08018591   Thumb Code   162  stm32f10x_usart.o(.text)
    USART_ClockStructInit                    0x08018633   Thumb Code    12  stm32f10x_usart.o(.text)
    USART_Cmd                                0x0801863f   Thumb Code    90  stm32f10x_usart.o(.text)
    USART_ITConfig                           0x08018699   Thumb Code   338  stm32f10x_usart.o(.text)
    USART_DMACmd                             0x080187eb   Thumb Code   118  stm32f10x_usart.o(.text)
    USART_SetAddress                         0x08018861   Thumb Code    86  stm32f10x_usart.o(.text)
    USART_WakeUpConfig                       0x080188b7   Thumb Code    90  stm32f10x_usart.o(.text)
    USART_ReceiverWakeUpCmd                  0x08018911   Thumb Code    94  stm32f10x_usart.o(.text)
    USART_LINBreakDetectLengthConfig         0x0801896f   Thumb Code    88  stm32f10x_usart.o(.text)
    USART_LINCmd                             0x080189c7   Thumb Code    94  stm32f10x_usart.o(.text)
    USART_SendData                           0x08018a25   Thumb Code    78  stm32f10x_usart.o(.text)
    USART_ReceiveData                        0x08018a73   Thumb Code    56  stm32f10x_usart.o(.text)
    USART_SendBreak                          0x08018aab   Thumb Code    58  stm32f10x_usart.o(.text)
    USART_SetGuardTime                       0x08018ae5   Thumb Code    54  stm32f10x_usart.o(.text)
    USART_SetPrescaler                       0x08018b1b   Thumb Code    66  stm32f10x_usart.o(.text)
    USART_SmartCardCmd                       0x08018b5d   Thumb Code   104  stm32f10x_usart.o(.text)
    USART_SmartCardNACKCmd                   0x08018bc5   Thumb Code    82  stm32f10x_usart.o(.text)
    USART_HalfDuplexCmd                      0x08018c17   Thumb Code    94  stm32f10x_usart.o(.text)
    USART_OverSampling8Cmd                   0x08018c75   Thumb Code    92  stm32f10x_usart.o(.text)
    USART_OneBitMethodCmd                    0x08018cd1   Thumb Code    94  stm32f10x_usart.o(.text)
    USART_IrDAConfig                         0x08018d2f   Thumb Code    88  stm32f10x_usart.o(.text)
    USART_IrDACmd                            0x08018d87   Thumb Code    94  stm32f10x_usart.o(.text)
    USART_GetFlagStatus                      0x08018de5   Thumb Code   164  stm32f10x_usart.o(.text)
    USART_ClearFlag                          0x08018e89   Thumb Code   122  stm32f10x_usart.o(.text)
    USART_GetITStatus                        0x08018f03   Thumb Code   276  stm32f10x_usart.o(.text)
    USART_ClearITPendingBit                  0x08019017   Thumb Code   156  stm32f10x_usart.o(.text)
    DMA_DeInit                               0x080190c9   Thumb Code   426  stm32f10x_dma.o(.text)
    DMA_Init                                 0x08019273   Thumb Code   388  stm32f10x_dma.o(.text)
    DMA_StructInit                           0x080193f7   Thumb Code    26  stm32f10x_dma.o(.text)
    DMA_Cmd                                  0x08019411   Thumb Code   152  stm32f10x_dma.o(.text)
    DMA_ITConfig                             0x080194a9   Thumb Code   250  stm32f10x_dma.o(.text)
    DMA_SetCurrDataCounter                   0x080195a3   Thumb Code   116  stm32f10x_dma.o(.text)
    DMA_GetCurrDataCounter                   0x08019617   Thumb Code   116  stm32f10x_dma.o(.text)
    DMA_GetFlagStatus                        0x0801968b   Thumb Code   324  stm32f10x_dma.o(.text)
    DMA_ClearFlag                            0x080197cf   Thumb Code    52  stm32f10x_dma.o(.text)
    DMA_GetITStatus                          0x08019803   Thumb Code   384  stm32f10x_dma.o(.text)
    DMA_ClearITPendingBit                    0x08019983   Thumb Code    50  stm32f10x_dma.o(.text)
    NVIC_PriorityGroupConfig                 0x080199c5   Thumb Code    54  misc.o(.text)
    NVIC_Init                                0x080199fb   Thumb Code   176  misc.o(.text)
    NVIC_SetVectorTable                      0x08019aab   Thumb Code    58  misc.o(.text)
    NVIC_SystemLPConfig                      0x08019ae5   Thumb Code    82  misc.o(.text)
    SysTick_CLKSourceConfig                  0x08019b37   Thumb Code    62  misc.o(.text)
    Reset_Handler                            0x08019bc5   Thumb Code     8  startup_stm32f10x_cl.o(.text)
    ADC1_2_IRQHandler                        0x08019bdf   Thumb Code     0  startup_stm32f10x_cl.o(.text)
    CAN1_RX0_IRQHandler                      0x08019bdf   Thumb Code     0  startup_stm32f10x_cl.o(.text)
    CAN1_RX1_IRQHandler                      0x08019bdf   Thumb Code     0  startup_stm32f10x_cl.o(.text)
    CAN1_SCE_IRQHandler                      0x08019bdf   Thumb Code     0  startup_stm32f10x_cl.o(.text)
    CAN1_TX_IRQHandler                       0x08019bdf   Thumb Code     0  startup_stm32f10x_cl.o(.text)
    CAN2_RX0_IRQHandler                      0x08019bdf   Thumb Code     0  startup_stm32f10x_cl.o(.text)
    CAN2_RX1_IRQHandler                      0x08019bdf   Thumb Code     0  startup_stm32f10x_cl.o(.text)
    CAN2_SCE_IRQHandler                      0x08019bdf   Thumb Code     0  startup_stm32f10x_cl.o(.text)
    CAN2_TX_IRQHandler                       0x08019bdf   Thumb Code     0  startup_stm32f10x_cl.o(.text)
    DMA1_Channel1_IRQHandler                 0x08019bdf   Thumb Code     0  startup_stm32f10x_cl.o(.text)
    DMA1_Channel2_IRQHandler                 0x08019bdf   Thumb Code     0  startup_stm32f10x_cl.o(.text)
    DMA1_Channel3_IRQHandler                 0x08019bdf   Thumb Code     0  startup_stm32f10x_cl.o(.text)
    DMA1_Channel4_IRQHandler                 0x08019bdf   Thumb Code     0  startup_stm32f10x_cl.o(.text)
    DMA1_Channel5_IRQHandler                 0x08019bdf   Thumb Code     0  startup_stm32f10x_cl.o(.text)
    DMA1_Channel6_IRQHandler                 0x08019bdf   Thumb Code     0  startup_stm32f10x_cl.o(.text)
    DMA1_Channel7_IRQHandler                 0x08019bdf   Thumb Code     0  startup_stm32f10x_cl.o(.text)
    DMA2_Channel1_IRQHandler                 0x08019bdf   Thumb Code     0  startup_stm32f10x_cl.o(.text)
    DMA2_Channel2_IRQHandler                 0x08019bdf   Thumb Code     0  startup_stm32f10x_cl.o(.text)
    DMA2_Channel3_IRQHandler                 0x08019bdf   Thumb Code     0  startup_stm32f10x_cl.o(.text)
    DMA2_Channel4_IRQHandler                 0x08019bdf   Thumb Code     0  startup_stm32f10x_cl.o(.text)
    DMA2_Channel5_IRQHandler                 0x08019bdf   Thumb Code     0  startup_stm32f10x_cl.o(.text)
    ETH_WKUP_IRQHandler                      0x08019bdf   Thumb Code     0  startup_stm32f10x_cl.o(.text)
    EXTI0_IRQHandler                         0x08019bdf   Thumb Code     0  startup_stm32f10x_cl.o(.text)
    EXTI15_10_IRQHandler                     0x08019bdf   Thumb Code     0  startup_stm32f10x_cl.o(.text)
    EXTI1_IRQHandler                         0x08019bdf   Thumb Code     0  startup_stm32f10x_cl.o(.text)
    EXTI2_IRQHandler                         0x08019bdf   Thumb Code     0  startup_stm32f10x_cl.o(.text)
    EXTI3_IRQHandler                         0x08019bdf   Thumb Code     0  startup_stm32f10x_cl.o(.text)
    EXTI4_IRQHandler                         0x08019bdf   Thumb Code     0  startup_stm32f10x_cl.o(.text)
    EXTI9_5_IRQHandler                       0x08019bdf   Thumb Code     0  startup_stm32f10x_cl.o(.text)
    FLASH_IRQHandler                         0x08019bdf   Thumb Code     0  startup_stm32f10x_cl.o(.text)
    I2C1_ER_IRQHandler                       0x08019bdf   Thumb Code     0  startup_stm32f10x_cl.o(.text)
    I2C1_EV_IRQHandler                       0x08019bdf   Thumb Code     0  startup_stm32f10x_cl.o(.text)
    I2C2_ER_IRQHandler                       0x08019bdf   Thumb Code     0  startup_stm32f10x_cl.o(.text)
    I2C2_EV_IRQHandler                       0x08019bdf   Thumb Code     0  startup_stm32f10x_cl.o(.text)
    OTG_FS_IRQHandler                        0x08019bdf   Thumb Code     0  startup_stm32f10x_cl.o(.text)
    OTG_FS_WKUP_IRQHandler                   0x08019bdf   Thumb Code     0  startup_stm32f10x_cl.o(.text)
    PVD_IRQHandler                           0x08019bdf   Thumb Code     0  startup_stm32f10x_cl.o(.text)
    RCC_IRQHandler                           0x08019bdf   Thumb Code     0  startup_stm32f10x_cl.o(.text)
    RTCAlarm_IRQHandler                      0x08019bdf   Thumb Code     0  startup_stm32f10x_cl.o(.text)
    RTC_IRQHandler                           0x08019bdf   Thumb Code     0  startup_stm32f10x_cl.o(.text)
    SPI1_IRQHandler                          0x08019bdf   Thumb Code     0  startup_stm32f10x_cl.o(.text)
    SPI2_IRQHandler                          0x08019bdf   Thumb Code     0  startup_stm32f10x_cl.o(.text)
    SPI3_IRQHandler                          0x08019bdf   Thumb Code     0  startup_stm32f10x_cl.o(.text)
    TAMPER_IRQHandler                        0x08019bdf   Thumb Code     0  startup_stm32f10x_cl.o(.text)
    TIM1_BRK_IRQHandler                      0x08019bdf   Thumb Code     0  startup_stm32f10x_cl.o(.text)
    TIM1_CC_IRQHandler                       0x08019bdf   Thumb Code     0  startup_stm32f10x_cl.o(.text)
    TIM1_TRG_COM_IRQHandler                  0x08019bdf   Thumb Code     0  startup_stm32f10x_cl.o(.text)
    TIM1_UP_IRQHandler                       0x08019bdf   Thumb Code     0  startup_stm32f10x_cl.o(.text)
    TIM2_IRQHandler                          0x08019bdf   Thumb Code     0  startup_stm32f10x_cl.o(.text)
    TIM3_IRQHandler                          0x08019bdf   Thumb Code     0  startup_stm32f10x_cl.o(.text)
    TIM4_IRQHandler                          0x08019bdf   Thumb Code     0  startup_stm32f10x_cl.o(.text)
    TIM5_IRQHandler                          0x08019bdf   Thumb Code     0  startup_stm32f10x_cl.o(.text)
    TIM6_IRQHandler                          0x08019bdf   Thumb Code     0  startup_stm32f10x_cl.o(.text)
    TIM7_IRQHandler                          0x08019bdf   Thumb Code     0  startup_stm32f10x_cl.o(.text)
    UART4_IRQHandler                         0x08019bdf   Thumb Code     0  startup_stm32f10x_cl.o(.text)
    UART5_IRQHandler                         0x08019bdf   Thumb Code     0  startup_stm32f10x_cl.o(.text)
    WWDG_IRQHandler                          0x08019bdf   Thumb Code     0  startup_stm32f10x_cl.o(.text)
    __user_initial_stackheap                 0x08019be1   Thumb Code     0  startup_stm32f10x_cl.o(.text)
    udp_send_demo                            0x08019c05   Thumb Code   106  network.o(.text)
    udp_recv_demo                            0x08019c6f   Thumb Code   142  network.o(.text)
    __rt_ctype_table                         0x08019d5d   Thumb Code    16  rt_ctype_table.o(.text)
    atoi                                     0x08019d6d   Thumb Code    26  atoi.o(.text)
    strcpy                                   0x08019d87   Thumb Code    72  strcpy.o(.text)
    strlen                                   0x08019dcf   Thumb Code    62  strlen.o(.text)
    strncmp                                  0x08019e0d   Thumb Code   140  strncmp.o(.text)
    __aeabi_memcpy                           0x08019e99   Thumb Code     0  rt_memcpy_v6.o(.text)
    __rt_memcpy                              0x08019e99   Thumb Code   138  rt_memcpy_v6.o(.text)
    _memcpy_lastbytes                        0x08019eff   Thumb Code     0  rt_memcpy_v6.o(.text)
    __aeabi_memcpy4                          0x08019f23   Thumb Code     0  rt_memcpy_w.o(.text)
    __aeabi_memcpy8                          0x08019f23   Thumb Code     0  rt_memcpy_w.o(.text)
    __rt_memcpy_w                            0x08019f23   Thumb Code   100  rt_memcpy_w.o(.text)
    _memcpy_lastbytes_aligned                0x08019f6b   Thumb Code     0  rt_memcpy_w.o(.text)
    __aeabi_memclr                           0x08019f87   Thumb Code     0  rt_memclr.o(.text)
    __rt_memclr                              0x08019f87   Thumb Code    68  rt_memclr.o(.text)
    _memset                                  0x08019f8b   Thumb Code     0  rt_memclr.o(.text)
    __aeabi_memclr4                          0x08019fcb   Thumb Code     0  rt_memclr_w.o(.text)
    __aeabi_memclr8                          0x08019fcb   Thumb Code     0  rt_memclr_w.o(.text)
    __rt_memclr_w                            0x08019fcb   Thumb Code    78  rt_memclr_w.o(.text)
    _memset_w                                0x08019fcf   Thumb Code     0  rt_memclr_w.o(.text)
    strncpy                                  0x0801a019   Thumb Code    86  strncpy.o(.text)
    __use_two_region_memory                  0x0801a06f   Thumb Code     2  heapauxi.o(.text)
    __rt_heap_escrow$2region                 0x0801a071   Thumb Code     2  heapauxi.o(.text)
    __rt_heap_expand$2region                 0x0801a073   Thumb Code     2  heapauxi.o(.text)
    __rt_locale                              0x0801a075   Thumb Code    12  rt_locale_intlibspace.o(.text)
    __aeabi_errno_addr                       0x0801a081   Thumb Code    12  rt_errno_addr_intlibspace.o(.text)
    __errno$intlibspace                      0x0801a081   Thumb Code     0  rt_errno_addr_intlibspace.o(.text)
    __rt_errno_addr$intlibspace              0x0801a081   Thumb Code     0  rt_errno_addr_intlibspace.o(.text)
    strtol                                   0x0801a08d   Thumb Code   112  strtol.o(.text)
    __user_libspace                          0x0801a0fd   Thumb Code     8  libspace.o(.text)
    __user_perproc_libspace                  0x0801a0fd   Thumb Code     0  libspace.o(.text)
    __user_perthread_libspace                0x0801a0fd   Thumb Code     0  libspace.o(.text)
    _strtoul                                 0x0801a105   Thumb Code   156  _strtoul.o(.text)
    __user_setup_stackheap                   0x0801a1a1   Thumb Code    74  sys_stackheap_outer.o(.text)
    _chval                                   0x0801a1eb   Thumb Code    32  _chval.o(.text)
    exit                                     0x0801a20b   Thumb Code    12  exit.o(.text)
    __rt_fp_status_addr                      0x0801a219   Thumb Code    12  rt_fp_status_addr_intlibspace.o(.text)
    _sys_exit                                0x0801a225   Thumb Code     8  sys_exit.o(.text)
    __I$use$semihosting                      0x0801a231   Thumb Code     0  use_no_semi.o(.text)
    __use_no_semihosting_swi                 0x0801a231   Thumb Code     2  use_no_semi.o(.text)
    _get_lc_ctype                            0x0801a235   Thumb Code    44  lc_ctype_c.o(locale$$code)
    _fp_init                                 0x0801a261   Thumb Code    14  fpinit.o(x$fpl$fpinit)
    __fplib_config_pureend_doubles           0x0801a26d   Thumb Code     0  fpinit.o(x$fpl$fpinit)
    __fsym_list_mem_name                     0x0801a59c   Data           9  mem.o(.constdata)
    __fsym_list_mem_desc                     0x0801a5a5   Data          30  mem.o(.constdata)
    rt_lowest_bitmap                         0x0801a798   Data         256  scheduler.o(.constdata)
    __fsym_mkfs_name                         0x0801aa22   Data           5  dfs_fs.o(.constdata)
    __fsym_mkfs_desc                         0x0801aa27   Data          19  dfs_fs.o(.constdata)
    __fsym_df_name                           0x0801aa3a   Data           3  dfs_fs.o(.constdata)
    __fsym_df_desc                           0x0801aa3d   Data          14  dfs_fs.o(.constdata)
    __fsym_ls_name                           0x0801aa68   Data           3  dfs_file.o(.constdata)
    __fsym_ls_desc                           0x0801aa6b   Data          24  dfs_file.o(.constdata)
    __fsym_rm_name                           0x0801aa83   Data           3  dfs_file.o(.constdata)
    __fsym_rm_desc                           0x0801aa86   Data          28  dfs_file.o(.constdata)
    __fsym_cat_name                          0x0801aaa2   Data           4  dfs_file.o(.constdata)
    __fsym_cat_desc                          0x0801aaa6   Data          11  dfs_file.o(.constdata)
    __fsym_copy_name                         0x0801aab1   Data           5  dfs_file.o(.constdata)
    __fsym_copy_desc                         0x0801aab6   Data          37  dfs_file.o(.constdata)
    __fsym_mkdir_name                        0x0801aadb   Data           6  dfs_posix.o(.constdata)
    __fsym_mkdir_desc                        0x0801aae1   Data          19  dfs_posix.o(.constdata)
    __fsym_hello_name                        0x0801aaf4   Data           6  cmd.o(.constdata)
    __fsym_hello_desc                        0x0801aafa   Data          16  cmd.o(.constdata)
    __fsym_version_name                      0x0801ab0a   Data           8  cmd.o(.constdata)
    __fsym_version_desc                      0x0801ab12   Data          35  cmd.o(.constdata)
    __fsym_list_thread_name                  0x0801ab35   Data          12  cmd.o(.constdata)
    __fsym_list_thread_desc                  0x0801ab41   Data          12  cmd.o(.constdata)
    __fsym_list_sem_name                     0x0801ab4d   Data           9  cmd.o(.constdata)
    __fsym_list_sem_desc                     0x0801ab56   Data          25  cmd.o(.constdata)
    __fsym_list_event_name                   0x0801ab6f   Data          11  cmd.o(.constdata)
    __fsym_list_event_desc                   0x0801ab7a   Data          21  cmd.o(.constdata)
    __fsym_list_mutex_name                   0x0801ab8f   Data          11  cmd.o(.constdata)
    __fsym_list_mutex_desc                   0x0801ab9a   Data          21  cmd.o(.constdata)
    __fsym_list_mailbox_name                 0x0801abaf   Data          13  cmd.o(.constdata)
    __fsym_list_mailbox_desc                 0x0801abbc   Data          24  cmd.o(.constdata)
    __fsym_list_msgqueue_name                0x0801abd4   Data          14  cmd.o(.constdata)
    __fsym_list_msgqueue_desc                0x0801abe2   Data          29  cmd.o(.constdata)
    __fsym_list_mempool_name                 0x0801abff   Data          13  cmd.o(.constdata)
    __fsym_list_mempool_desc                 0x0801ac0c   Data          27  cmd.o(.constdata)
    __fsym_list_timer_name                   0x0801ac27   Data          11  cmd.o(.constdata)
    __fsym_list_timer_desc                   0x0801ac32   Data          21  cmd.o(.constdata)
    __fsym_list_device_name                  0x0801ac47   Data          12  cmd.o(.constdata)
    __fsym_list_device_desc                  0x0801ac53   Data          22  cmd.o(.constdata)
    __fsym_list_name                         0x0801ac69   Data           5  cmd.o(.constdata)
    __fsym_list_desc                         0x0801ac6e   Data          26  cmd.o(.constdata)
    __vsym_dummy_name                        0x0801ac88   Data           6  cmd.o(.constdata)
    __vsym_dummy_desc                        0x0801ac8e   Data          25  cmd.o(.constdata)
    op_table                                 0x0801ad78   Data         196  finsh_ops.o(.constdata)
    memp_sizes                               0x0801af28   Data          28  memp.o(.constdata)
    tcp_backoff                              0x0801af44   Data          13  tcp.o(.constdata)
    tcp_persist_backoff                      0x0801af51   Data           7  tcp.o(.constdata)
    ip_addr_any                              0x0801af58   Data           4  ip_addr.o(.constdata)
    ip_addr_broadcast                        0x0801af5c   Data           4  ip_addr.o(.constdata)
    ethbroadcast                             0x0801af60   Data           6  etharp.o(.constdata)
    ethzero                                  0x0801af66   Data           6  etharp.o(.constdata)
    __fsym_set_if_name                       0x0801af6c   Data           7  ethernetif.o(.constdata)
    __fsym_set_if_desc                       0x0801af73   Data          30  ethernetif.o(.constdata)
    __fsym_set_dns_name                      0x0801af91   Data           8  ethernetif.o(.constdata)
    __fsym_set_dns_desc                      0x0801af99   Data          23  ethernetif.o(.constdata)
    __fsym_list_if_name                      0x0801afb0   Data           8  ethernetif.o(.constdata)
    __fsym_list_if_desc                      0x0801afb8   Data          35  ethernetif.o(.constdata)
    __fsym_list_tcps_name                    0x0801afdb   Data          10  ethernetif.o(.constdata)
    __fsym_list_tcps_desc                    0x0801afe5   Data          20  ethernetif.o(.constdata)
    FSymTab$$Base                            0x0801b27c   Number         0  mem.o(FSymTab)
    __fsym_list_mem                          0x0801b27c   Data          12  mem.o(FSymTab)
    __fsym_mkfs                              0x0801b288   Data          12  dfs_fs.o(FSymTab)
    __fsym_df                                0x0801b294   Data          12  dfs_fs.o(FSymTab)
    __fsym_ls                                0x0801b2a0   Data          12  dfs_file.o(FSymTab)
    __fsym_rm                                0x0801b2ac   Data          12  dfs_file.o(FSymTab)
    __fsym_cat                               0x0801b2b8   Data          12  dfs_file.o(FSymTab)
    __fsym_copy                              0x0801b2c4   Data          12  dfs_file.o(FSymTab)
    __fsym_mkdir                             0x0801b2d0   Data          12  dfs_posix.o(FSymTab)
    __fsym_hello                             0x0801b2dc   Data          12  cmd.o(FSymTab)
    __fsym_version                           0x0801b2e8   Data          12  cmd.o(FSymTab)
    __fsym_list_thread                       0x0801b2f4   Data          12  cmd.o(FSymTab)
    __fsym_list_sem                          0x0801b300   Data          12  cmd.o(FSymTab)
    __fsym_list_event                        0x0801b30c   Data          12  cmd.o(FSymTab)
    __fsym_list_mutex                        0x0801b318   Data          12  cmd.o(FSymTab)
    __fsym_list_mailbox                      0x0801b324   Data          12  cmd.o(FSymTab)
    __fsym_list_msgqueue                     0x0801b330   Data          12  cmd.o(FSymTab)
    __fsym_list_mempool                      0x0801b33c   Data          12  cmd.o(FSymTab)
    __fsym_list_timer                        0x0801b348   Data          12  cmd.o(FSymTab)
    __fsym_list_device                       0x0801b354   Data          12  cmd.o(FSymTab)
    __fsym_list                              0x0801b360   Data          12  cmd.o(FSymTab)
    __fsym_set_if                            0x0801b36c   Data          12  ethernetif.o(FSymTab)
    __fsym_set_dns                           0x0801b378   Data          12  ethernetif.o(FSymTab)
    __fsym_list_if                           0x0801b384   Data          12  ethernetif.o(FSymTab)
    __fsym_list_tcps                         0x0801b390   Data          12  ethernetif.o(FSymTab)
    FSymTab$$Limit                           0x0801b39c   Number         0  ethernetif.o(FSymTab)
    Region$$Table$$Base                      0x0801b39c   Number         0  anon$$obj.o(Region$$Table)
    Region$$Table$$Limit                     0x0801b3bc   Number         0  anon$$obj.o(Region$$Table)
    VSymTab$$Base                            0x0801b3bc   Number         0  cmd.o(VSymTab)
    __vsym_dummy                             0x0801b3bc   Data          16  cmd.o(VSymTab)
    VSymTab$$Limit                           0x0801b3cc   Number         0  cmd.o(VSymTab)
    __ctype                                  0x0801b3d9   Data           0  lc_ctype_c.o(locale$$data)
    DMATxDescToSet                           0x20000000   Data           4  stm32_eth.o(.data)
    DMARxDescToGet                           0x20000004   Data           4  stm32_eth.o(.data)
    DMAPTPTxDescToSet                        0x20000008   Data           4  stm32_eth.o(.data)
    DMAPTPRxDescToGet                        0x2000000c   Data           4  stm32_eth.o(.data)
    uart2                                    0x20000010   Data          12  usart.o(.data)
    rt_interrupt_nest                        0x20000024   Data           1  irq.o(.data)
    rt_object_container                      0x20000058   Data         144  object.o(.data)
    rt_object_trytake_hook                   0x200000f0   Data           4  object.o(.data)
    rt_object_take_hook                      0x200000f4   Data           4  object.o(.data)
    rt_object_put_hook                       0x200000f8   Data           4  object.o(.data)
    rt_current_thread                        0x20000100   Data           4  scheduler.o(.data)
    rt_current_priority                      0x20000104   Data           1  scheduler.o(.data)
    rt_thread_ready_priority_group           0x20000108   Data           4  scheduler.o(.data)
    rt_thread_defunct                        0x2000010c   Data           8  scheduler.o(.data)
    rt_interrupt_from_thread                 0x20000124   Data           4  cpuport.o(.data)
    rt_interrupt_to_thread                   0x20000128   Data           4  cpuport.o(.data)
    rt_thread_switch_interrupt_flag          0x2000012c   Data           4  cpuport.o(.data)
    finsh_compile_sp                         0x20000134   Data           4  finsh_compiler.o(.data)
    finsh_compile_pc                         0x20000138   Data           4  finsh_compiler.o(.data)
    global_errno                             0x20000178   Data           1  finsh_error.o(.data)
    global_sysvar_list                       0x20000184   Data           4  finsh_var.o(.data)
    global_syscall_list                      0x20000188   Data           4  finsh_vm.o(.data)
    finsh_sp                                 0x2000018c   Data           4  finsh_vm.o(.data)
    finsh_pc                                 0x20000190   Data           4  finsh_vm.o(.data)
    shell                                    0x20000194   Data           4  shell.o(.data)
    _syscall_table_begin                     0x20000198   Data           4  symbol.o(.data)
    _syscall_table_end                       0x2000019c   Data           4  symbol.o(.data)
    _sysvar_table_begin                      0x200001a0   Data           4  symbol.o(.data)
    _sysvar_table_end                        0x200001a4   Data           4  symbol.o(.data)
    netif_list                               0x200001dc   Data           4  netif.o(.data)
    netif_default                            0x200001e0   Data           4  netif.o(.data)
    tcp_state_str                            0x200001ec   Data          44  tcp.o(.data)
    tcp_ticks                                0x20000220   Data           4  tcp.o(.data)
    tcp_bound_pcbs                           0x20000224   Data           4  tcp.o(.data)
    tcp_listen_pcbs                          0x20000228   Data           4  tcp.o(.data)
    tcp_active_pcbs                          0x2000022c   Data           4  tcp.o(.data)
    tcp_tw_pcbs                              0x20000230   Data           4  tcp.o(.data)
    tcp_tmp_pcb                              0x20000234   Data           4  tcp.o(.data)
    tcp_input_pcb                            0x20000258   Data           4  tcp_in.o(.data)
    udp_pcbs                                 0x2000025c   Data           4  udp.o(.data)
    current_netif                            0x20000264   Data           4  ip.o(.data)
    current_header                           0x20000268   Data           4  ip.o(.data)
    SystemCoreClock                          0x20000274   Data           4  system_stm32f10x.o(.data)
    AHBPrescTable                            0x20000278   Data          16  system_stm32f10x.o(.data)
    uart2_int_rx                             0x200027f4   Data         136  usart.o(.bss)
    uart2_device                             0x2000287c   Data          64  usart.o(.bss)
    rt_thread_priority_table                 0x20002ae0   Data         256  scheduler.o(.bss)
    filesystem_operation_table               0x20002be0   Data          16  dfs.o(.bss)
    filesystem_table                         0x20002bf0   Data          32  dfs.o(.bss)
    fd_table                                 0x20002c34   Data         128  dfs.o(.bss)
    finsh_heap                               0x20002dd8   Data         128  finsh_heap.o(.bss)
    global_node_table                        0x20002e58   Data         320  finsh_node.o(.bss)
    global_variable                          0x20002f98   Data         192  finsh_var.o(.bss)
    finsh_vm_stack                           0x20003058   Data         256  finsh_vm.o(.bss)
    text_segment                             0x20003158   Data         128  finsh_vm.o(.bss)
    __libspace_start                         0x20004e10   Data          96  libspace.o(.bss)
    __temporary_stack_top$libspace           0x20004e70   Data           0  libspace.o(.bss)
    Image$$RW_IRAM1$$ZI$$Limit               0x20005470   Number         0  startup_stm32f10x_cl.o(STACK)



==============================================================================

Memory Map of the image

  Image Entry point : 0x08000151

  Load Region LR_IROM1 (Base: 0x08000000, Size: 0x0001b778, Max: 0x00040000, ABSOLUTE, COMPRESSED[0x0001b5a8])

    Execution Region ER_IROM1 (Base: 0x08000000, Size: 0x0001b4dc, Max: 0x00040000, ABSOLUTE)

    Base Addr    Size         Type   Attr      Idx    E Section Name        Object

    0x08000000   0x00000150   Data   RO         2250    RESET               startup_stm32f10x_cl.o
    0x08000150   0x00000008   Code   RO         2298  * !!!main             c_w.l(__main.o)(c_w.l)
    0x08000158   0x00000034   Code   RO         2481    !!!scatter          c_w.l(__scatter.o)(c_w.l)
    0x0800018c   0x0000005a   Code   RO         2479    !!dczerorl2         c_w.l(__dczerorl2.o)(c_w.l)
    0x080001e6   0x00000002   PAD
    0x080001e8   0x0000001c   Code   RO         2483    !!handler_zi        c_w.l(__scatter_zi.o)(c_w.l)
    0x08000204   0x00000006   Code   RO         2395    .ARM.Collect$$libinit$$00000000  c_w.l(libinit.o)(c_w.l)
    0x0800020a   0x00000000   Code   RO         2342    .ARM.Collect$$libinit$$00000006  c_w.l(libinit2.o)(c_w.l)
    0x0800020a   0x00000000   Code   RO         2344    .ARM.Collect$$libinit$$00000008  c_w.l(libinit2.o)(c_w.l)
    0x0800020a   0x00000000   Code   RO         2346    .ARM.Collect$$libinit$$0000000A  c_w.l(libinit2.o)(c_w.l)
    0x0800020a   0x00000006   Code   RO         2347    .ARM.Collect$$libinit$$0000000B  c_w.l(libinit2.o)(c_w.l)
    0x08000210   0x00000000   Code   RO         2349    .ARM.Collect$$libinit$$0000000D  c_w.l(libinit2.o)(c_w.l)
    0x08000210   0x0000000c   Code   RO         2350    .ARM.Collect$$libinit$$0000000E  c_w.l(libinit2.o)(c_w.l)
    0x0800021c   0x00000000   Code   RO         2351    .ARM.Collect$$libinit$$0000000F  c_w.l(libinit2.o)(c_w.l)
    0x0800021c   0x00000000   Code   RO         2353    .ARM.Collect$$libinit$$00000011  c_w.l(libinit2.o)(c_w.l)
    0x0800021c   0x00000000   Code   RO         2355    .ARM.Collect$$libinit$$00000013  c_w.l(libinit2.o)(c_w.l)
    0x0800021c   0x00000000   Code   RO         2357    .ARM.Collect$$libinit$$00000015  c_w.l(libinit2.o)(c_w.l)
    0x0800021c   0x00000000   Code   RO         2359    .ARM.Collect$$libinit$$00000017  c_w.l(libinit2.o)(c_w.l)
    0x0800021c   0x00000000   Code   RO         2361    .ARM.Collect$$libinit$$00000019  c_w.l(libinit2.o)(c_w.l)
    0x0800021c   0x00000000   Code   RO         2363    .ARM.Collect$$libinit$$0000001B  c_w.l(libinit2.o)(c_w.l)
    0x0800021c   0x00000000   Code   RO         2365    .ARM.Collect$$libinit$$0000001D  c_w.l(libinit2.o)(c_w.l)
    0x0800021c   0x00000000   Code   RO         2367    .ARM.Collect$$libinit$$0000001F  c_w.l(libinit2.o)(c_w.l)
    0x0800021c   0x00000000   Code   RO         2369    .ARM.Collect$$libinit$$00000021  c_w.l(libinit2.o)(c_w.l)
    0x0800021c   0x00000000   Code   RO         2373    .ARM.Collect$$libinit$$00000028  c_w.l(libinit2.o)(c_w.l)
    0x0800021c   0x00000000   Code   RO         2375    .ARM.Collect$$libinit$$0000002A  c_w.l(libinit2.o)(c_w.l)
    0x0800021c   0x00000000   Code   RO         2377    .ARM.Collect$$libinit$$0000002C  c_w.l(libinit2.o)(c_w.l)
    0x0800021c   0x00000000   Code   RO         2379    .ARM.Collect$$libinit$$0000002E  c_w.l(libinit2.o)(c_w.l)
    0x0800021c   0x00000002   Code   RO         2380    .ARM.Collect$$libinit$$0000002F  c_w.l(libinit2.o)(c_w.l)
    0x0800021e   0x00000002   Code   RO         2437    .ARM.Collect$$libshutdown$$00000000  c_w.l(libshutdown.o)(c_w.l)
    0x08000220   0x00000000   Code   RO         2444    .ARM.Collect$$libshutdown$$00000003  c_w.l(libshutdown2.o)(c_w.l)
    0x08000220   0x00000000   Code   RO         2447    .ARM.Collect$$libshutdown$$00000006  c_w.l(libshutdown2.o)(c_w.l)
    0x08000220   0x00000000   Code   RO         2450    .ARM.Collect$$libshutdown$$00000009  c_w.l(libshutdown2.o)(c_w.l)
    0x08000220   0x00000000   Code   RO         2452    .ARM.Collect$$libshutdown$$0000000B  c_w.l(libshutdown2.o)(c_w.l)
    0x08000220   0x00000000   Code   RO         2455    .ARM.Collect$$libshutdown$$0000000E  c_w.l(libshutdown2.o)(c_w.l)
    0x08000220   0x00000002   Code   RO         2456    .ARM.Collect$$libshutdown$$0000000F  c_w.l(libshutdown2.o)(c_w.l)
    0x08000222   0x00000000   Code   RO         2300    .ARM.Collect$$rtentry$$00000000  c_w.l(rtentry.o)(c_w.l)
    0x08000222   0x00000000   Code   RO         2321    .ARM.Collect$$rtentry$$00000002  c_w.l(rtentry2.o)(c_w.l)
    0x08000222   0x00000006   Code   RO         2336    .ARM.Collect$$rtentry$$00000004  c_w.l(rtentry4.o)(c_w.l)
    0x08000228   0x00000000   Code   RO         2323    .ARM.Collect$$rtentry$$00000009  c_w.l(rtentry2.o)(c_w.l)
    0x08000228   0x00000004   Code   RO         2324    .ARM.Collect$$rtentry$$0000000A  c_w.l(rtentry2.o)(c_w.l)
    0x0800022c   0x00000000   Code   RO         2326    .ARM.Collect$$rtentry$$0000000C  c_w.l(rtentry2.o)(c_w.l)
    0x0800022c   0x00000008   Code   RO         2327    .ARM.Collect$$rtentry$$0000000D  c_w.l(rtentry2.o)(c_w.l)
    0x08000234   0x00000002   Code   RO         2396    .ARM.Collect$$rtexit$$00000000  c_w.l(rtexit.o)(c_w.l)
    0x08000236   0x00000000   Code   RO         2407    .ARM.Collect$$rtexit$$00000002  c_w.l(rtexit2.o)(c_w.l)
    0x08000236   0x00000004   Code   RO         2408    .ARM.Collect$$rtexit$$00000003  c_w.l(rtexit2.o)(c_w.l)
    0x0800023a   0x00000006   Code   RO         2409    .ARM.Collect$$rtexit$$00000004  c_w.l(rtexit2.o)(c_w.l)
    0x08000240   0x00000090   Code   RO            1    .text               application.o
    0x080002d0   0x000000a4   Code   RO          172    .text               board.o
    0x08000374   0x00000644   Code   RO          220    .text               serial.o
    0x080009b8   0x000000d0   Code   RO          236    .text               startup.o
    0x08000a88   0x0000245c   Code   RO          249    .text               stm32_eth.o
    0x08002ee4   0x00000034   Code   RO          286    .text               stm32f10x_it.o
    0x08002f18   0x00000108   Code   RO          302    .text               usart.o
    0x08003020   0x00000068   Code   RO          321    .text               clock.o
    0x08003088   0x000003a0   Code   RO          335    .text               device.o
    0x08003428   0x00000160   Code   RO          352    .text               idle.o
    0x08003588   0x000017b2   Code   RO          372    .text               ipc.o
    0x08004d3a   0x00000002   PAD
    0x08004d3c   0x00000048   Code   RO          389    .text               irq.o
    0x08004d84   0x0000085c   Code   RO          404    .text               kservice.o
    0x080055e0   0x00000978   Code   RO          420    .text               mem.o
    0x08005f58   0x00000428   Code   RO          452    .text               mempool.o
    0x08006380   0x00000330   Code   RO          479    .text               object.o
    0x080066b0   0x000003c8   Code   RO          512    .text               scheduler.o
    0x08006a78   0x00000694   Code   RO          539    .text               thread.o
    0x0800710c   0x00000428   Code   RO          556    .text               timer.o
    0x08007534   0x000000c4   Code   RO          609    .text               context_rvds.o
    0x080075f8   0x000001b4   Code   RO          614    .text               cpuport.o
    0x080077ac   0x000003c4   Code   RO          631    .text               dfs.o
    0x08007b70   0x0000057c   Code   RO          664    .text               dfs_fs.o
    0x080080ec   0x00000684   Code   RO          686    .text               dfs_file.o
    0x08008770   0x0000054c   Code   RO          706    .text               dfs_posix.o
    0x08008cbc   0x00000a30   Code   RO          768    .text               cmd.o
    0x080096ec   0x0000182c   Code   RO          788    .text               finsh_compiler.o
    0x0800af18   0x0000002c   Code   RO          825    .text               finsh_error.o
    0x0800af44   0x00000210   Code   RO          841    .text               finsh_heap.o
    0x0800b154   0x00000058   Code   RO          857    .text               finsh_init.o
    0x0800b1ac   0x00000184   Code   RO          875    .text               finsh_node.o
    0x0800b330   0x00000a58   Code   RO          890    .text               finsh_ops.o
    0x0800bd88   0x00000972   Code   RO          908    .text               finsh_parser.o
    0x0800c6fa   0x00000002   PAD
    0x0800c6fc   0x00000628   Code   RO          923    .text               finsh_token.o
    0x0800cd24   0x00000198   Code   RO          938    .text               finsh_var.o
    0x0800cebc   0x000000e4   Code   RO          961    .text               finsh_vm.o
    0x0800cfa0   0x00000798   Code   RO          988    .text               shell.o
    0x0800d738   0x00000438   Code   RO         1022    .text               api_lib.o
    0x0800db70   0x00000b84   Code   RO         1099    .text               api_msg.o
    0x0800e6f4   0x00000192   Code   RO         1152    .text               netbuf.o
    0x0800e886   0x00000002   PAD
    0x0800e888   0x000000f6   Code   RO         1205    .text               netifapi.o
    0x0800e97e   0x00000002   PAD
    0x0800e980   0x00001370   Code   RO         1229    .text               sockets.o
    0x0800fcf0   0x000003ac   Code   RO         1269    .text               tcpip.o
    0x0801009c   0x000002f4   Code   RO         1326    .text               sys_arch.o
    0x08010390   0x0000014c   Code   RO         1368    .text               sys_arch_init.o
    0x080104dc   0x000005e4   Code   RO         1433    .text               dns.o
    0x08010ac0   0x00000012   Code   RO         1451    .text               init.o
    0x08010ad2   0x00000002   PAD
    0x08010ad4   0x0000007c   Code   RO         1503    .text               memp.o
    0x08010b50   0x00000368   Code   RO         1543    .text               netif.o
    0x08010eb8   0x0000063c   Code   RO         1580    .text               pbuf.o
    0x080114f4   0x000001a0   Code   RO         1606    .text               raw.o
    0x08011694   0x0000025c   Code   RO         1626    .text               sys.o
    0x080118f0   0x00000c58   Code   RO         1647    .text               tcp.o
    0x08012548   0x000016d0   Code   RO         1668    .text               tcp_in.o
    0x08013c18   0x00000a94   Code   RO         1691    .text               tcp_out.o
    0x080146ac   0x000003e4   Code   RO         1703    .text               udp.o
    0x08014a90   0x0000022e   Code   RO         1727    .text               icmp.o
    0x08014cbe   0x00000002   PAD
    0x08014cc0   0x0000021c   Code   RO         1745    .text               inet.o
    0x08014edc   0x00000156   Code   RO         1758    .text               inet_chksum.o
    0x08015032   0x00000002   PAD
    0x08015034   0x00000328   Code   RO         1770    .text               ip.o
    0x0801535c   0x0000004e   Code   RO         1791    .text               ip_addr.o
    0x080153aa   0x00000002   PAD
    0x080153ac   0x000005e0   Code   RO         1813    .text               ip_frag.o
    0x0801598c   0x00000934   Code   RO         1831    .text               etharp.o
    0x080162c0   0x0000085c   Code   RO         1851    .text               ethernetif.o
    0x08016b1c   0x0000026c   Code   RO         1946    .text               system_stm32f10x.o
    0x08016d88   0x00000b14   Code   RO         1976    .text               stm32f10x_rcc.o
    0x0801789c   0x00000a6c   Code   RO         2161    .text               stm32f10x_gpio.o
    0x08018308   0x00000dc0   Code   RO         2173    .text               stm32f10x_usart.o
    0x080190c8   0x000008fc   Code   RO         2197    .text               stm32f10x_dma.o
    0x080199c4   0x00000200   Code   RO         2236    .text               misc.o
    0x08019bc4   0x00000040   Code   RO         2251    .text               startup_stm32f10x_cl.o
    0x08019c04   0x00000158   Code   RO         2255    .text               network.o
    0x08019d5c   0x00000010   Code   RO         2276    .text               c_w.l(rt_ctype_table.o)(c_w.l)
    0x08019d6c   0x0000001a   Code   RO         2278    .text               c_w.l(atoi.o)(c_w.l)
    0x08019d86   0x00000048   Code   RO         2280    .text               c_w.l(strcpy.o)(c_w.l)
    0x08019dce   0x0000003e   Code   RO         2282    .text               c_w.l(strlen.o)(c_w.l)
    0x08019e0c   0x0000008c   Code   RO         2284    .text               c_w.l(strncmp.o)(c_w.l)
    0x08019e98   0x0000008a   Code   RO         2286    .text               c_w.l(rt_memcpy_v6.o)(c_w.l)
    0x08019f22   0x00000064   Code   RO         2288    .text               c_w.l(rt_memcpy_w.o)(c_w.l)
    0x08019f86   0x00000044   Code   RO         2290    .text               c_w.l(rt_memclr.o)(c_w.l)
    0x08019fca   0x0000004e   Code   RO         2292    .text               c_w.l(rt_memclr_w.o)(c_w.l)
    0x0801a018   0x00000056   Code   RO         2294    .text               c_w.l(strncpy.o)(c_w.l)
    0x0801a06e   0x00000006   Code   RO         2296    .text               c_w.l(heapauxi.o)(c_w.l)
    0x0801a074   0x0000000c   Code   RO         2305    .text               c_w.l(rt_locale_intlibspace.o)(c_w.l)
    0x0801a080   0x0000000c   Code   RO         2310    .text               c_w.l(rt_errno_addr_intlibspace.o)(c_w.l)
    0x0801a08c   0x00000070   Code   RO         2312    .text               c_w.l(strtol.o)(c_w.l)
    0x0801a0fc   0x00000008   Code   RO         2317    .text               c_w.l(libspace.o)(c_w.l)
    0x0801a104   0x0000009c   Code   RO         2338    .text               c_w.l(_strtoul.o)(c_w.l)
    0x0801a1a0   0x0000004a   Code   RO         2381    .text               c_w.l(sys_stackheap_outer.o)(c_w.l)
    0x0801a1ea   0x00000020   Code   RO         2383    .text               c_w.l(_chval.o)(c_w.l)
    0x0801a20a   0x0000000c   Code   RO         2385    .text               c_w.l(exit.o)(c_w.l)
    0x0801a216   0x00000002   PAD
    0x0801a218   0x0000000c   Code   RO         2417    .text               c_w.l(rt_fp_status_addr_intlibspace.o)(c_w.l)
    0x0801a224   0x0000000c   Code   RO         2425    .text               c_w.l(sys_exit.o)(c_w.l)
    0x0801a230   0x00000002   Code   RO         2427    .text               c_w.l(use_no_semi.o)(c_w.l)
    0x0801a232   0x00000002   PAD
    0x0801a234   0x0000002c   Code   RO         2315    locale$$code        c_w.l(lc_ctype_c.o)(c_w.l)
    0x0801a260   0x0000000e   Code   RO         2402    x$fpl$fpinit        fz_ws.l(fpinit.o)(fz_ws.l)
    0x0801a26e   0x00000085   Data   RO          221    .constdata          serial.o
    0x0801a2f3   0x000000a8   Data   RO          336    .constdata          device.o
    0x0801a39b   0x00000016   Data   RO          354    .constdata          idle.o
    0x0801a3b1   0x000001c6   Data   RO          373    .constdata          ipc.o
    0x0801a577   0x00000022   Data   RO          406    .constdata          kservice.o
    0x0801a599   0x00000003   PAD
    0x0801a59c   0x00000160   Data   RO          422    .constdata          mem.o
    0x0801a6fc   0x0000003e   Data   RO          453    .constdata          mempool.o
    0x0801a73a   0x0000005e   Data   RO          480    .constdata          object.o
    0x0801a798   0x0000014e   Data   RO          514    .constdata          scheduler.o
    0x0801a8e6   0x000000aa   Data   RO          540    .constdata          thread.o
    0x0801a990   0x0000005c   Data   RO          557    .constdata          timer.o
    0x0801a9ec   0x00000013   Data   RO          615    .constdata          cpuport.o
    0x0801a9ff   0x00000023   Data   RO          633    .constdata          dfs.o
    0x0801aa22   0x00000046   Data   RO          665    .constdata          dfs_fs.o
    0x0801aa68   0x00000073   Data   RO          688    .constdata          dfs_file.o
    0x0801aadb   0x00000019   Data   RO          707    .constdata          dfs_posix.o
    0x0801aaf4   0x00000283   Data   RO          769    .constdata          cmd.o
    0x0801ad77   0x00000001   PAD
    0x0801ad78   0x000000c4   Data   RO          891    .constdata          finsh_ops.o
    0x0801ae3c   0x00000040   Data   RO          924    .constdata          finsh_token.o
    0x0801ae7c   0x0000004d   Data   RO          990    .constdata          shell.o
    0x0801aec9   0x00000003   PAD
    0x0801aecc   0x0000003c   Data   RO         1231    .constdata          sockets.o
    0x0801af08   0x0000001f   Data   RO         1327    .constdata          sys_arch.o
    0x0801af27   0x00000001   PAD
    0x0801af28   0x0000001c   Data   RO         1504    .constdata          memp.o
    0x0801af44   0x00000014   Data   RO         1648    .constdata          tcp.o
    0x0801af58   0x00000008   Data   RO         1792    .constdata          ip_addr.o
    0x0801af60   0x0000000c   Data   RO         1833    .constdata          etharp.o
    0x0801af6c   0x000000ce   Data   RO         1853    .constdata          ethernetif.o
    0x0801b03a   0x00000022   Data   RO         2257    .constdata          network.o
    0x0801b05c   0x000000b3   Data   RO          770    .conststring        cmd.o
    0x0801b10f   0x000000d8   Data   RO          826    .conststring        finsh_error.o
    0x0801b1e7   0x0000002c   Data   RO          925    .conststring        finsh_token.o
    0x0801b213   0x00000068   Data   RO         1649    .conststring        tcp.o
    0x0801b27b   0x00000001   PAD
    0x0801b27c   0x0000000c   Data   RO          424    FSymTab             mem.o
    0x0801b288   0x00000018   Data   RO          666    FSymTab             dfs_fs.o
    0x0801b2a0   0x00000030   Data   RO          689    FSymTab             dfs_file.o
    0x0801b2d0   0x0000000c   Data   RO          708    FSymTab             dfs_posix.o
    0x0801b2dc   0x00000090   Data   RO          772    FSymTab             cmd.o
    0x0801b36c   0x00000030   Data   RO         1854    FSymTab             ethernetif.o
    0x0801b39c   0x00000020   Data   RO         2477    Region$$Table       anon$$obj.o
    0x0801b3bc   0x00000010   Data   RO          773    VSymTab             cmd.o
    0x0801b3cc   0x00000110   Data   RO         2314    locale$$data        c_w.l(lc_ctype_c.o)(c_w.l)


    Execution Region RW_IRAM1 (Base: 0x20000000, Size: 0x00005470, Max: 0x00010000, ABSOLUTE, COMPRESSED[0x000000cc])

    Base Addr    Size         Type   Attr      Idx    E Section Name        Object

    0x20000000   0x00000010   Data   RW          251    .data               stm32_eth.o
    0x20000010   0x0000000c   Data   RW          304    .data               usart.o
    0x2000001c   0x00000004   Data   RW          322    .data               clock.o
    0x20000020   0x00000004   Data   RW          355    .data               idle.o
    0x20000024   0x00000001   Data   RW          390    .data               irq.o
    0x20000025   0x00000003   PAD
    0x20000028   0x00000008   Data   RW          407    .data               kservice.o
    0x20000030   0x00000020   Data   RW          423    .data               mem.o
    0x20000050   0x00000008   Data   RW          454    .data               mempool.o
    0x20000058   0x000000a4   Data   RW          481    .data               object.o
    0x200000fc   0x0000001c   Data   RW          515    .data               scheduler.o
    0x20000118   0x0000000c   Data   RW          558    .data               timer.o
    0x20000124   0x0000000c   Data   RW          616    .data               cpuport.o
    0x20000130   0x00000004   Data   RW          771    .data               cmd.o
    0x20000134   0x00000008   Data   RW          789    .data               finsh_compiler.o
    0x2000013c   0x0000003d   Data   RW          827    .data               finsh_error.o
    0x20000179   0x00000003   PAD
    0x2000017c   0x00000008   Data   RW          843    .data               finsh_heap.o
    0x20000184   0x00000004   Data   RW          940    .data               finsh_var.o
    0x20000188   0x0000000c   Data   RW          963    .data               finsh_vm.o
    0x20000194   0x00000004   Data   RW          991    .data               shell.o
    0x20000198   0x00000010   Data   RW         1009    .data               symbol.o
    0x200001a8   0x0000000c   Data   RW         1232    .data               sockets.o
    0x200001b4   0x00000010   Data   RW         1270    .data               tcpip.o
    0x200001c4   0x00000004   Data   RW         1328    .data               sys_arch.o
    0x200001c8   0x0000000d   Data   RW         1435    .data               dns.o
    0x200001d5   0x00000001   PAD
    0x200001d6   0x00000002   Data   RW         1505    .data               memp.o
    0x200001d8   0x0000000c   Data   RW         1544    .data               netif.o
    0x200001e4   0x00000001   Data   RW         1581    .data               pbuf.o
    0x200001e5   0x00000003   PAD
    0x200001e8   0x00000004   Data   RW         1607    .data               raw.o
    0x200001ec   0x0000004d   Data   RW         1650    .data               tcp.o
    0x20000239   0x00000003   PAD
    0x2000023c   0x00000020   Data   RW         1670    .data               tcp_in.o
    0x2000025c   0x00000004   Data   RW         1704    .data               udp.o
    0x20000260   0x0000000c   Data   RW         1771    .data               ip.o
    0x2000026c   0x00000006   Data   RW         1815    .data               ip_frag.o
    0x20000272   0x00000001   Data   RW         1834    .data               etharp.o
    0x20000273   0x00000001   PAD
    0x20000274   0x00000014   Data   RW         1947    .data               system_stm32f10x.o
    0x20000288   0x00000014   Data   RW         1977    .data               stm32f10x_rcc.o
    0x2000029c   0x00002558   Zero   RW          250    .bss                stm32_eth.o
    0x200027f4   0x000000c8   Zero   RW          303    .bss                usart.o
    0x200028bc   0x00000004   PAD
    0x200028c0   0x00000180   Zero   RW          353    .bss                idle.o
    0x20002a40   0x00000080   Zero   RW          405    .bss                kservice.o
    0x20002ac0   0x00000020   Zero   RW          421    .bss                mem.o
    0x20002ae0   0x00000100   Zero   RW          513    .bss                scheduler.o
    0x20002be0   0x000000d4   Zero   RW          632    .bss                dfs.o
    0x20002cb4   0x00000124   Zero   RW          687    .bss                dfs_file.o
    0x20002dd8   0x00000080   Zero   RW          842    .bss                finsh_heap.o
    0x20002e58   0x00000140   Zero   RW          876    .bss                finsh_node.o
    0x20002f98   0x000000c0   Zero   RW          939    .bss                finsh_var.o
    0x20003058   0x00000180   Zero   RW          962    .bss                finsh_vm.o
    0x200031d8   0x00000880   Zero   RW          989    .bss                shell.o
    0x20003a58   0x000000c8   Zero   RW         1230    .bss                sockets.o
    0x20003b20   0x00000660   Zero   RW         1434    .bss                dns.o
    0x20004180   0x00000014   Zero   RW         1669    .bss                tcp_in.o
    0x20004194   0x00000010   Zero   RW         1746    .bss                inet.o
    0x200041a4   0x000005e8   Zero   RW         1814    .bss                ip_frag.o
    0x2000478c   0x000000c8   Zero   RW         1832    .bss                etharp.o
    0x20004854   0x00000580   Zero   RW         1852    .bss                ethernetif.o
    0x20004dd4   0x0000003c   Zero   RW         2256    .bss                network.o
    0x20004e10   0x00000060   Zero   RW         2318    .bss                c_w.l(libspace.o)(c_w.l)
    0x20004e70   0x00000200   Zero   RW         2249    HEAP                startup_stm32f10x_cl.o
    0x20005070   0x00000400   Zero   RW         2248    STACK               startup_stm32f10x_cl.o


==============================================================================

Image component sizes


      Code (inc. data)   RO Data    RW Data    ZI Data      Debug   Object Name

      1080         48          0          0          0          0   api_lib.o
      2948         38          0          0          0          0   api_msg.o
       144         40          0          0          0          0   application.o
       164         16          0          0          0          0   board.o
       104          4          0          4          0          0   clock.o
      2608       1116        982          4          0          0   cmd.o
       196         20          0          0          0          0   context_rvds.o
       436        216         19         12          0          0   cpuport.o
       928        144        168          0          0          0   device.o
       964        156         35          0        212          0   dfs.o
      1668        198        163          0        292          0   dfs_file.o
      1404        216         94          0          0          0   dfs_fs.o
      1356         44         37          0          0          0   dfs_posix.o
      1508         72          0         13       1632          0   dns.o
      2356         24         12          1        200          0   etharp.o
      2140        688        254          0       1408          0   ethernetif.o
      6188        120          0          8          0          0   finsh_compiler.o
        44         10        216         61          0          0   finsh_error.o
       528         18          0          8        128          0   finsh_heap.o
        88          6          0          0          0          0   finsh_init.o
       388          4          0          0        320          0   finsh_node.o
      2648         38        196          0          0          0   finsh_ops.o
      2418         32          0          0          0          0   finsh_parser.o
      1576         16        108          0          0          0   finsh_token.o
       408         16          0          4        192          0   finsh_var.o
       228         34          0         12        384          0   finsh_vm.o
       558          0          0          0          0          0   icmp.o
       352        106         22          4        384          0   idle.o
       540         12          0          0         16          0   inet.o
       342          0          0          0          0          0   inet_chksum.o
        18          0          0          0          0          0   init.o
       808         22          0         12          0          0   ip.o
        78          0          8          0          0          0   ip_addr.o
      1504         16          0          6       1512          0   ip_frag.o
      6066        396        454          0          0          0   ipc.o
        72          6          0          1          0          0   irq.o
      2140        164         34          8        128          0   kservice.o
      2424        586        364         32         32          0   mem.o
       124         10         28          2          0          0   memp.o
      1064        116         62          8          0          0   mempool.o
       512         80          0          0          0          0   misc.o
         0          0          0          0          0          0   msd.o
       402          0          0          0          0          0   netbuf.o
         0          0          0          0          0          0   netdb.o
       872         20          0         12          0          0   netif.o
       246          0          0          0          0          0   netifapi.o
       344         96         34          0         60          0   network.o
       816        184         94        164          0          0   object.o
      1596         14          0          1          0          0   pbuf.o
       416          4          0          4          0          0   raw.o
       968        184        334         28        256          0   scheduler.o
      1604        300        133          0          0          0   serial.o
      1944        276         77          4       2176          0   shell.o
      4976         68         60         12        200          0   sockets.o
       208         98          0          0          0          0   startup.o
        64         26        336          0       1536          0   startup_stm32f10x_cl.o
      9308        338          0         16       9560          0   stm32_eth.o
      2300        154          0          0          0          0   stm32f10x_dma.o
      2668        200          0          0          0          0   stm32f10x_gpio.o
        52          4          0          0          0          0   stm32f10x_it.o
      2836        152          0         20          0          0   stm32f10x_rcc.o
      3520        148          0          0          0          0   stm32f10x_usart.o
         0          0          0         16          0          0   symbol.o
       604          6          0          0          0          0   sys.o
       756        144         31          4          0          0   sys_arch.o
       332         34          0          0          0          0   sys_arch_init.o
       620         48          0         20          0          0   system_stm32f10x.o
      3160        104        124         77          0          0   tcp.o
      5840        234          0         32         20          0   tcp_in.o
      2708         12          0          0          0          0   tcp_out.o
       940         66          0         16          0          0   tcpip.o
      1684        244        170          0          0          0   thread.o
      1064        128         92         12          0          0   timer.o
       996         10          0          4          0          0   udp.o
       264         26          0         12        200          0   usart.o

    ----------------------------------------------------------------------
    105244       8170       4782        668      20852          0   Object Totals
         0          0         32          0          0          0   (incl. Generated)
        16          0          9         14          4          0   (incl. Padding)

    ----------------------------------------------------------------------

      Code (inc. data)   RO Data    RW Data    ZI Data      Debug   Library Member Name

        90          0          0          0          0          0   __dczerorl2.o
         8          0          0          0          0          0   __main.o
        52          8          0          0          0          0   __scatter.o
        28          0          0          0          0          0   __scatter_zi.o
        32          0          0          0          0          0   _chval.o
       156          0          0          0          0          0   _strtoul.o
        26          0          0          0          0          0   atoi.o
        12          0          0          0          0          0   exit.o
         6          0          0          0          0          0   heapauxi.o
        44         10        272          0          0          0   lc_ctype_c.o
         6          0          0          0          0          0   libinit.o
        20          0          0          0          0          0   libinit2.o
         2          0          0          0          0          0   libshutdown.o
         2          0          0          0          0          0   libshutdown2.o
         8          4          0          0         96          0   libspace.o
        16          4          0          0          0          0   rt_ctype_table.o
        12          4          0          0          0          0   rt_errno_addr_intlibspace.o
        12          4          0          0          0          0   rt_fp_status_addr_intlibspace.o
        12          4          0          0          0          0   rt_locale_intlibspace.o
        68          0          0          0          0          0   rt_memclr.o
        78          0          0          0          0          0   rt_memclr_w.o
       138          0          0          0          0          0   rt_memcpy_v6.o
       100          0          0          0          0          0   rt_memcpy_w.o
         0          0          0          0          0          0   rtentry.o
        12          0          0          0          0          0   rtentry2.o
         6          0          0          0          0          0   rtentry4.o
         2          0          0          0          0          0   rtexit.o
        10          0          0          0          0          0   rtexit2.o
        72          0          0          0          0          0   strcpy.o
        62          0          0          0          0          0   strlen.o
       140          0          0          0          0          0   strncmp.o
        86          0          0          0          0          0   strncpy.o
       112          0          0          0          0          0   strtol.o
        12          4          0          0          0          0   sys_exit.o
        74          0          0          0          0          0   sys_stackheap_outer.o
         2          0          0          0          0          0   use_no_semi.o
        14          0          0          0          0          0   fpinit.o

    ----------------------------------------------------------------------
      1538         42        272          0         96          0   Library Totals
         6          0          0          0          0          0   (incl. Padding)

    ----------------------------------------------------------------------

      Code (inc. data)   RO Data    RW Data    ZI Data      Debug   Library Name

      1518         42        272          0         96       1864   c_w.l
        14          0          0          0          0         76   fz_ws.l

    ----------------------------------------------------------------------
      1538         42        272          0         96          0   Library Totals

    ----------------------------------------------------------------------

==============================================================================


      Code (inc. data)   RO Data    RW Data    ZI Data      Debug   

    106782       8212       5054        668      20948     890400   Grand Totals
    106782       8212       5054        204      20948     890400   ELF Image Totals (compressed)
    106782       8212       5054        204          0          0   ROM Totals

==============================================================================

    Total RO  Size (Code + RO Data)               111836 ( 109.21kB)
    Total RW  Size (RW Data + ZI Data)             21616 (  21.11kB)
    Total ROM Size (Code + RO Data + RW Data)     112040 ( 109.41kB)

==============================================================================

