ARM Linker, 4.1 [Build 481] [Standard]

==============================================================================

Section Cross References

    application.o(.text) refers to ethernetif.o(.text) for eth_system_device_init
    application.o(.text) refers to stm32_eth.o(.text) for rt_hw_stm32_eth_init
    application.o(.text) refers to device.o(.text) for rt_device_init_all
    application.o(.text) refers to sys_arch_init.o(.text) for lwip_sys_init
    application.o(.text) refers to kservice.o(.text) for rt_kprintf
    application.o(.text) refers to rf_cfg.o(.text) for rf_init
    application.o(.text) refers to network.o(.text) for udp_transpond_demo
    application.o(.text) refers to thread.o(.text) for rt_thread_create
    board.o(.text) refers to misc.o(.text) for NVIC_SetVectorTable
    board.o(.text) refers to stm32f10x_rcc.o(.text) for RCC_GetClocksFreq
    board.o(.text) refers to irq.o(.text) for rt_interrupt_enter
    board.o(.text) refers to clock.o(.text) for rt_tick_increase
    board.o(.text) refers to usart.o(.text) for rt_hw_usart_init
    board.o(.text) refers to kservice.o(.text) for rt_console_set_device
    msd.o(.text) refers to stm32f10x_spi.o(.text) for SPI_I2S_GetFlagStatus
    msd.o(.text) refers to stm32f10x_gpio.o(.text) for GPIO_ResetBits
    msd.o(.text) refers to stm32f10x_rcc.o(.text) for RCC_APB2PeriphClockCmd
    msd.o(.text) refers to kservice.o(.text) for rt_kprintf
    msd.o(.text) refers to msd.o(.bss) for part
    msd.o(.text) refers to mem.o(.text) for rt_malloc
    msd.o(.text) refers to dfs_fs.o(.text) for dfs_filesystem_get_partition
    msd.o(.text) refers to device.o(.text) for rt_device_register
    msd.o(.text) refers to msd.o(.constdata) for __FUNCTION__
    serial.o(.text) refers to kservice.o(.text) for rt_memset
    serial.o(.text) refers to mempool.o(.text) for rt_mp_init
    serial.o(.text) refers to stm32f10x_usart.o(.text) for USART_Cmd
    serial.o(.text) refers to context_rvds.o(.text) for rt_hw_interrupt_disable
    serial.o(.text) refers to stm32f10x_dma.o(.text) for DMA_Cmd
    serial.o(.text) refers to device.o(.text) for rt_device_register
    serial.o(.text) refers to serial.o(.constdata) for __FUNCTION__
    startup.o(.text) refers to kservice.o(.text) for rt_kprintf
    startup.o(.text) refers to board.o(.text) for rt_hw_board_init
    startup.o(.text) refers to clock.o(.text) for rt_system_tick_init
    startup.o(.text) refers to object.o(.text) for rt_system_object_init
    startup.o(.text) refers to timer.o(.text) for rt_system_timer_init
    startup.o(.text) refers to mem.o(.text) for rt_system_heap_init
    startup.o(.text) refers to scheduler.o(.text) for rt_system_scheduler_init
    startup.o(.text) refers to device.o(.text) for rt_device_init_all
    startup.o(.text) refers to application.o(.text) for rt_application_init
    startup.o(.text) refers to shell.o(.text) for finsh_system_init
    startup.o(.text) refers to idle.o(.text) for rt_thread_idle_init
    startup.o(.text) refers to context_rvds.o(.text) for rt_hw_interrupt_disable
    stm32_eth.o(.text) refers to stm32f10x_rcc.o(.text) for RCC_AHBPeriphResetCmd
    stm32_eth.o(.text) refers to startup.o(.text) for assert_failed
    stm32_eth.o(.text) refers to stm32_eth.o(.data) for DMATxDescToSet
    stm32_eth.o(.text) refers to irq.o(.text) for rt_interrupt_enter
    stm32_eth.o(.text) refers to ethernetif.o(.text) for eth_device_ready
    stm32_eth.o(.text) refers to ipc.o(.text) for rt_sem_release
    stm32_eth.o(.text) refers to kservice.o(.text) for rt_set_errno
    stm32_eth.o(.text) refers to inet.o(.text) for htons
    stm32_eth.o(.text) refers to pbuf.o(.text) for pbuf_alloc
    stm32_eth.o(.text) refers to misc.o(.text) for NVIC_Init
    stm32_eth.o(.text) refers to stm32f10x_gpio.o(.text) for GPIO_PinRemapConfig
    stm32_eth.o(.text) refers to stm32_eth.o(.bss) for stm32_eth_device
    stm32f10x_it.o(.text) refers to board.o(.text) for rt_hw_timer_handler
    stm32f10x_it.o(.text) refers to irq.o(.text) for rt_interrupt_enter
    stm32f10x_it.o(.text) refers to serial.o(.text) for rt_hw_serial_isr
    stm32f10x_it.o(.text) refers to usart.o(.bss) for uart2_device
    usart.o(.text) refers to stm32f10x_rcc.o(.text) for RCC_APB2PeriphClockCmd
    usart.o(.text) refers to stm32f10x_gpio.o(.text) for GPIO_PinRemapConfig
    usart.o(.text) refers to misc.o(.text) for NVIC_Init
    usart.o(.text) refers to stm32f10x_usart.o(.text) for USART_Init
    usart.o(.text) refers to serial.o(.text) for rt_hw_serial_register
    usart.o(.text) refers to usart.o(.data) for uart2
    usart.o(.text) refers to usart.o(.bss) for uart2_device
    usart.o(.data) refers to usart.o(.bss) for uart2_int_rx
    rf_cfg.o(.text) refers to rf_driver.o(.text) for rf_writereg
    rf_cfg.o(.text) refers to rf_cfg.o(.data) for rf_config_array
    rf_driver.o(.text) refers to stm32f10x_gpio.o(.text) for GPIO_Init
    rf_driver.o(.text) refers to rf_driver.o(i.CS_HIGH) for CS_HIGH
[...]
    finsh_var_delete                         0x0800d293   Thumb Code    68  finsh_var.o(.text)
    finsh_var_lookup                         0x0800d2d7   Thumb Code    58  finsh_var.o(.text)
    finsh_sysvar_append                      0x0800d311   Thumb Code    62  finsh_var.o(.text)
    finsh_sysvar_lookup                      0x0800d34f   Thumb Code    78  finsh_var.o(.text)
    finsh_vm_run                             0x0800d3ad   Thumb Code    62  finsh_vm.o(.text)
    finsh_syscall_append                     0x0800d3eb   Thumb Code    54  finsh_vm.o(.text)
    finsh_syscall_lookup                     0x0800d421   Thumb Code    78  finsh_vm.o(.text)
    strcmp                                   0x0800d491   Thumb Code    28  shell.o(.text)
    strdup                                   0x0800d4ad   Thumb Code    40  shell.o(.text)
    finsh_set_device                         0x0800d503   Thumb Code   104  shell.o(.text)
    finsh_get_device                         0x0800d56b   Thumb Code    40  shell.o(.text)
    finsh_set_echo                           0x0800d593   Thumb Code    54  shell.o(.text)
    finsh_get_echo                           0x0800d5c9   Thumb Code    44  shell.o(.text)
    finsh_auto_complete                      0x0800d5f5   Thumb Code    28  shell.o(.text)
    finsh_run_line                           0x0800d611   Thumb Code   150  shell.o(.text)
    finsh_handle_history                     0x0800d6a7   Thumb Code   286  shell.o(.text)
    finsh_push_history                       0x0800d7c5   Thumb Code   172  shell.o(.text)
    finsh_thread_entry                       0x0800d871   Thumb Code   722  shell.o(.text)
    finsh_system_function_init               0x0800db43   Thumb Code    10  shell.o(.text)
    finsh_system_var_init                    0x0800db4d   Thumb Code    10  shell.o(.text)
    finsh_system_init                        0x0800db57   Thumb Code   112  shell.o(.text)
    netconn_new_with_proto_and_callback      0x0800dc2b   Thumb Code    88  api_lib.o(.text)
    netconn_delete                           0x0800dc83   Thumb Code    40  api_lib.o(.text)
    netconn_getaddr                          0x0800dcab   Thumb Code    76  api_lib.o(.text)
    netconn_bind                             0x0800dcf7   Thumb Code    48  api_lib.o(.text)
    netconn_connect                          0x0800dd27   Thumb Code    48  api_lib.o(.text)
    netconn_disconnect                       0x0800dd57   Thumb Code    38  api_lib.o(.text)
    netconn_listen_with_backlog              0x0800dd7d   Thumb Code    40  api_lib.o(.text)
    netconn_accept                           0x0800dda5   Thumb Code    62  api_lib.o(.text)
    netconn_recv                             0x0800dde3   Thumb Code   318  api_lib.o(.text)
    netconn_send                             0x0800df21   Thumb Code    42  api_lib.o(.text)
    netconn_sendto                           0x0800df4b   Thumb Code    36  api_lib.o(.text)
    netconn_write                            0x0800df6f   Thumb Code    68  api_lib.o(.text)
    netconn_close                            0x0800dfb3   Thumb Code    38  api_lib.o(.text)
    netconn_gethostbyname                    0x0800dfd9   Thumb Code   136  api_lib.o(.text)
    netconn_free                             0x0800e4cf   Thumb Code   114  api_msg.o(.text)
    netconn_alloc                            0x0800e541   Thumb Code   146  api_msg.o(.text)
    do_newconn                               0x0800e6dd   Thumb Code    26  api_msg.o(.text)
    do_delconn                               0x0800e6f7   Thumb Code   126  api_msg.o(.text)
    do_bind                                  0x0800e775   Thumb Code   114  api_msg.o(.text)
    do_connect                               0x0800e81b   Thumb Code   178  api_msg.o(.text)
    do_disconnect                            0x0800e8cd   Thumb Code    34  api_msg.o(.text)
    do_listen                                0x0800e8ef   Thumb Code   158  api_msg.o(.text)
    do_send                                  0x0800e98d   Thumb Code   144  api_msg.o(.text)
    do_recv                                  0x0800ea1d   Thumb Code    50  api_msg.o(.text)
    do_write                                 0x0800ea4f   Thumb Code    76  api_msg.o(.text)
    do_getaddr                               0x0800ea9b   Thumb Code   174  api_msg.o(.text)
    do_close                                 0x0800eb49   Thumb Code    48  api_msg.o(.text)
    do_gethostbyname                         0x0800ebb1   Thumb Code    40  api_msg.o(.text)
    netbuf_new                               0x0800ebe7   Thumb Code    30  netbuf.o(.text)
    netbuf_delete                            0x0800ec05   Thumb Code    32  netbuf.o(.text)
    netbuf_alloc                             0x0800ec25   Thumb Code    60  netbuf.o(.text)
    netbuf_free                              0x0800ec61   Thumb Code    32  netbuf.o(.text)
    netbuf_ref                               0x0800ec81   Thumb Code    74  netbuf.o(.text)
    netbuf_chain                             0x0800eccb   Thumb Code    46  netbuf.o(.text)
    netbuf_data                              0x0800ecf9   Thumb Code    64  netbuf.o(.text)
    netbuf_next                              0x0800ed39   Thumb Code    46  netbuf.o(.text)
    netbuf_first                             0x0800ed67   Thumb Code    16  netbuf.o(.text)
    do_netifapi_netif_add                    0x0800ed79   Thumb Code    44  netifapi.o(.text)
    do_netifapi_netif_set_addr               0x0800eda5   Thumb Code    26  netifapi.o(.text)
    do_netifapi_netif_common                 0x0800edbf   Thumb Code    36  netifapi.o(.text)
    netifapi_netif_add                       0x0800ede3   Thumb Code    64  netifapi.o(.text)
    netifapi_netif_set_addr                  0x0800ee23   Thumb Code    40  netifapi.o(.text)
    netifapi_netif_common                    0x0800ee4b   Thumb Code    36  netifapi.o(.text)
    lwip_socket_init                         0x0800ee73   Thumb Code    24  sockets.o(.text)
    lwip_get_error                           0x0800ef49   Thumb Code    16  sockets.o(.text)
    lwip_accept                              0x0800f087   Thumb Code   382  sockets.o(.text)
    lwip_bind                                0x0800f205   Thumb Code   180  sockets.o(.text)
    lwip_close                               0x0800f2b9   Thumb Code    78  sockets.o(.text)
    lwip_connect                             0x0800f307   Thumb Code   170  sockets.o(.text)
    lwip_listen                              0x0800f3b1   Thumb Code   108  sockets.o(.text)
    lwip_recvfrom                            0x0800f41d   Thumb Code   512  sockets.o(.text)
    lwip_read                                0x0800f61d   Thumb Code    26  sockets.o(.text)
    lwip_recv                                0x0800f637   Thumb Code    34  sockets.o(.text)
    lwip_sendto                              0x0800f659   Thumb Code   238  sockets.o(.text)
    lwip_send                                0x0800f747   Thumb Code   132  sockets.o(.text)
    lwip_socket                              0x0800f7cb   Thumb Code   154  sockets.o(.text)
    lwip_write                               0x0800f865   Thumb Code    22  sockets.o(.text)
    lwip_select                              0x0800f955   Thumb Code   490  sockets.o(.text)
    lwip_shutdown                            0x0800fb3f   Thumb Code    14  sockets.o(.text)
    lwip_getpeername                         0x0800fbcb   Thumb Code    22  sockets.o(.text)
    lwip_getsockname                         0x0800fbe1   Thumb Code    22  sockets.o(.text)
    lwip_getsockopt                          0x0800fd3f   Thumb Code   354  sockets.o(.text)
    lwip_setsockopt                          0x0800ffb9   Thumb Code   330  sockets.o(.text)
    lwip_ioctl                               0x08010103   Thumb Code   214  sockets.o(.text)
    tcp_timer_needed                         0x0801020b   Thumb Code    38  tcpip.o(.text)
    tcpip_input                              0x08010355   Thumb Code    72  tcpip.o(.text)
    tcpip_callback_with_block                0x0801039d   Thumb Code    92  tcpip.o(.text)
    tcpip_timeout                            0x080103f9   Thumb Code    64  tcpip.o(.text)
    tcpip_untimeout                          0x08010439   Thumb Code    56  tcpip.o(.text)
    tcpip_apimsg                             0x08010471   Thumb Code    52  tcpip.o(.text)
    tcpip_netifapi                           0x080104a5   Thumb Code    78  tcpip.o(.text)
    tcpip_init                               0x080104f3   Thumb Code    48  tcpip.o(.text)
    pbuf_free_callback                       0x08010531   Thumb Code    16  tcpip.o(.text)
    mem_free_callback                        0x08010541   Thumb Code    16  tcpip.o(.text)
    sys_init                                 0x0801058f   Thumb Code     2  sys_arch.o(.text)
    sys_sem_new                              0x08010591   Thumb Code    44  sys_arch.o(.text)
    sys_sem_free                             0x080105bd   Thumb Code    12  sys_arch.o(.text)
    sys_sem_signal                           0x080105c9   Thumb Code    12  sys_arch.o(.text)
    sys_arch_sem_wait                        0x080105d5   Thumb Code    80  sys_arch.o(.text)
    sys_mbox_new                             0x08010625   Thumb Code    44  sys_arch.o(.text)
    sys_mbox_free                            0x08010651   Thumb Code    12  sys_arch.o(.text)
    sys_mbox_post                            0x0801065d   Thumb Code    20  sys_arch.o(.text)
    sys_mbox_trypost                         0x08010671   Thumb Code    26  sys_arch.o(.text)
    sys_arch_mbox_fetch                      0x0801068b   Thumb Code    84  sys_arch.o(.text)
    sys_arch_mbox_tryfetch                   0x080106df   Thumb Code    34  sys_arch.o(.text)
    sys_arch_timeouts                        0x08010701   Thumb Code    30  sys_arch.o(.text)
    sys_thread_new                           0x0801071f   Thumb Code   130  sys_arch.o(.text)
    sys_arch_protect                         0x080107a1   Thumb Code    16  sys_arch.o(.text)
    sys_arch_unprotect                       0x080107b1   Thumb Code    16  sys_arch.o(.text)
    sys_arch_assert                          0x080107c1   Thumb Code    48  sys_arch.o(.text)
    lwip_system_init                         0x08010937   Thumb Code   108  sys_arch_init.o(.text)
    lwip_sys_init                            0x080109a3   Thumb Code     8  sys_arch_init.o(.text)
    dns_setserver                            0x080109cf   Thumb Code    28  dns.o(.text)
    dns_init                                 0x08010bb3   Thumb Code    68  dns.o(.text)
    dns_getserver                            0x08010bf7   Thumb Code    28  dns.o(.text)
    dns_tmr                                  0x08010e0f   Thumb Code    14  dns.o(.text)
    dns_gethostbyname                        0x08010f2b   Thumb Code   106  dns.o(.text)
    lwip_init                                0x08010fb3   Thumb Code    16  init.o(.text)
    memp_malloc                              0x08010fc7   Thumb Code    70  memp.o(.text)
    memp_free                                0x0801100d   Thumb Code    42  memp.o(.text)
    netif_set_gw                             0x08011043   Thumb Code    12  netif.o(.text)
    netif_set_netmask                        0x0801104f   Thumb Code    12  netif.o(.text)
    netif_set_ipaddr                         0x0801105b   Thumb Code   110  netif.o(.text)
    netif_set_addr                           0x080110c9   Thumb Code    40  netif.o(.text)
    netif_add                                0x080110f1   Thumb Code    98  netif.o(.text)
    netif_set_default                        0x08011153   Thumb Code     6  netif.o(.text)
    netif_remove                             0x08011159   Thumb Code    74  netif.o(.text)
    netif_find                               0x080111a3   Thumb Code    64  netif.o(.text)
    netif_set_up                             0x080111e3   Thumb Code    56  netif.o(.text)
    netif_set_down                           0x0801121b   Thumb Code    38  netif.o(.text)
    netif_is_up                              0x08011241   Thumb Code    12  netif.o(.text)
    netif_set_link_up                        0x0801124d   Thumb Code    68  netif.o(.text)
    netif_set_link_down                      0x08011291   Thumb Code    28  netif.o(.text)
    netif_is_link_up                         0x080112ad   Thumb Code    12  netif.o(.text)
    netif_set_link_callback                  0x080112b9   Thumb Code     6  netif.o(.text)
    netif_poll                               0x080112bf   Thumb Code    96  netif.o(.text)
    netif_loop_output                        0x0801131f   Thumb Code   118  netif.o(.text)
    pbuf_free                                0x0801141b   Thumb Code   122  pbuf.o(.text)
    pbuf_alloc                               0x08011495   Thumb Code   420  pbuf.o(.text)
    pbuf_realloc                             0x08011639   Thumb Code   118  pbuf.o(.text)
    pbuf_header                              0x080116af   Thumb Code   126  pbuf.o(.text)
    pbuf_clen                                0x0801172d   Thumb Code    18  pbuf.o(.text)
    pbuf_ref                                 0x0801173f   Thumb Code    26  pbuf.o(.text)
    pbuf_cat                                 0x08011759   Thumb Code    56  pbuf.o(.text)
    pbuf_chain                               0x08011791   Thumb Code    36  pbuf.o(.text)
    pbuf_dechain                             0x080117b5   Thumb Code    56  pbuf.o(.text)
    pbuf_copy                                0x080117ed   Thumb Code   182  pbuf.o(.text)
    pbuf_copy_partial                        0x080118a3   Thumb Code   146  pbuf.o(.text)
    pbuf_take                                0x08011935   Thumb Code   116  pbuf.o(.text)
    pbuf_coalesce                            0x080119a9   Thumb Code    60  pbuf.o(.text)
    raw_input                                0x080119e7   Thumb Code   100  raw.o(.text)
    raw_bind                                 0x08011a4b   Thumb Code    16  raw.o(.text)
    raw_connect                              0x08011a5b   Thumb Code    16  raw.o(.text)
    raw_recv                                 0x08011a6b   Thumb Code     6  raw.o(.text)
    raw_sendto                               0x08011a71   Thumb Code   152  raw.o(.text)
    raw_send                                 0x08011b09   Thumb Code    18  raw.o(.text)
    raw_remove                               0x08011b1b   Thumb Code    60  raw.o(.text)
    raw_new                                  0x08011b57   Thumb Code    42  raw.o(.text)
    sys_mbox_fetch                           0x08011b87   Thumb Code   124  sys.o(.text)
    sys_sem_wait                             0x08011c03   Thumb Code   116  sys.o(.text)
    sys_timeout                              0x08011c77   Thumb Code   152  sys.o(.text)
    sys_untimeout                            0x08011d0f   Thumb Code    98  sys.o(.text)
    sys_sem_wait_timeout                     0x08011d85   Thumb Code    58  sys.o(.text)
    sys_msleep                               0x08011dbf   Thumb Code    28  sys.o(.text)
    tcp_seg_free                             0x08011de3   Thumb Code    32  tcp.o(.text)
    tcp_segs_free                            0x08011e03   Thumb Code    30  tcp.o(.text)
    tcp_pcb_purge                            0x08011e21   Thumb Code    76  tcp.o(.text)
    tcp_slowtmr                              0x08011e6d   Thumb Code   752  tcp.o(.text)
    tcp_pcb_remove                           0x0801215d   Thumb Code   150  tcp.o(.text)
    tcp_close                                0x080121f3   Thumb Code   268  tcp.o(.text)
    tcp_update_rcv_ann_wnd                   0x080122ff   Thumb Code    70  tcp.o(.text)
    tcp_recved                               0x08012345   Thumb Code    68  tcp.o(.text)
    tcp_recv_null                            0x08012389   Thumb Code    46  tcp.o(.text)
    tcp_fasttmr                              0x080123b7   Thumb Code   122  tcp.o(.text)
    tcp_tmr                                  0x08012431   Thumb Code    30  tcp.o(.text)
    tcp_abandon                              0x0801244f   Thumb Code   156  tcp.o(.text)
    tcp_bind                                 0x08012553   Thumb Code   232  tcp.o(.text)
    tcp_listen_with_backlog                  0x08012643   Thumb Code   220  tcp.o(.text)
    tcp_eff_send_mss                         0x0801271f   Thumb Code    46  tcp.o(.text)
    tcp_next_iss                             0x0801274d   Thumb Code    20  tcp.o(.text)
    tcp_connect                              0x08012761   Thumb Code   266  tcp.o(.text)
    tcp_setprio                              0x0801286b   Thumb Code     4  tcp.o(.text)
    tcp_seg_copy                             0x0801286f   Thumb Code    38  tcp.o(.text)
    tcp_alloc                                0x08012917   Thumb Code   194  tcp.o(.text)
    tcp_new                                  0x080129d9   Thumb Code    10  tcp.o(.text)
    tcp_arg                                  0x080129e3   Thumb Code     4  tcp.o(.text)
    tcp_recv                                 0x080129e7   Thumb Code     6  tcp.o(.text)
    tcp_sent                                 0x080129ed   Thumb Code     6  tcp.o(.text)
    tcp_err                                  0x080129f3   Thumb Code     6  tcp.o(.text)
    tcp_accept                               0x080129f9   Thumb Code     4  tcp.o(.text)
    tcp_poll                                 0x080129fd   Thumb Code    10  tcp.o(.text)
    tcp_debug_state_str                      0x08012a07   Thumb Code    10  tcp.o(.text)
    tcp_input                                0x08013c73   Thumb Code  1128  tcp_in.o(.text)
    tcp_enqueue                              0x08014195   Thumb Code  1012  tcp_out.o(.text)
    tcp_send_ctrl                            0x08014589   Thumb Code    28  tcp_out.o(.text)
    tcp_write                                0x080145a5   Thumb Code    70  tcp_out.o(.text)
    tcp_send_empty_ack                       0x080145eb   Thumb Code    94  tcp_out.o(.text)
    tcp_output                               0x08014707   Thumb Code   474  tcp_out.o(.text)
    tcp_rst                                  0x080148e1   Thumb Code   174  tcp_out.o(.text)
    tcp_rexmit_rto                           0x0801498f   Thumb Code    58  tcp_out.o(.text)
    tcp_rexmit                               0x080149c9   Thumb Code    80  tcp_out.o(.text)
    tcp_rexmit_fast                          0x08014a19   Thumb Code   134  tcp_out.o(.text)
    tcp_keepalive                            0x08014a9f   Thumb Code    82  tcp_out.o(.text)
    tcp_zero_window_probe                    0x08014af1   Thumb Code   172  tcp_out.o(.text)
    udp_input                                0x08014b9f   Thumb Code   394  udp.o(.text)
    udp_bind                                 0x08014d29   Thumb Code   106  udp.o(.text)
    udp_sendto_if                            0x08014d93   Thumb Code   202  udp.o(.text)
    udp_sendto                               0x08014e5d   Thumb Code    46  udp.o(.text)
    udp_send                                 0x08014e8b   Thumb Code    20  udp.o(.text)
    udp_connect                              0x08014e9f   Thumb Code    94  udp.o(.text)
    udp_disconnect                           0x08014efd   Thumb Code    28  udp.o(.text)
    udp_recv                                 0x08014f19   Thumb Code     6  udp.o(.text)
    udp_remove                               0x08014f1f   Thumb Code    60  udp.o(.text)
    udp_new                                  0x08014f5b   Thumb Code    28  udp.o(.text)
    icmp_input                               0x08014f83   Thumb Code   410  icmp.o(.text)
    icmp_dest_unreach                        0x0801518b   Thumb Code    18  icmp.o(.text)
    icmp_time_exceeded                       0x0801519d   Thumb Code    18  icmp.o(.text)
    htonl                                    0x080151b1   Thumb Code    26  inet.o(.text)
    inet_aton                                0x080151cb   Thumb Code   336  inet.o(.text)
    inet_addr                                0x0801531b   Thumb Code    24  inet.o(.text)
    inet_ntoa                                0x08015333   Thumb Code   112  inet.o(.text)
    htons                                    0x080153a3   Thumb Code    12  inet.o(.text)
    ntohs                                    0x080153af   Thumb Code    12  inet.o(.text)
    ntohl                                    0x080153bb   Thumb Code    12  inet.o(.text)
    inet_chksum_pseudo                       0x08015417   Thumb Code   162  inet_chksum.o(.text)
    inet_chksum                              0x080154b9   Thumb Code    20  inet_chksum.o(.text)
    inet_chksum_pbuf                         0x080154cd   Thumb Code    86  inet_chksum.o(.text)
    ip_route                                 0x08015527   Thumb Code    70  ip.o(.text)
    ip_input                                 0x0801556d   Thumb Code   394  ip.o(.text)
    ip_output_if                             0x080156f7   Thumb Code   268  ip.o(.text)
    ip_output                                0x08015803   Thumb Code    52  ip.o(.text)
    ip_addr_isbroadcast                      0x0801584d   Thumb Code    78  ip_addr.o(.text)
    ip_reass_tmr                             0x08015949   Thumb Code    48  ip_frag.o(.text)
    ip_reass                                 0x08015b99   Thumb Code   406  ip_frag.o(.text)
    ip_frag                                  0x08015d2f   Thumb Code   326  ip_frag.o(.text)
    etharp_tmr                               0x08015ea9   Thumb Code   154  etharp.o(.text)
    etharp_find_addr                         0x0801624f   Thumb Code    88  etharp.o(.text)
    etharp_ip_input                          0x080162a7   Thumb Code    60  etharp.o(.text)
    etharp_arp_input                         0x080162e3   Thumb Code   306  etharp.o(.text)
    etharp_request                           0x080164cf   Thumb Code    36  etharp.o(.text)
    etharp_query                             0x080164f3   Thumb Code   388  etharp.o(.text)
    etharp_output                            0x08016677   Thumb Code   190  etharp.o(.text)
    ethernet_input                           0x08016735   Thumb Code   110  etharp.o(.text)
    ethernetif_linkoutput                    0x080167b3   Thumb Code    42  ethernetif.o(.text)
    eth_device_init                          0x080167dd   Thumb Code   124  ethernetif.o(.text)
    eth_tx_thread_entry                      0x08016859   Thumb Code   112  ethernetif.o(.text)
    eth_rx_thread_entry                      0x080168c9   Thumb Code   128  ethernetif.o(.text)
    eth_rx_ready                             0x08016949   Thumb Code    14  ethernetif.o(.text)
    eth_device_ready                         0x08016957   Thumb Code    12  ethernetif.o(.text)
    eth_device_linkchange                    0x08016963   Thumb Code    78  ethernetif.o(.text)
    eth_system_device_init                   0x080169b1   Thumb Code   274  ethernetif.o(.text)
    set_if                                   0x08016ac3   Thumb Code   140  ethernetif.o(.text)
    set_dns                                  0x08016b4f   Thumb Code    26  ethernetif.o(.text)
    list_if                                  0x08016b69   Thumb Code   710  ethernetif.o(.text)
    list_tcps                                0x08016e2f   Thumb Code   192  ethernetif.o(.text)
    SystemInit                               0x08017105   Thumb Code    92  system_stm32f10x.o(.text)
    SystemCoreClockUpdate                    0x08017161   Thumb Code   232  system_stm32f10x.o(.text)
    RCC_DeInit                               0x08017279   Thumb Code    78  stm32f10x_rcc.o(.text)
    RCC_HSEConfig                            0x080172c7   Thumb Code   100  stm32f10x_rcc.o(.text)
    RCC_GetFlagStatus                        0x0801732b   Thumb Code   126  stm32f10x_rcc.o(.text)
    RCC_WaitForHSEStartUp                    0x080173a9   Thumb Code    48  stm32f10x_rcc.o(.text)
    RCC_AdjustHSICalibrationValue            0x080173d9   Thumb Code    38  stm32f10x_rcc.o(.text)
    RCC_HSICmd                               0x080173ff   Thumb Code    28  stm32f10x_rcc.o(.text)
    RCC_PLLConfig                            0x0801741b   Thumb Code   102  stm32f10x_rcc.o(.text)
    RCC_PLLCmd                               0x08017481   Thumb Code    28  stm32f10x_rcc.o(.text)
    RCC_PREDIV1Config                        0x0801749d   Thumb Code   122  stm32f10x_rcc.o(.text)
    RCC_PREDIV2Config                        0x08017517   Thumb Code    94  stm32f10x_rcc.o(.text)
    RCC_PLL2Config                           0x08017575   Thumb Code    86  stm32f10x_rcc.o(.text)
    RCC_PLL2Cmd                              0x080175cb   Thumb Code    28  stm32f10x_rcc.o(.text)
    RCC_PLL3Config                           0x080175e7   Thumb Code    86  stm32f10x_rcc.o(.text)
    RCC_PLL3Cmd                              0x0801763d   Thumb Code   108  stm32f10x_rcc.o(.text)
    RCC_SYSCLKConfig                         0x080176a9   Thumb Code    44  stm32f10x_rcc.o(.text)
    RCC_GetSYSCLKSource                      0x080176d5   Thumb Code    10  stm32f10x_rcc.o(.text)
    RCC_HCLKConfig                           0x080176df   Thumb Code    68  stm32f10x_rcc.o(.text)
    RCC_PCLK1Config                          0x08017723   Thumb Code    60  stm32f10x_rcc.o(.text)
    RCC_PCLK2Config                          0x0801775f   Thumb Code    62  stm32f10x_rcc.o(.text)
    RCC_ITConfig                             0x0801779d   Thumb Code    78  stm32f10x_rcc.o(.text)
    RCC_OTGFSCLKConfig                       0x080177eb   Thumb Code    30  stm32f10x_rcc.o(.text)
    RCC_ADCCLKConfig                         0x08017809   Thumb Code    54  stm32f10x_rcc.o(.text)
    RCC_I2S2CLKConfig                        0x0801783f   Thumb Code    30  stm32f10x_rcc.o(.text)
    RCC_I2S3CLKConfig                        0x0801785d   Thumb Code    30  stm32f10x_rcc.o(.text)
    RCC_LSEConfig                            0x0801787b   Thumb Code    72  stm32f10x_rcc.o(.text)
    RCC_LSICmd                               0x080178c3   Thumb Code    30  stm32f10x_rcc.o(.text)
    RCC_RTCCLKConfig                         0x080178e1   Thumb Code    48  stm32f10x_rcc.o(.text)
    RCC_RTCCLKCmd                            0x08017911   Thumb Code    30  stm32f10x_rcc.o(.text)
    RCC_GetClocksFreq                        0x0801792f   Thumb Code   422  stm32f10x_rcc.o(.text)
    RCC_AHBPeriphClockCmd                    0x08017ad5   Thumb Code    74  stm32f10x_rcc.o(.text)
    RCC_APB2PeriphClockCmd                   0x08017b1f   Thumb Code    74  stm32f10x_rcc.o(.text)
    RCC_APB1PeriphClockCmd                   0x08017b69   Thumb Code    74  stm32f10x_rcc.o(.text)
    RCC_AHBPeriphResetCmd                    0x08017bb3   Thumb Code    74  stm32f10x_rcc.o(.text)
    RCC_APB2PeriphResetCmd                   0x08017bfd   Thumb Code    74  stm32f10x_rcc.o(.text)
    RCC_APB1PeriphResetCmd                   0x08017c47   Thumb Code    74  stm32f10x_rcc.o(.text)
    RCC_BackupResetCmd                       0x08017c91   Thumb Code    30  stm32f10x_rcc.o(.text)
    RCC_ClockSecuritySystemCmd               0x08017caf   Thumb Code    30  stm32f10x_rcc.o(.text)
    RCC_MCOConfig                            0x08017ccd   Thumb Code    58  stm32f10x_rcc.o(.text)
    RCC_ClearFlag                            0x08017d07   Thumb Code    14  stm32f10x_rcc.o(.text)
    RCC_GetITStatus                          0x08017d15   Thumb Code    70  stm32f10x_rcc.o(.text)
    RCC_ClearITPendingBit                    0x08017d5b   Thumb Code    26  stm32f10x_rcc.o(.text)
    GPIO_DeInit                              0x08017d8d   Thumb Code   224  stm32f10x_gpio.o(.text)
    GPIO_AFIODeInit                          0x08017e6d   Thumb Code    20  stm32f10x_gpio.o(.text)
    GPIO_Init                                0x08017e81   Thumb Code   382  stm32f10x_gpio.o(.text)
    GPIO_StructInit                          0x08017fff   Thumb Code    16  stm32f10x_gpio.o(.text)
    GPIO_ReadInputDataBit                    0x0801800f   Thumb Code   170  stm32f10x_gpio.o(.text)
    GPIO_ReadInputData                       0x080180b9   Thumb Code    64  stm32f10x_gpio.o(.text)
    GPIO_ReadOutputDataBit                   0x080180f9   Thumb Code   260  stm32f10x_gpio.o(.text)
    GPIO_ReadOutputData                      0x080181fd   Thumb Code    66  stm32f10x_gpio.o(.text)
    GPIO_SetBits                             0x0801823f   Thumb Code    86  stm32f10x_gpio.o(.text)
    GPIO_ResetBits                           0x08018295   Thumb Code    86  stm32f10x_gpio.o(.text)
    GPIO_WriteBit                            0x080182eb   Thumb Code   188  stm32f10x_gpio.o(.text)
    GPIO_Write                               0x080183a7   Thumb Code    66  stm32f10x_gpio.o(.text)
    GPIO_PinLockConfig                       0x080183e9   Thumb Code   100  stm32f10x_gpio.o(.text)
    GPIO_EventOutputConfig                   0x0801844d   Thumb Code   138  stm32f10x_gpio.o(.text)
    GPIO_EventOutputCmd                      0x080184d7   Thumb Code    30  stm32f10x_gpio.o(.text)
    GPIO_PinRemapConfig                      0x080184f5   Thumb Code   540  stm32f10x_gpio.o(.text)
    GPIO_EXTILineConfig                      0x08018711   Thumb Code   186  stm32f10x_gpio.o(.text)
    GPIO_ETH_MediaInterfaceConfig            0x080187cb   Thumb Code    30  stm32f10x_gpio.o(.text)
    USART_DeInit                             0x080187f9   Thumb Code   174  stm32f10x_usart.o(.text)
    USART_Init                               0x080188a7   Thumb Code   450  stm32f10x_usart.o(.text)
    USART_StructInit                         0x08018a69   Thumb Code    24  stm32f10x_usart.o(.text)
    USART_ClockInit                          0x08018a81   Thumb Code   162  stm32f10x_usart.o(.text)
    USART_ClockStructInit                    0x08018b23   Thumb Code    12  stm32f10x_usart.o(.text)
    USART_Cmd                                0x08018b2f   Thumb Code    90  stm32f10x_usart.o(.text)
    USART_ITConfig                           0x08018b89   Thumb Code   338  stm32f10x_usart.o(.text)
    USART_DMACmd                             0x08018cdb   Thumb Code   118  stm32f10x_usart.o(.text)
    USART_SetAddress                         0x08018d51   Thumb Code    86  stm32f10x_usart.o(.text)
    USART_WakeUpConfig                       0x08018da7   Thumb Code    90  stm32f10x_usart.o(.text)
    USART_ReceiverWakeUpCmd                  0x08018e01   Thumb Code    94  stm32f10x_usart.o(.text)
    USART_LINBreakDetectLengthConfig         0x08018e5f   Thumb Code    88  stm32f10x_usart.o(.text)
    USART_LINCmd                             0x08018eb7   Thumb Code    94  stm32f10x_usart.o(.text)
    USART_SendData                           0x08018f15   Thumb Code    78  stm32f10x_usart.o(.text)
    USART_ReceiveData                        0x08018f63   Thumb Code    56  stm32f10x_usart.o(.text)
    USART_SendBreak                          0x08018f9b   Thumb Code    58  stm32f10x_usart.o(.text)
    USART_SetGuardTime                       0x08018fd5   Thumb Code    54  stm32f10x_usart.o(.text)
    USART_SetPrescaler                       0x0801900b   Thumb Code    66  stm32f10x_usart.o(.text)
    USART_SmartCardCmd                       0x0801904d   Thumb Code   104  stm32f10x_usart.o(.text)
    USART_SmartCardNACKCmd                   0x080190b5   Thumb Code    82  stm32f10x_usart.o(.text)
    USART_HalfDuplexCmd                      0x08019107   Thumb Code    94  stm32f10x_usart.o(.text)
    USART_OverSampling8Cmd                   0x08019165   Thumb Code    92  stm32f10x_usart.o(.text)
    USART_OneBitMethodCmd                    0x080191c1   Thumb Code    94  stm32f10x_usart.o(.text)
    USART_IrDAConfig                         0x0801921f   Thumb Code    88  stm32f10x_usart.o(.text)
    USART_IrDACmd                            0x08019277   Thumb Code    94  stm32f10x_usart.o(.text)
    USART_GetFlagStatus                      0x080192d5   Thumb Code   164  stm32f10x_usart.o(.text)
    USART_ClearFlag                          0x08019379   Thumb Code   122  stm32f10x_usart.o(.text)
    USART_GetITStatus                        0x080193f3   Thumb Code   276  stm32f10x_usart.o(.text)
    USART_ClearITPendingBit                  0x08019507   Thumb Code   156  stm32f10x_usart.o(.text)
    DMA_DeInit                               0x080195b9   Thumb Code   426  stm32f10x_dma.o(.text)
    DMA_Init                                 0x08019763   Thumb Code   388  stm32f10x_dma.o(.text)
    DMA_StructInit                           0x080198e7   Thumb Code    26  stm32f10x_dma.o(.text)
    DMA_Cmd                                  0x08019901   Thumb Code   152  stm32f10x_dma.o(.text)
    DMA_ITConfig                             0x08019999   Thumb Code   250  stm32f10x_dma.o(.text)
    DMA_SetCurrDataCounter                   0x08019a93   Thumb Code   116  stm32f10x_dma.o(.text)
    DMA_GetCurrDataCounter                   0x08019b07   Thumb Code   116  stm32f10x_dma.o(.text)
    DMA_GetFlagStatus                        0x08019b7b   Thumb Code   324  stm32f10x_dma.o(.text)
    DMA_ClearFlag                            0x08019cbf   Thumb Code    52  stm32f10x_dma.o(.text)
    DMA_GetITStatus                          0x08019cf3   Thumb Code   384  stm32f10x_dma.o(.text)
    DMA_ClearITPendingBit                    0x08019e73   Thumb Code    50  stm32f10x_dma.o(.text)
    NVIC_PriorityGroupConfig                 0x08019eb5   Thumb Code    54  misc.o(.text)
    NVIC_Init                                0x08019eeb   Thumb Code   176  misc.o(.text)
    NVIC_SetVectorTable                      0x08019f9b   Thumb Code    58  misc.o(.text)
    NVIC_SystemLPConfig                      0x08019fd5   Thumb Code    82  misc.o(.text)
    SysTick_CLKSourceConfig                  0x0801a027   Thumb Code    62  misc.o(.text)
    Reset_Handler                            0x0801a0b5   Thumb Code     8  startup_stm32f10x_cl.o(.text)
    ADC1_2_IRQHandler                        0x0801a0cf   Thumb Code     0  startup_stm32f10x_cl.o(.text)
    CAN1_RX0_IRQHandler                      0x0801a0cf   Thumb Code     0  startup_stm32f10x_cl.o(.text)
    CAN1_RX1_IRQHandler                      0x0801a0cf   Thumb Code     0  startup_stm32f10x_cl.o(.text)
    CAN1_SCE_IRQHandler                      0x0801a0cf   Thumb Code     0  startup_stm32f10x_cl.o(.text)
    CAN1_TX_IRQHandler                       0x0801a0cf   Thumb Code     0  startup_stm32f10x_cl.o(.text)
    CAN2_RX0_IRQHandler                      0x0801a0cf   Thumb Code     0  startup_stm32f10x_cl.o(.text)
    CAN2_RX1_IRQHandler                      0x0801a0cf   Thumb Code     0  startup_stm32f10x_cl.o(.text)
    CAN2_SCE_IRQHandler                      0x0801a0cf   Thumb Code     0  startup_stm32f10x_cl.o(.text)
    CAN2_TX_IRQHandler                       0x0801a0cf   Thumb Code     0  startup_stm32f10x_cl.o(.text)
    DMA1_Channel1_IRQHandler                 0x0801a0cf   Thumb Code     0  startup_stm32f10x_cl.o(.text)
    DMA1_Channel2_IRQHandler                 0x0801a0cf   Thumb Code     0  startup_stm32f10x_cl.o(.text)
    DMA1_Channel3_IRQHandler                 0x0801a0cf   Thumb Code     0  startup_stm32f10x_cl.o(.text)
    DMA1_Channel4_IRQHandler                 0x0801a0cf   Thumb Code     0  startup_stm32f10x_cl.o(.text)
    DMA1_Channel5_IRQHandler                 0x0801a0cf   Thumb Code     0  startup_stm32f10x_cl.o(.text)
    DMA1_Channel6_IRQHandler                 0x0801a0cf   Thumb Code     0  startup_stm32f10x_cl.o(.text)
    DMA1_Channel7_IRQHandler                 0x0801a0cf   Thumb Code     0  startup_stm32f10x_cl.o(.text)
    DMA2_Channel1_IRQHandler                 0x0801a0cf   Thumb Code     0  startup_stm32f10x_cl.o(.text)
    DMA2_Channel2_IRQHandler                 0x0801a0cf   Thumb Code     0  startup_stm32f10x_cl.o(.text)
    DMA2_Channel3_IRQHandler                 0x0801a0cf   Thumb Code     0  startup_stm32f10x_cl.o(.text)
    DMA2_Channel4_IRQHandler                 0x0801a0cf   Thumb Code     0  startup_stm32f10x_cl.o(.text)
    DMA2_Channel5_IRQHandler                 0x0801a0cf   Thumb Code     0  startup_stm32f10x_cl.o(.text)
    ETH_WKUP_IRQHandler                      0x0801a0cf   Thumb Code     0  startup_stm32f10x_cl.o(.text)
    EXTI0_IRQHandler                         0x0801a0cf   Thumb Code     0  startup_stm32f10x_cl.o(.text)
    EXTI15_10_IRQHandler                     0x0801a0cf   Thumb Code     0  startup_stm32f10x_cl.o(.text)
    EXTI1_IRQHandler                         0x0801a0cf   Thumb Code     0  startup_stm32f10x_cl.o(.text)
    EXTI2_IRQHandler                         0x0801a0cf   Thumb Code     0  startup_stm32f10x_cl.o(.text)
    EXTI3_IRQHandler                         0x0801a0cf   Thumb Code     0  startup_stm32f10x_cl.o(.text)
    EXTI4_IRQHandler                         0x0801a0cf   Thumb Code     0  startup_stm32f10x_cl.o(.text)
    EXTI9_5_IRQHandler                       0x0801a0cf   Thumb Code     0  startup_stm32f10x_cl.o(.text)
    FLASH_IRQHandler                         0x0801a0cf   Thumb Code     0  startup_stm32f10x_cl.o(.text)
    I2C1_ER_IRQHandler                       0x0801a0cf   Thumb Code     0  startup_stm32f10x_cl.o(.text)
    I2C1_EV_IRQHandler                       0x0801a0cf   Thumb Code     0  startup_stm32f10x_cl.o(.text)
    I2C2_ER_IRQHandler                       0x0801a0cf   Thumb Code     0  startup_stm32f10x_cl.o(.text)
    I2C2_EV_IRQHandler                       0x0801a0cf   Thumb Code     0  startup_stm32f10x_cl.o(.text)
    OTG_FS_IRQHandler                        0x0801a0cf   Thumb Code     0  startup_stm32f10x_cl.o(.text)
    OTG_FS_WKUP_IRQHandler                   0x0801a0cf   Thumb Code     0  startup_stm32f10x_cl.o(.text)
    PVD_IRQHandler                           0x0801a0cf   Thumb Code     0  startup_stm32f10x_cl.o(.text)
    RCC_IRQHandler                           0x0801a0cf   Thumb Code     0  startup_stm32f10x_cl.o(.text)
    RTCAlarm_IRQHandler                      0x0801a0cf   Thumb Code     0  startup_stm32f10x_cl.o(.text)
    RTC_IRQHandler                           0x0801a0cf   Thumb Code     0  startup_stm32f10x_cl.o(.text)
    SPI1_IRQHandler                          0x0801a0cf   Thumb Code     0  startup_stm32f10x_cl.o(.text)
    SPI2_IRQHandler                          0x0801a0cf   Thumb Code     0  startup_stm32f10x_cl.o(.text)
    SPI3_IRQHandler                          0x0801a0cf   Thumb Code     0  startup_stm32f10x_cl.o(.text)
    TAMPER_IRQHandler                        0x0801a0cf   Thumb Code     0  startup_stm32f10x_cl.o(.text)
    TIM1_BRK_IRQHandler                      0x0801a0cf   Thumb Code     0  startup_stm32f10x_cl.o(.text)
    TIM1_CC_IRQHandler                       0x0801a0cf   Thumb Code     0  startup_stm32f10x_cl.o(.text)
    TIM1_TRG_COM_IRQHandler                  0x0801a0cf   Thumb Code     0  startup_stm32f10x_cl.o(.text)
    TIM1_UP_IRQHandler                       0x0801a0cf   Thumb Code     0  startup_stm32f10x_cl.o(.text)
    TIM2_IRQHandler                          0x0801a0cf   Thumb Code     0  startup_stm32f10x_cl.o(.text)
    TIM3_IRQHandler                          0x0801a0cf   Thumb Code     0  startup_stm32f10x_cl.o(.text)
    TIM4_IRQHandler                          0x0801a0cf   Thumb Code     0  startup_stm32f10x_cl.o(.text)
    TIM5_IRQHandler                          0x0801a0cf   Thumb Code     0  startup_stm32f10x_cl.o(.text)
    TIM6_IRQHandler                          0x0801a0cf   Thumb Code     0  startup_stm32f10x_cl.o(.text)
    TIM7_IRQHandler                          0x0801a0cf   Thumb Code     0  startup_stm32f10x_cl.o(.text)
    UART4_IRQHandler                         0x0801a0cf   Thumb Code     0  startup_stm32f10x_cl.o(.text)
    UART5_IRQHandler                         0x0801a0cf   Thumb Code     0  startup_stm32f10x_cl.o(.text)
    WWDG_IRQHandler                          0x0801a0cf   Thumb Code     0  startup_stm32f10x_cl.o(.text)
    __user_initial_stackheap                 0x0801a0d1   Thumb Code     0  startup_stm32f10x_cl.o(.text)
    udp_transpond_demo                       0x0801a0f5   Thumb Code   202  network.o(.text)
    __rt_ctype_table                         0x0801a20d   Thumb Code    16  rt_ctype_table.o(.text)
    atoi                                     0x0801a21d   Thumb Code    26  atoi.o(.text)
    strcpy                                   0x0801a237   Thumb Code    72  strcpy.o(.text)
    strlen                                   0x0801a27f   Thumb Code    62  strlen.o(.text)
    strncmp                                  0x0801a2bd   Thumb Code   140  strncmp.o(.text)
    __aeabi_memcpy                           0x0801a349   Thumb Code     0  rt_memcpy_v6.o(.text)
    __rt_memcpy                              0x0801a349   Thumb Code   138  rt_memcpy_v6.o(.text)
    _memcpy_lastbytes                        0x0801a3af   Thumb Code     0  rt_memcpy_v6.o(.text)
    __aeabi_memcpy4                          0x0801a3d3   Thumb Code     0  rt_memcpy_w.o(.text)
    __aeabi_memcpy8                          0x0801a3d3   Thumb Code     0  rt_memcpy_w.o(.text)
    __rt_memcpy_w                            0x0801a3d3   Thumb Code   100  rt_memcpy_w.o(.text)
    _memcpy_lastbytes_aligned                0x0801a41b   Thumb Code     0  rt_memcpy_w.o(.text)
    __aeabi_memclr                           0x0801a437   Thumb Code     0  rt_memclr.o(.text)
    __rt_memclr                              0x0801a437   Thumb Code    68  rt_memclr.o(.text)
    _memset                                  0x0801a43b   Thumb Code     0  rt_memclr.o(.text)
    __aeabi_memclr4                          0x0801a47b   Thumb Code     0  rt_memclr_w.o(.text)
    __aeabi_memclr8                          0x0801a47b   Thumb Code     0  rt_memclr_w.o(.text)
    __rt_memclr_w                            0x0801a47b   Thumb Code    78  rt_memclr_w.o(.text)
    _memset_w                                0x0801a47f   Thumb Code     0  rt_memclr_w.o(.text)
    strncpy                                  0x0801a4c9   Thumb Code    86  strncpy.o(.text)
    __use_two_region_memory                  0x0801a51f   Thumb Code     2  heapauxi.o(.text)
    __rt_heap_escrow$2region                 0x0801a521   Thumb Code     2  heapauxi.o(.text)
    __rt_heap_expand$2region                 0x0801a523   Thumb Code     2  heapauxi.o(.text)
    __rt_locale                              0x0801a525   Thumb Code    12  rt_locale_intlibspace.o(.text)
    __aeabi_errno_addr                       0x0801a531   Thumb Code    12  rt_errno_addr_intlibspace.o(.text)
    __errno$intlibspace                      0x0801a531   Thumb Code     0  rt_errno_addr_intlibspace.o(.text)
    __rt_errno_addr$intlibspace              0x0801a531   Thumb Code     0  rt_errno_addr_intlibspace.o(.text)
    strtol                                   0x0801a53d   Thumb Code   112  strtol.o(.text)
    __user_libspace                          0x0801a5ad   Thumb Code     8  libspace.o(.text)
    __user_perproc_libspace                  0x0801a5ad   Thumb Code     0  libspace.o(.text)
    __user_perthread_libspace                0x0801a5ad   Thumb Code     0  libspace.o(.text)
    _strtoul                                 0x0801a5b5   Thumb Code   156  _strtoul.o(.text)
    __user_setup_stackheap                   0x0801a651   Thumb Code    74  sys_stackheap_outer.o(.text)
    _chval                                   0x0801a69b   Thumb Code    32  _chval.o(.text)
    exit                                     0x0801a6bb   Thumb Code    12  exit.o(.text)
    __rt_fp_status_addr                      0x0801a6c9   Thumb Code    12  rt_fp_status_addr_intlibspace.o(.text)
    _sys_exit                                0x0801a6d5   Thumb Code     8  sys_exit.o(.text)
    __I$use$semihosting                      0x0801a6e1   Thumb Code     0  use_no_semi.o(.text)
    __use_no_semihosting_swi                 0x0801a6e1   Thumb Code     2  use_no_semi.o(.text)
    CS_HIGH                                  0x0801a6e5   Thumb Code    10  rf_driver.o(i.CS_HIGH)
    CS_LOW                                   0x0801a6f5   Thumb Code    10  rf_driver.o(i.CS_LOW)
    PA_SLEEP                                 0x0801a705   Thumb Code    12  rf_driver.o(i.PA_SLEEP)
    SDIO_OUTPUT                              0x0801a715   Thumb Code    32  rf_driver.o(i.SDIO_OUTPUT)
    _get_lc_ctype                            0x0801a739   Thumb Code    44  lc_ctype_c.o(locale$$code)
    _fp_init                                 0x0801a765   Thumb Code    14  fpinit.o(x$fpl$fpinit)
    __fplib_config_pureend_doubles           0x0801a771   Thumb Code     0  fpinit.o(x$fpl$fpinit)
    __fsym_list_mem_name                     0x0801aaa4   Data           9  mem.o(.constdata)
    __fsym_list_mem_desc                     0x0801aaad   Data          30  mem.o(.constdata)
    rt_lowest_bitmap                         0x0801aca0   Data         256  scheduler.o(.constdata)
    __fsym_mkfs_name                         0x0801af2a   Data           5  dfs_fs.o(.constdata)
    __fsym_mkfs_desc                         0x0801af2f   Data          19  dfs_fs.o(.constdata)
    __fsym_df_name                           0x0801af42   Data           3  dfs_fs.o(.constdata)
    __fsym_df_desc                           0x0801af45   Data          14  dfs_fs.o(.constdata)
    __fsym_ls_name                           0x0801af70   Data           3  dfs_file.o(.constdata)
    __fsym_ls_desc                           0x0801af73   Data          24  dfs_file.o(.constdata)
    __fsym_rm_name                           0x0801af8b   Data           3  dfs_file.o(.constdata)
    __fsym_rm_desc                           0x0801af8e   Data          28  dfs_file.o(.constdata)
    __fsym_cat_name                          0x0801afaa   Data           4  dfs_file.o(.constdata)
    __fsym_cat_desc                          0x0801afae   Data          11  dfs_file.o(.constdata)
    __fsym_copy_name                         0x0801afb9   Data           5  dfs_file.o(.constdata)
    __fsym_copy_desc                         0x0801afbe   Data          37  dfs_file.o(.constdata)
    __fsym_mkdir_name                        0x0801afe3   Data           6  dfs_posix.o(.constdata)
    __fsym_mkdir_desc                        0x0801afe9   Data          19  dfs_posix.o(.constdata)
    __fsym_hello_name                        0x0801affc   Data           6  cmd.o(.constdata)
    __fsym_hello_desc                        0x0801b002   Data          16  cmd.o(.constdata)
    __fsym_version_name                      0x0801b012   Data           8  cmd.o(.constdata)
    __fsym_version_desc                      0x0801b01a   Data          35  cmd.o(.constdata)
    __fsym_list_thread_name                  0x0801b03d   Data          12  cmd.o(.constdata)
    __fsym_list_thread_desc                  0x0801b049   Data          12  cmd.o(.constdata)
    __fsym_list_sem_name                     0x0801b055   Data           9  cmd.o(.constdata)
    __fsym_list_sem_desc                     0x0801b05e   Data          25  cmd.o(.constdata)
    __fsym_list_event_name                   0x0801b077   Data          11  cmd.o(.constdata)
    __fsym_list_event_desc                   0x0801b082   Data          21  cmd.o(.constdata)
    __fsym_list_mutex_name                   0x0801b097   Data          11  cmd.o(.constdata)
    __fsym_list_mutex_desc                   0x0801b0a2   Data          21  cmd.o(.constdata)
    __fsym_list_mailbox_name                 0x0801b0b7   Data          13  cmd.o(.constdata)
    __fsym_list_mailbox_desc                 0x0801b0c4   Data          24  cmd.o(.constdata)
    __fsym_list_msgqueue_name                0x0801b0dc   Data          14  cmd.o(.constdata)
    __fsym_list_msgqueue_desc                0x0801b0ea   Data          29  cmd.o(.constdata)
    __fsym_list_mempool_name                 0x0801b107   Data          13  cmd.o(.constdata)
    __fsym_list_mempool_desc                 0x0801b114   Data          27  cmd.o(.constdata)
    __fsym_list_timer_name                   0x0801b12f   Data          11  cmd.o(.constdata)
    __fsym_list_timer_desc                   0x0801b13a   Data          21  cmd.o(.constdata)
    __fsym_list_device_name                  0x0801b14f   Data          12  cmd.o(.constdata)
    __fsym_list_device_desc                  0x0801b15b   Data          22  cmd.o(.constdata)
    __fsym_list_name                         0x0801b171   Data           5  cmd.o(.constdata)
    __fsym_list_desc                         0x0801b176   Data          26  cmd.o(.constdata)
    __vsym_dummy_name                        0x0801b190   Data           6  cmd.o(.constdata)
    __vsym_dummy_desc                        0x0801b196   Data          25  cmd.o(.constdata)
    op_table                                 0x0801b280   Data         196  finsh_ops.o(.constdata)
    memp_sizes                               0x0801b430   Data          28  memp.o(.constdata)
    tcp_backoff                              0x0801b44c   Data          13  tcp.o(.constdata)
    tcp_persist_backoff                      0x0801b459   Data           7  tcp.o(.constdata)
    ip_addr_any                              0x0801b460   Data           4  ip_addr.o(.constdata)
    ip_addr_broadcast                        0x0801b464   Data           4  ip_addr.o(.constdata)
    ethbroadcast                             0x0801b468   Data           6  etharp.o(.constdata)
    ethzero                                  0x0801b46e   Data           6  etharp.o(.constdata)
    __fsym_set_if_name                       0x0801b474   Data           7  ethernetif.o(.constdata)
    __fsym_set_if_desc                       0x0801b47b   Data          30  ethernetif.o(.constdata)
    __fsym_set_dns_name                      0x0801b499   Data           8  ethernetif.o(.constdata)
    __fsym_set_dns_desc                      0x0801b4a1   Data          23  ethernetif.o(.constdata)
    __fsym_list_if_name                      0x0801b4b8   Data           8  ethernetif.o(.constdata)
    __fsym_list_if_desc                      0x0801b4c0   Data          35  ethernetif.o(.constdata)
    __fsym_list_tcps_name                    0x0801b4e3   Data          10  ethernetif.o(.constdata)
    __fsym_list_tcps_desc                    0x0801b4ed   Data          20  ethernetif.o(.constdata)
    FSymTab$$Base                            0x0801b764   Number         0  mem.o(FSymTab)
    __fsym_list_mem                          0x0801b764   Data          12  mem.o(FSymTab)
    __fsym_mkfs                              0x0801b770   Data          12  dfs_fs.o(FSymTab)
    __fsym_df                                0x0801b77c   Data          12  dfs_fs.o(FSymTab)
    __fsym_ls                                0x0801b788   Data          12  dfs_file.o(FSymTab)
    __fsym_rm                                0x0801b794   Data          12  dfs_file.o(FSymTab)
    __fsym_cat                               0x0801b7a0   Data          12  dfs_file.o(FSymTab)
    __fsym_copy                              0x0801b7ac   Data          12  dfs_file.o(FSymTab)
    __fsym_mkdir                             0x0801b7b8   Data          12  dfs_posix.o(FSymTab)
    __fsym_hello                             0x0801b7c4   Data          12  cmd.o(FSymTab)
    __fsym_version                           0x0801b7d0   Data          12  cmd.o(FSymTab)
    __fsym_list_thread                       0x0801b7dc   Data          12  cmd.o(FSymTab)
    __fsym_list_sem                          0x0801b7e8   Data          12  cmd.o(FSymTab)
    __fsym_list_event                        0x0801b7f4   Data          12  cmd.o(FSymTab)
    __fsym_list_mutex                        0x0801b800   Data          12  cmd.o(FSymTab)
    __fsym_list_mailbox                      0x0801b80c   Data          12  cmd.o(FSymTab)
    __fsym_list_msgqueue                     0x0801b818   Data          12  cmd.o(FSymTab)
    __fsym_list_mempool                      0x0801b824   Data          12  cmd.o(FSymTab)
    __fsym_list_timer                        0x0801b830   Data          12  cmd.o(FSymTab)
    __fsym_list_device                       0x0801b83c   Data          12  cmd.o(FSymTab)
    __fsym_list                              0x0801b848   Data          12  cmd.o(FSymTab)
    __fsym_set_if                            0x0801b854   Data          12  ethernetif.o(FSymTab)
    __fsym_set_dns                           0x0801b860   Data          12  ethernetif.o(FSymTab)
    __fsym_list_if                           0x0801b86c   Data          12  ethernetif.o(FSymTab)
    __fsym_list_tcps                         0x0801b878   Data          12  ethernetif.o(FSymTab)
    FSymTab$$Limit                           0x0801b884   Number         0  ethernetif.o(FSymTab)
    Region$$Table$$Base                      0x0801b884   Number         0  anon$$obj.o(Region$$Table)
    Region$$Table$$Limit                     0x0801b8a4   Number         0  anon$$obj.o(Region$$Table)
    VSymTab$$Base                            0x0801b8a4   Number         0  cmd.o(VSymTab)
    __vsym_dummy                             0x0801b8a4   Data          16  cmd.o(VSymTab)
    VSymTab$$Limit                           0x0801b8b4   Number         0  cmd.o(VSymTab)
    __ctype                                  0x0801b8c1   Data           0  lc_ctype_c.o(locale$$data)
    DMATxDescToSet                           0x20000000   Data           4  stm32_eth.o(.data)
    DMARxDescToGet                           0x20000004   Data           4  stm32_eth.o(.data)
    DMAPTPTxDescToSet                        0x20000008   Data           4  stm32_eth.o(.data)
    DMAPTPRxDescToGet                        0x2000000c   Data           4  stm32_eth.o(.data)
    uart2                                    0x20000010   Data          12  usart.o(.data)
    rf_config_array                          0x2000001c   Data          52  rf_cfg.o(.data)
    rt_interrupt_nest                        0x20000058   Data           1  irq.o(.data)
    rt_object_container                      0x2000008c   Data         144  object.o(.data)
    rt_object_trytake_hook                   0x20000124   Data           4  object.o(.data)
    rt_object_take_hook                      0x20000128   Data           4  object.o(.data)
    rt_object_put_hook                       0x2000012c   Data           4  object.o(.data)
    rt_current_thread                        0x20000134   Data           4  scheduler.o(.data)
    rt_current_priority                      0x20000138   Data           1  scheduler.o(.data)
    rt_thread_ready_priority_group           0x2000013c   Data           4  scheduler.o(.data)
    rt_thread_defunct                        0x20000140   Data           8  scheduler.o(.data)
    rt_interrupt_from_thread                 0x20000158   Data           4  cpuport.o(.data)
    rt_interrupt_to_thread                   0x2000015c   Data           4  cpuport.o(.data)
    rt_thread_switch_interrupt_flag          0x20000160   Data           4  cpuport.o(.data)
    finsh_compile_sp                         0x20000168   Data           4  finsh_compiler.o(.data)
    finsh_compile_pc                         0x2000016c   Data           4  finsh_compiler.o(.data)
    global_errno                             0x200001ac   Data           1  finsh_error.o(.data)
    global_sysvar_list                       0x200001b8   Data           4  finsh_var.o(.data)
    global_syscall_list                      0x200001bc   Data           4  finsh_vm.o(.data)
    finsh_sp                                 0x200001c0   Data           4  finsh_vm.o(.data)
    finsh_pc                                 0x200001c4   Data           4  finsh_vm.o(.data)
    shell                                    0x200001c8   Data           4  shell.o(.data)
    _syscall_table_begin                     0x200001cc   Data           4  symbol.o(.data)
    _syscall_table_end                       0x200001d0   Data           4  symbol.o(.data)
    _sysvar_table_begin                      0x200001d4   Data           4  symbol.o(.data)
    _sysvar_table_end                        0x200001d8   Data           4  symbol.o(.data)
    netif_list                               0x20000210   Data           4  netif.o(.data)
    netif_default                            0x20000214   Data           4  netif.o(.data)
    tcp_state_str                            0x20000220   Data          44  tcp.o(.data)
    tcp_ticks                                0x20000254   Data           4  tcp.o(.data)
    tcp_bound_pcbs                           0x20000258   Data           4  tcp.o(.data)
    tcp_listen_pcbs                          0x2000025c   Data           4  tcp.o(.data)
    tcp_active_pcbs                          0x20000260   Data           4  tcp.o(.data)
    tcp_tw_pcbs                              0x20000264   Data           4  tcp.o(.data)
    tcp_tmp_pcb                              0x20000268   Data           4  tcp.o(.data)
    tcp_input_pcb                            0x2000028c   Data           4  tcp_in.o(.data)
    udp_pcbs                                 0x20000290   Data           4  udp.o(.data)
    current_netif                            0x20000298   Data           4  ip.o(.data)
    current_header                           0x2000029c   Data           4  ip.o(.data)
    SystemCoreClock                          0x200002a8   Data           4  system_stm32f10x.o(.data)
    AHBPrescTable                            0x200002ac   Data          16  system_stm32f10x.o(.data)
    uart2_int_rx                             0x20002828   Data         136  usart.o(.bss)
    uart2_device                             0x200028b0   Data          64  usart.o(.bss)
    rt_thread_priority_table                 0x20002b10   Data         256  scheduler.o(.bss)
    filesystem_operation_table               0x20002c10   Data          16  dfs.o(.bss)
    filesystem_table                         0x20002c20   Data          32  dfs.o(.bss)
    fd_table                                 0x20002c64   Data         128  dfs.o(.bss)
    finsh_heap                               0x20002e08   Data         128  finsh_heap.o(.bss)
    global_node_table                        0x20002e88   Data         320  finsh_node.o(.bss)
    global_variable                          0x20002fc8   Data         192  finsh_var.o(.bss)
    finsh_vm_stack                           0x20003088   Data         256  finsh_vm.o(.bss)
    text_segment                             0x20003188   Data         128  finsh_vm.o(.bss)
    data                                     0x20004e04   Data          70  network.o(.bss)
    __libspace_start                         0x20004e4c   Data          96  libspace.o(.bss)
    __temporary_stack_top$libspace           0x20004eac   Data           0  libspace.o(.bss)
    Image$$RW_IRAM1$$ZI$$Limit               0x200054b0   Number         0  startup_stm32f10x_cl.o(STACK)



==============================================================================

Memory Map of the image

  Image Entry point : 0x08000151

  Load Region LR_IROM1 (Base: 0x08000000, Size: 0x0001bc94, Max: 0x00040000, ABSOLUTE, COMPRESSED[0x0001bac0])

    Execution Region ER_IROM1 (Base: 0x08000000, Size: 0x0001b9c4, Max: 0x00040000, ABSOLUTE)

    Base Addr    Size         Type   Attr      Idx    E Section Name        Object

    0x08000000   0x00000150   Data   RO         2350    RESET               startup_stm32f10x_cl.o
    0x08000150   0x00000008   Code   RO         2399  * !!!main             c_w.l(__main.o)(c_w.l)
    0x08000158   0x00000034   Code   RO         2582    !!!scatter          c_w.l(__scatter.o)(c_w.l)
    0x0800018c   0x0000005a   Code   RO         2580    !!dczerorl2         c_w.l(__dczerorl2.o)(c_w.l)
    0x080001e6   0x00000002   PAD
    0x080001e8   0x0000001c   Code   RO         2584    !!handler_zi        c_w.l(__scatter_zi.o)(c_w.l)
    0x08000204   0x00000006   Code   RO         2496    .ARM.Collect$$libinit$$00000000  c_w.l(libinit.o)(c_w.l)
    0x0800020a   0x00000000   Code   RO         2443    .ARM.Collect$$libinit$$00000006  c_w.l(libinit2.o)(c_w.l)
    0x0800020a   0x00000000   Code   RO         2445    .ARM.Collect$$libinit$$00000008  c_w.l(libinit2.o)(c_w.l)
    0x0800020a   0x00000000   Code   RO         2447    .ARM.Collect$$libinit$$0000000A  c_w.l(libinit2.o)(c_w.l)
    0x0800020a   0x00000006   Code   RO         2448    .ARM.Collect$$libinit$$0000000B  c_w.l(libinit2.o)(c_w.l)
    0x08000210   0x00000000   Code   RO         2450    .ARM.Collect$$libinit$$0000000D  c_w.l(libinit2.o)(c_w.l)
    0x08000210   0x0000000c   Code   RO         2451    .ARM.Collect$$libinit$$0000000E  c_w.l(libinit2.o)(c_w.l)
    0x0800021c   0x00000000   Code   RO         2452    .ARM.Collect$$libinit$$0000000F  c_w.l(libinit2.o)(c_w.l)
    0x0800021c   0x00000000   Code   RO         2454    .ARM.Collect$$libinit$$00000011  c_w.l(libinit2.o)(c_w.l)
    0x0800021c   0x00000000   Code   RO         2456    .ARM.Collect$$libinit$$00000013  c_w.l(libinit2.o)(c_w.l)
    0x0800021c   0x00000000   Code   RO         2458    .ARM.Collect$$libinit$$00000015  c_w.l(libinit2.o)(c_w.l)
    0x0800021c   0x00000000   Code   RO         2460    .ARM.Collect$$libinit$$00000017  c_w.l(libinit2.o)(c_w.l)
    0x0800021c   0x00000000   Code   RO         2462    .ARM.Collect$$libinit$$00000019  c_w.l(libinit2.o)(c_w.l)
    0x0800021c   0x00000000   Code   RO         2464    .ARM.Collect$$libinit$$0000001B  c_w.l(libinit2.o)(c_w.l)
    0x0800021c   0x00000000   Code   RO         2466    .ARM.Collect$$libinit$$0000001D  c_w.l(libinit2.o)(c_w.l)
    0x0800021c   0x00000000   Code   RO         2468    .ARM.Collect$$libinit$$0000001F  c_w.l(libinit2.o)(c_w.l)
    0x0800021c   0x00000000   Code   RO         2470    .ARM.Collect$$libinit$$00000021  c_w.l(libinit2.o)(c_w.l)
    0x0800021c   0x00000000   Code   RO         2474    .ARM.Collect$$libinit$$00000028  c_w.l(libinit2.o)(c_w.l)
    0x0800021c   0x00000000   Code   RO         2476    .ARM.Collect$$libinit$$0000002A  c_w.l(libinit2.o)(c_w.l)
    0x0800021c   0x00000000   Code   RO         2478    .ARM.Collect$$libinit$$0000002C  c_w.l(libinit2.o)(c_w.l)
    0x0800021c   0x00000000   Code   RO         2480    .ARM.Collect$$libinit$$0000002E  c_w.l(libinit2.o)(c_w.l)
    0x0800021c   0x00000002   Code   RO         2481    .ARM.Collect$$libinit$$0000002F  c_w.l(libinit2.o)(c_w.l)
    0x0800021e   0x00000002   Code   RO         2538    .ARM.Collect$$libshutdown$$00000000  c_w.l(libshutdown.o)(c_w.l)
    0x08000220   0x00000000   Code   RO         2545    .ARM.Collect$$libshutdown$$00000003  c_w.l(libshutdown2.o)(c_w.l)
    0x08000220   0x00000000   Code   RO         2548    .ARM.Collect$$libshutdown$$00000006  c_w.l(libshutdown2.o)(c_w.l)
    0x08000220   0x00000000   Code   RO         2551    .ARM.Collect$$libshutdown$$00000009  c_w.l(libshutdown2.o)(c_w.l)
    0x08000220   0x00000000   Code   RO         2553    .ARM.Collect$$libshutdown$$0000000B  c_w.l(libshutdown2.o)(c_w.l)
    0x08000220   0x00000000   Code   RO         2556    .ARM.Collect$$libshutdown$$0000000E  c_w.l(libshutdown2.o)(c_w.l)
    0x08000220   0x00000002   Code   RO         2557    .ARM.Collect$$libshutdown$$0000000F  c_w.l(libshutdown2.o)(c_w.l)
    0x08000222   0x00000000   Code   RO         2401    .ARM.Collect$$rtentry$$00000000  c_w.l(rtentry.o)(c_w.l)
    0x08000222   0x00000000   Code   RO         2422    .ARM.Collect$$rtentry$$00000002  c_w.l(rtentry2.o)(c_w.l)
    0x08000222   0x00000006   Code   RO         2437    .ARM.Collect$$rtentry$$00000004  c_w.l(rtentry4.o)(c_w.l)
    0x08000228   0x00000000   Code   RO         2424    .ARM.Collect$$rtentry$$00000009  c_w.l(rtentry2.o)(c_w.l)
    0x08000228   0x00000004   Code   RO         2425    .ARM.Collect$$rtentry$$0000000A  c_w.l(rtentry2.o)(c_w.l)
    0x0800022c   0x00000000   Code   RO         2427    .ARM.Collect$$rtentry$$0000000C  c_w.l(rtentry2.o)(c_w.l)
    0x0800022c   0x00000008   Code   RO         2428    .ARM.Collect$$rtentry$$0000000D  c_w.l(rtentry2.o)(c_w.l)
    0x08000234   0x00000002   Code   RO         2497    .ARM.Collect$$rtexit$$00000000  c_w.l(rtexit.o)(c_w.l)
    0x08000236   0x00000000   Code   RO         2508    .ARM.Collect$$rtexit$$00000002  c_w.l(rtexit2.o)(c_w.l)
    0x08000236   0x00000004   Code   RO         2509    .ARM.Collect$$rtexit$$00000003  c_w.l(rtexit2.o)(c_w.l)
    0x0800023a   0x00000006   Code   RO         2510    .ARM.Collect$$rtexit$$00000004  c_w.l(rtexit2.o)(c_w.l)
    0x08000240   0x0000006c   Code   RO            1    .text               application.o
    0x080002ac   0x000000a4   Code   RO          178    .text               board.o
    0x08000350   0x00000644   Code   RO          226    .text               serial.o
    0x08000994   0x000000d0   Code   RO          242    .text               startup.o
    0x08000a64   0x0000245c   Code   RO          255    .text               stm32_eth.o
    0x08002ec0   0x00000034   Code   RO          292    .text               stm32f10x_it.o
    0x08002ef4   0x00000108   Code   RO          308    .text               usart.o
    0x08002ffc   0x0000015c   Code   RO          327    .text               rf_cfg.o
    0x08003158   0x000003b8   Code   RO          345    .text               rf_driver.o
    0x08003510   0x00000068   Code   RO          421    .text               clock.o
    0x08003578   0x000003a0   Code   RO          435    .text               device.o
    0x08003918   0x00000160   Code   RO          452    .text               idle.o
    0x08003a78   0x000017b2   Code   RO          472    .text               ipc.o
    0x0800522a   0x00000002   PAD
    0x0800522c   0x00000048   Code   RO          489    .text               irq.o
    0x08005274   0x0000085c   Code   RO          504    .text               kservice.o
    0x08005ad0   0x00000978   Code   RO          520    .text               mem.o
    0x08006448   0x00000428   Code   RO          552    .text               mempool.o
    0x08006870   0x00000330   Code   RO          579    .text               object.o
    0x08006ba0   0x000003c8   Code   RO          612    .text               scheduler.o
    0x08006f68   0x00000694   Code   RO          639    .text               thread.o
    0x080075fc   0x00000428   Code   RO          656    .text               timer.o
    0x08007a24   0x000000c4   Code   RO          709    .text               context_rvds.o
    0x08007ae8   0x000001b4   Code   RO          714    .text               cpuport.o
    0x08007c9c   0x000003c4   Code   RO          731    .text               dfs.o
    0x08008060   0x0000057c   Code   RO          764    .text               dfs_fs.o
    0x080085dc   0x00000684   Code   RO          786    .text               dfs_file.o
    0x08008c60   0x0000054c   Code   RO          806    .text               dfs_posix.o
    0x080091ac   0x00000a30   Code   RO          868    .text               cmd.o
    0x08009bdc   0x0000182c   Code   RO          888    .text               finsh_compiler.o
    0x0800b408   0x0000002c   Code   RO          925    .text               finsh_error.o
    0x0800b434   0x00000210   Code   RO          941    .text               finsh_heap.o
    0x0800b644   0x00000058   Code   RO          957    .text               finsh_init.o
    0x0800b69c   0x00000184   Code   RO          975    .text               finsh_node.o
    0x0800b820   0x00000a58   Code   RO          990    .text               finsh_ops.o
    0x0800c278   0x00000972   Code   RO         1008    .text               finsh_parser.o
    0x0800cbea   0x00000002   PAD
    0x0800cbec   0x00000628   Code   RO         1023    .text               finsh_token.o
    0x0800d214   0x00000198   Code   RO         1038    .text               finsh_var.o
    0x0800d3ac   0x000000e4   Code   RO         1061    .text               finsh_vm.o
    0x0800d490   0x00000798   Code   RO         1088    .text               shell.o
    0x0800dc28   0x00000438   Code   RO         1122    .text               api_lib.o
    0x0800e060   0x00000b84   Code   RO         1199    .text               api_msg.o
    0x0800ebe4   0x00000192   Code   RO         1252    .text               netbuf.o
    0x0800ed76   0x00000002   PAD
    0x0800ed78   0x000000f6   Code   RO         1305    .text               netifapi.o
    0x0800ee6e   0x00000002   PAD
    0x0800ee70   0x00001370   Code   RO         1329    .text               sockets.o
    0x080101e0   0x000003ac   Code   RO         1369    .text               tcpip.o
    0x0801058c   0x000002f4   Code   RO         1426    .text               sys_arch.o
    0x08010880   0x0000014c   Code   RO         1468    .text               sys_arch_init.o
    0x080109cc   0x000005e4   Code   RO         1533    .text               dns.o
    0x08010fb0   0x00000012   Code   RO         1551    .text               init.o
    0x08010fc2   0x00000002   PAD
    0x08010fc4   0x0000007c   Code   RO         1603    .text               memp.o
    0x08011040   0x00000368   Code   RO         1643    .text               netif.o
    0x080113a8   0x0000063c   Code   RO         1680    .text               pbuf.o
    0x080119e4   0x000001a0   Code   RO         1706    .text               raw.o
    0x08011b84   0x0000025c   Code   RO         1726    .text               sys.o
    0x08011de0   0x00000c58   Code   RO         1747    .text               tcp.o
    0x08012a38   0x000016d0   Code   RO         1768    .text               tcp_in.o
    0x08014108   0x00000a94   Code   RO         1791    .text               tcp_out.o
    0x08014b9c   0x000003e4   Code   RO         1803    .text               udp.o
    0x08014f80   0x0000022e   Code   RO         1827    .text               icmp.o
    0x080151ae   0x00000002   PAD
    0x080151b0   0x0000021c   Code   RO         1845    .text               inet.o
    0x080153cc   0x00000156   Code   RO         1858    .text               inet_chksum.o
    0x08015522   0x00000002   PAD
    0x08015524   0x00000328   Code   RO         1870    .text               ip.o
    0x0801584c   0x0000004e   Code   RO         1891    .text               ip_addr.o
    0x0801589a   0x00000002   PAD
    0x0801589c   0x000005e0   Code   RO         1913    .text               ip_frag.o
    0x08015e7c   0x00000934   Code   RO         1931    .text               etharp.o
    0x080167b0   0x0000085c   Code   RO         1951    .text               ethernetif.o
    0x0801700c   0x0000026c   Code   RO         2046    .text               system_stm32f10x.o
    0x08017278   0x00000b14   Code   RO         2076    .text               stm32f10x_rcc.o
    0x08017d8c   0x00000a6c   Code   RO         2261    .text               stm32f10x_gpio.o
    0x080187f8   0x00000dc0   Code   RO         2273    .text               stm32f10x_usart.o
    0x080195b8   0x000008fc   Code   RO         2297    .text               stm32f10x_dma.o
    0x08019eb4   0x00000200   Code   RO         2336    .text               misc.o
    0x0801a0b4   0x00000040   Code   RO         2351    .text               startup_stm32f10x_cl.o
    0x0801a0f4   0x00000118   Code   RO         2355    .text               network.o
    0x0801a20c   0x00000010   Code   RO         2377    .text               c_w.l(rt_ctype_table.o)(c_w.l)
    0x0801a21c   0x0000001a   Code   RO         2379    .text               c_w.l(atoi.o)(c_w.l)
    0x0801a236   0x00000048   Code   RO         2381    .text               c_w.l(strcpy.o)(c_w.l)
    0x0801a27e   0x0000003e   Code   RO         2383    .text               c_w.l(strlen.o)(c_w.l)
    0x0801a2bc   0x0000008c   Code   RO         2385    .text               c_w.l(strncmp.o)(c_w.l)
    0x0801a348   0x0000008a   Code   RO         2387    .text               c_w.l(rt_memcpy_v6.o)(c_w.l)
    0x0801a3d2   0x00000064   Code   RO         2389    .text               c_w.l(rt_memcpy_w.o)(c_w.l)
    0x0801a436   0x00000044   Code   RO         2391    .text               c_w.l(rt_memclr.o)(c_w.l)
    0x0801a47a   0x0000004e   Code   RO         2393    .text               c_w.l(rt_memclr_w.o)(c_w.l)
    0x0801a4c8   0x00000056   Code   RO         2395    .text               c_w.l(strncpy.o)(c_w.l)
    0x0801a51e   0x00000006   Code   RO         2397    .text               c_w.l(heapauxi.o)(c_w.l)
    0x0801a524   0x0000000c   Code   RO         2406    .text               c_w.l(rt_locale_intlibspace.o)(c_w.l)
    0x0801a530   0x0000000c   Code   RO         2411    .text               c_w.l(rt_errno_addr_intlibspace.o)(c_w.l)
    0x0801a53c   0x00000070   Code   RO         2413    .text               c_w.l(strtol.o)(c_w.l)
    0x0801a5ac   0x00000008   Code   RO         2418    .text               c_w.l(libspace.o)(c_w.l)
    0x0801a5b4   0x0000009c   Code   RO         2439    .text               c_w.l(_strtoul.o)(c_w.l)
    0x0801a650   0x0000004a   Code   RO         2482    .text               c_w.l(sys_stackheap_outer.o)(c_w.l)
    0x0801a69a   0x00000020   Code   RO         2484    .text               c_w.l(_chval.o)(c_w.l)
    0x0801a6ba   0x0000000c   Code   RO         2486    .text               c_w.l(exit.o)(c_w.l)
    0x0801a6c6   0x00000002   PAD
    0x0801a6c8   0x0000000c   Code   RO         2518    .text               c_w.l(rt_fp_status_addr_intlibspace.o)(c_w.l)
    0x0801a6d4   0x0000000c   Code   RO         2526    .text               c_w.l(sys_exit.o)(c_w.l)
    0x0801a6e0   0x00000002   Code   RO         2528    .text               c_w.l(use_no_semi.o)(c_w.l)
    0x0801a6e2   0x00000002   PAD
    0x0801a6e4   0x00000010   Code   RO          356    i.CS_HIGH           rf_driver.o
    0x0801a6f4   0x00000010   Code   RO          361    i.CS_LOW            rf_driver.o
    0x0801a704   0x00000010   Code   RO          371    i.PA_SLEEP          rf_driver.o
    0x0801a714   0x00000024   Code   RO          366    i.SDIO_OUTPUT       rf_driver.o
    0x0801a738   0x0000002c   Code   RO         2416    locale$$code        c_w.l(lc_ctype_c.o)(c_w.l)
    0x0801a764   0x0000000e   Code   RO         2503    x$fpl$fpinit        fz_ws.l(fpinit.o)(fz_ws.l)
    0x0801a772   0x00000085   Data   RO          227    .constdata          serial.o
    0x0801a7f7   0x00000004   Data   RO          346    .constdata          rf_driver.o
    0x0801a7fb   0x000000a8   Data   RO          436    .constdata          device.o
    0x0801a8a3   0x00000016   Data   RO          454    .constdata          idle.o
    0x0801a8b9   0x000001c6   Data   RO          473    .constdata          ipc.o
    0x0801aa7f   0x00000022   Data   RO          506    .constdata          kservice.o
    0x0801aaa1   0x00000003   PAD
    0x0801aaa4   0x00000160   Data   RO          522    .constdata          mem.o
    0x0801ac04   0x0000003e   Data   RO          553    .constdata          mempool.o
    0x0801ac42   0x0000005e   Data   RO          580    .constdata          object.o
    0x0801aca0   0x0000014e   Data   RO          614    .constdata          scheduler.o
    0x0801adee   0x000000aa   Data   RO          640    .constdata          thread.o
    0x0801ae98   0x0000005c   Data   RO          657    .constdata          timer.o
    0x0801aef4   0x00000013   Data   RO          715    .constdata          cpuport.o
    0x0801af07   0x00000023   Data   RO          733    .constdata          dfs.o
    0x0801af2a   0x00000046   Data   RO          765    .constdata          dfs_fs.o
    0x0801af70   0x00000073   Data   RO          788    .constdata          dfs_file.o
    0x0801afe3   0x00000019   Data   RO          807    .constdata          dfs_posix.o
    0x0801affc   0x00000283   Data   RO          869    .constdata          cmd.o
    0x0801b27f   0x00000001   PAD
    0x0801b280   0x000000c4   Data   RO          991    .constdata          finsh_ops.o
    0x0801b344   0x00000040   Data   RO         1024    .constdata          finsh_token.o
    0x0801b384   0x0000004d   Data   RO         1090    .constdata          shell.o
    0x0801b3d1   0x00000003   PAD
    0x0801b3d4   0x0000003c   Data   RO         1331    .constdata          sockets.o
    0x0801b410   0x0000001f   Data   RO         1427    .constdata          sys_arch.o
    0x0801b42f   0x00000001   PAD
    0x0801b430   0x0000001c   Data   RO         1604    .constdata          memp.o
    0x0801b44c   0x00000014   Data   RO         1748    .constdata          tcp.o
    0x0801b460   0x00000008   Data   RO         1892    .constdata          ip_addr.o
    0x0801b468   0x0000000c   Data   RO         1933    .constdata          etharp.o
    0x0801b474   0x000000ce   Data   RO         1953    .constdata          ethernetif.o
    0x0801b542   0x000000b3   Data   RO          870    .conststring        cmd.o
    0x0801b5f5   0x000000d8   Data   RO          926    .conststring        finsh_error.o
    0x0801b6cd   0x0000002c   Data   RO         1025    .conststring        finsh_token.o
    0x0801b6f9   0x00000068   Data   RO         1749    .conststring        tcp.o
    0x0801b761   0x00000003   PAD
    0x0801b764   0x0000000c   Data   RO          524    FSymTab             mem.o
    0x0801b770   0x00000018   Data   RO          766    FSymTab             dfs_fs.o
    0x0801b788   0x00000030   Data   RO          789    FSymTab             dfs_file.o
    0x0801b7b8   0x0000000c   Data   RO          808    FSymTab             dfs_posix.o
    0x0801b7c4   0x00000090   Data   RO          872    FSymTab             cmd.o
    0x0801b854   0x00000030   Data   RO         1954    FSymTab             ethernetif.o
    0x0801b884   0x00000020   Data   RO         2578    Region$$Table       anon$$obj.o
    0x0801b8a4   0x00000010   Data   RO          873    VSymTab             cmd.o
    0x0801b8b4   0x00000110   Data   RO         2415    locale$$data        c_w.l(lc_ctype_c.o)(c_w.l)


    Execution Region RW_IRAM1 (Base: 0x20000000, Size: 0x000054b0, Max: 0x00010000, ABSOLUTE, COMPRESSED[0x000000fc])

    Base Addr    Size         Type   Attr      Idx    E Section Name        Object

    0x20000000   0x00000010   Data   RW          257    .data               stm32_eth.o
    0x20000010   0x0000000c   Data   RW          310    .data               usart.o
    0x2000001c   0x00000034   Data   RW          328    .data               rf_cfg.o
    0x20000050   0x00000004   Data   RW          422    .data               clock.o
    0x20000054   0x00000004   Data   RW          455    .data               idle.o
    0x20000058   0x00000001   Data   RW          490    .data               irq.o
    0x20000059   0x00000003   PAD
    0x2000005c   0x00000008   Data   RW          507    .data               kservice.o
    0x20000064   0x00000020   Data   RW          523    .data               mem.o
    0x20000084   0x00000008   Data   RW          554    .data               mempool.o
    0x2000008c   0x000000a4   Data   RW          581    .data               object.o
    0x20000130   0x0000001c   Data   RW          615    .data               scheduler.o
    0x2000014c   0x0000000c   Data   RW          658    .data               timer.o
    0x20000158   0x0000000c   Data   RW          716    .data               cpuport.o
    0x20000164   0x00000004   Data   RW          871    .data               cmd.o
    0x20000168   0x00000008   Data   RW          889    .data               finsh_compiler.o
    0x20000170   0x0000003d   Data   RW          927    .data               finsh_error.o
    0x200001ad   0x00000003   PAD
    0x200001b0   0x00000008   Data   RW          943    .data               finsh_heap.o
    0x200001b8   0x00000004   Data   RW         1040    .data               finsh_var.o
    0x200001bc   0x0000000c   Data   RW         1063    .data               finsh_vm.o
    0x200001c8   0x00000004   Data   RW         1091    .data               shell.o
    0x200001cc   0x00000010   Data   RW         1109    .data               symbol.o
    0x200001dc   0x0000000c   Data   RW         1332    .data               sockets.o
    0x200001e8   0x00000010   Data   RW         1370    .data               tcpip.o
    0x200001f8   0x00000004   Data   RW         1428    .data               sys_arch.o
    0x200001fc   0x0000000d   Data   RW         1535    .data               dns.o
    0x20000209   0x00000001   PAD
    0x2000020a   0x00000002   Data   RW         1605    .data               memp.o
    0x2000020c   0x0000000c   Data   RW         1644    .data               netif.o
    0x20000218   0x00000001   Data   RW         1681    .data               pbuf.o
    0x20000219   0x00000003   PAD
    0x2000021c   0x00000004   Data   RW         1707    .data               raw.o
    0x20000220   0x0000004d   Data   RW         1750    .data               tcp.o
    0x2000026d   0x00000003   PAD
    0x20000270   0x00000020   Data   RW         1770    .data               tcp_in.o
    0x20000290   0x00000004   Data   RW         1804    .data               udp.o
    0x20000294   0x0000000c   Data   RW         1871    .data               ip.o
    0x200002a0   0x00000006   Data   RW         1915    .data               ip_frag.o
    0x200002a6   0x00000001   Data   RW         1934    .data               etharp.o
    0x200002a7   0x00000001   PAD
    0x200002a8   0x00000014   Data   RW         2047    .data               system_stm32f10x.o
    0x200002bc   0x00000014   Data   RW         2077    .data               stm32f10x_rcc.o
    0x200002d0   0x00002558   Zero   RW          256    .bss                stm32_eth.o
    0x20002828   0x000000c8   Zero   RW          309    .bss                usart.o
    0x200028f0   0x00000180   Zero   RW          453    .bss                idle.o
    0x20002a70   0x00000080   Zero   RW          505    .bss                kservice.o
    0x20002af0   0x00000020   Zero   RW          521    .bss                mem.o
    0x20002b10   0x00000100   Zero   RW          613    .bss                scheduler.o
    0x20002c10   0x000000d4   Zero   RW          732    .bss                dfs.o
    0x20002ce4   0x00000124   Zero   RW          787    .bss                dfs_file.o
    0x20002e08   0x00000080   Zero   RW          942    .bss                finsh_heap.o
    0x20002e88   0x00000140   Zero   RW          976    .bss                finsh_node.o
    0x20002fc8   0x000000c0   Zero   RW         1039    .bss                finsh_var.o
    0x20003088   0x00000180   Zero   RW         1062    .bss                finsh_vm.o
    0x20003208   0x00000880   Zero   RW         1089    .bss                shell.o
    0x20003a88   0x000000c8   Zero   RW         1330    .bss                sockets.o
    0x20003b50   0x00000660   Zero   RW         1534    .bss                dns.o
    0x200041b0   0x00000014   Zero   RW         1769    .bss                tcp_in.o
    0x200041c4   0x00000010   Zero   RW         1846    .bss                inet.o
    0x200041d4   0x000005e8   Zero   RW         1914    .bss                ip_frag.o
    0x200047bc   0x000000c8   Zero   RW         1932    .bss                etharp.o
    0x20004884   0x00000580   Zero   RW         1952    .bss                ethernetif.o
    0x20004e04   0x00000046   Zero   RW         2356    .bss                network.o
    0x20004e4a   0x00000002   PAD
    0x20004e4c   0x00000060   Zero   RW         2419    .bss                c_w.l(libspace.o)(c_w.l)
    0x20004eac   0x00000004   PAD
    0x20004eb0   0x00000200   Zero   RW         2349    HEAP                startup_stm32f10x_cl.o
    0x200050b0   0x00000400   Zero   RW         2348    STACK               startup_stm32f10x_cl.o


==============================================================================

Image component sizes


      Code (inc. data)   RO Data    RW Data    ZI Data      Debug   Object Name

      1080         48          0          0          0          0   api_lib.o
      2948         38          0          0          0          0   api_msg.o
       108         32          0          0          0          0   application.o
       164         16          0          0          0          0   board.o
       104          4          0          4          0          0   clock.o
      2608       1116        982          4          0          0   cmd.o
       196         20          0          0          0          0   context_rvds.o
       436        216         19         12          0          0   cpuport.o
       928        144        168          0          0          0   device.o
       964        156         35          0        212          0   dfs.o
      1668        198        163          0        292          0   dfs_file.o
      1404        216         94          0          0          0   dfs_fs.o
      1356         44         37          0          0          0   dfs_posix.o
      1508         72          0         13       1632          0   dns.o
      2356         24         12          1        200          0   etharp.o
      2140        688        254          0       1408          0   ethernetif.o
      6188        120          0          8          0          0   finsh_compiler.o
        44         10        216         61          0          0   finsh_error.o
       528         18          0          8        128          0   finsh_heap.o
        88          6          0          0          0          0   finsh_init.o
       388          4          0          0        320          0   finsh_node.o
      2648         38        196          0          0          0   finsh_ops.o
      2418         32          0          0          0          0   finsh_parser.o
      1576         16        108          0          0          0   finsh_token.o
       408         16          0          4        192          0   finsh_var.o
       228         34          0         12        384          0   finsh_vm.o
       558          0          0          0          0          0   icmp.o
       352        106         22          4        384          0   idle.o
       540         12          0          0         16          0   inet.o
       342          0          0          0          0          0   inet_chksum.o
        18          0          0          0          0          0   init.o
       808         22          0         12          0          0   ip.o
        78          0          8          0          0          0   ip_addr.o
      1504         16          0          6       1512          0   ip_frag.o
      6066        396        454          0          0          0   ipc.o
        72          6          0          1          0          0   irq.o
      2140        164         34          8        128          0   kservice.o
      2424        586        364         32         32          0   mem.o
       124         10         28          2          0          0   memp.o
      1064        116         62          8          0          0   mempool.o
       512         80          0          0          0          0   misc.o
         0          0          0          0          0          0   msd.o
       402          0          0          0          0          0   netbuf.o
         0          0          0          0          0          0   netdb.o
       872         20          0         12          0          0   netif.o
       246          0          0          0          0          0   netifapi.o
       280         78          0          0         70          0   network.o
       816        184         94        164          0          0   object.o
      1596         14          0          1          0          0   pbuf.o
       416          4          0          4          0          0   raw.o
       348          8          0         52          0          0   rf_cfg.o
      1036         42          4          0          0          0   rf_driver.o
       968        184        334         28        256          0   scheduler.o
      1604        300        133          0          0          0   serial.o
      1944        276         77          4       2176          0   shell.o
      4976         68         60         12        200          0   sockets.o
       208         98          0          0          0          0   startup.o
        64         26        336          0       1536          0   startup_stm32f10x_cl.o
      9308        338          0         16       9560          0   stm32_eth.o
      2300        154          0          0          0          0   stm32f10x_dma.o
      2668        200          0          0          0          0   stm32f10x_gpio.o
        52          4          0          0          0          0   stm32f10x_it.o
      2836        152          0         20          0          0   stm32f10x_rcc.o
      3520        148          0          0          0          0   stm32f10x_usart.o
         0          0          0         16          0          0   symbol.o
       604          6          0          0          0          0   sys.o
       756        144         31          4          0          0   sys_arch.o
       332         34          0          0          0          0   sys_arch_init.o
       620         48          0         20          0          0   system_stm32f10x.o
      3160        104        124         77          0          0   tcp.o
      5840        234          0         32         20          0   tcp_in.o
      2708         12          0          0          0          0   tcp_out.o
       940         66          0         16          0          0   tcpip.o
      1684        244        170          0          0          0   thread.o
      1064        128         92         12          0          0   timer.o
       996         10          0          4          0          0   udp.o
       264         26          0         12        200          0   usart.o

    ----------------------------------------------------------------------
    106528       8194       4754        720      20860          0   Object Totals
         0          0         32          0          0          0   (incl. Generated)
        16          0         11         14          2          0   (incl. Padding)

    ----------------------------------------------------------------------

      Code (inc. data)   RO Data    RW Data    ZI Data      Debug   Library Member Name

        90          0          0          0          0          0   __dczerorl2.o
         8          0          0          0          0          0   __main.o
        52          8          0          0          0          0   __scatter.o
        28          0          0          0          0          0   __scatter_zi.o
        32          0          0          0          0          0   _chval.o
       156          0          0          0          0          0   _strtoul.o
        26          0          0          0          0          0   atoi.o
        12          0          0          0          0          0   exit.o
         6          0          0          0          0          0   heapauxi.o
        44         10        272          0          0          0   lc_ctype_c.o
         6          0          0          0          0          0   libinit.o
        20          0          0          0          0          0   libinit2.o
         2          0          0          0          0          0   libshutdown.o
         2          0          0          0          0          0   libshutdown2.o
         8          4          0          0         96          0   libspace.o
        16          4          0          0          0          0   rt_ctype_table.o
        12          4          0          0          0          0   rt_errno_addr_intlibspace.o
        12          4          0          0          0          0   rt_fp_status_addr_intlibspace.o
        12          4          0          0          0          0   rt_locale_intlibspace.o
        68          0          0          0          0          0   rt_memclr.o
        78          0          0          0          0          0   rt_memclr_w.o
       138          0          0          0          0          0   rt_memcpy_v6.o
       100          0          0          0          0          0   rt_memcpy_w.o
         0          0          0          0          0          0   rtentry.o
        12          0          0          0          0          0   rtentry2.o
         6          0          0          0          0          0   rtentry4.o
         2          0          0          0          0          0   rtexit.o
        10          0          0          0          0          0   rtexit2.o
        72          0          0          0          0          0   strcpy.o
        62          0          0          0          0          0   strlen.o
       140          0          0          0          0          0   strncmp.o
        86          0          0          0          0          0   strncpy.o
       112          0          0          0          0          0   strtol.o
        12          4          0          0          0          0   sys_exit.o
        74          0          0          0          0          0   sys_stackheap_outer.o
         2          0          0          0          0          0   use_no_semi.o
        14          0          0          0          0          0   fpinit.o

    ----------------------------------------------------------------------
      1538         42        272          0        100          0   Library Totals
         6          0          0          0          4          0   (incl. Padding)

    ----------------------------------------------------------------------

      Code (inc. data)   RO Data    RW Data    ZI Data      Debug   Library Name

      1518         42        272          0         96       1864   c_w.l
        14          0          0          0          0         76   fz_ws.l

    ----------------------------------------------------------------------
      1538         42        272          0        100          0   Library Totals

    ----------------------------------------------------------------------

==============================================================================


      Code (inc. data)   RO Data    RW Data    ZI Data      Debug   

    108066       8236       5026        720      20960     902852   Grand Totals
    108066       8236       5026        252      20960     902852   ELF Image Totals (compressed)
    108066       8236       5026        252          0          0   ROM Totals

==============================================================================

    Total RO  Size (Code + RO Data)               113092 ( 110.44kB)
    Total RW  Size (RW Data + ZI Data)             21680 (  21.17kB)
    Total ROM Size (Code + RO Data + RW Data)     113344 ( 110.69kB)

==============================================================================

