<html>
<body>
<pre>
<h1>µVision Build Log</h1>
<h2>Project:</h2>
D:\yu\code\rtt102\bsp\stm32f107\project.uvproj
Project File Date:  04/25/2013

<h2>Output:</h2>
Build target 'RT-Thread STM32'
linking...
Program Size: Code=106778 RO-data=5054 RW-data=668 ZI-data=20948  
"rtthread-stm32.axf" - 0 Error(s), 0 Warning(s).
Build target 'RT-Thread STM32'
compiling application.c...
compiling startup.c...
compiling board.c...
compiling stm32f10x_it.c...
compiling usart.c...
compiling serial.c...
compiling stm32_eth.c...
Project build/rebuild aborted.
Target not created
Build target 'RT-Thread STM32'
compiling application.c...
compiling startup.c...
compiling board.c...
compiling stm32f10x_it.c...
compiling usart.c...
compiling serial.c...
compiling stm32_eth.c...
compiling msd.c...
compiling clock.c...
compiling device.c...
compiling idle.c...
compiling ipc.c...
compiling irq.c...
compiling kservice.c...
compiling mem.c...
compiling mempool.c...
compiling module.c...
compiling object.c...
compiling rtm.c...
compiling scheduler.c...
compiling slab.c...
compiling thread.c...
compiling timer.c...
compiling backtrace.c...
compiling div0.c...
compiling showmem.c...
assembling context_rvds.S...
compiling cpuport.c...
compiling dfs.c...
compiling dfs_fs.c...
compiling dfs_file.c...
compiling dfs_posix.c...
compiling dfs_elm.c...
compiling ff.c...
compiling cmd.c...
compiling finsh_compiler.c...
compiling finsh_error.c...
compiling finsh_heap.c...
compiling finsh_init.c...
compiling finsh_node.c...
compiling finsh_ops.c...
compiling finsh_parser.c...
compiling finsh_token.c...
compiling finsh_var.c...
compiling finsh_vm.c...
compiling shell.c...
compiling symbol.c...
compiling api_lib.c...
compiling api_msg.c...
compiling err.c...
compiling netbuf.c...
compiling netdb.c...
compiling netifapi.c...
compiling sockets.c...
compiling tcpip.c...
compiling sys_arch.c...
compiling sys_arch_init.c...
compiling dhcp.c...
compiling dns.c...
compiling init.c...
compiling memp.c...
compiling netif.c...
compiling pbuf.c...
compiling raw.c...
compiling stats.c...
compiling sys.c...
compiling tcp.c...
compiling tcp_in.c...
compiling tcp_out.c...
..\..\components\net\lwip\src\core\tcp_out.c(465): warning:  #550-D: variable "tcphdr" was set but never used
..\..\components\net\lwip\src\core\tcp_out.c:     struct tcp_hdr *tcphdr;
..\..\components\net\lwip\src\core\tcp_out.c:                     ^
..\..\components\net\lwip\src\core\tcp_out.c(935): warning:  #550-D: variable "tcphdr" was set but never used
..\..\components\net\lwip\src\core\tcp_out.c:     struct tcp_hdr *tcphdr;
..\..\components\net\lwip\src\core\tcp_out.c:                     ^
..\..\components\net\lwip\src\core\tcp_out.c: ..\..\components\net\lwip\src\core\tcp_out.c: 2 warnings, 0 errors
compiling udp.c...
compiling autoip.c...
compiling icmp.c...
compiling igmp.c...
compiling inet.c...
compiling inet_chksum.c...
compiling ip.c...
compiling ip_addr.c...
compiling ip_frag.c...
compiling etharp.c...
compiling ethernetif.c...
compiling loopif.c...
compiling slipif.c...
compiling core_cm3.c...
compiling system_stm32f10x.c...
compiling stm32f10x_crc.c...
compiling stm32f10x_rcc.c...
compiling stm32f10x_wwdg.c...
compiling stm32f10x_pwr.c...
compiling stm32f10x_exti.c...
compiling stm32f10x_bkp.c...
compiling stm32f10x_i2c.c...
compiling stm32f10x_adc.c...
compiling stm32f10x_dac.c...
compiling stm32f10x_rtc.c...
compiling stm32f10x_fsmc.c...
compiling stm32f10x_tim.c...
compiling stm32f10x_iwdg.c...
compiling stm32f10x_spi.c...
compiling stm32f10x_flash.c...
compiling stm32f10x_sdio.c...
compiling stm32f10x_gpio.c...
compiling stm32f10x_usart.c...
compiling stm32f10x_dbgmcu.c...
compiling stm32f10x_dma.c...
compiling stm32f10x_can.c...
compiling stm32f10x_cec.c...
compiling misc.c...
assembling startup_stm32f10x_cl.s...
compiling network.c...
app\network.c(31): warning:  #111-D: statement is unreachable
app\network.c:      lwip_close(sock);
app\network.c:      ^
app\network.c(64): warning:  #111-D: statement is unreachable
app\network.c:      lwip_close(sock);
app\network.c:      ^
app\network.c: app\network.c: 2 warnings, 0 errors
linking...
Program Size: Code=106778 RO-data=5054 RW-data=668 ZI-data=20948  
".\out\rtthread-stm32.axf" - 0 Error(s), 4 Warning(s).
Load "D:\\yu\\code\\rtt102\\bsp\\stm32f107\\out\\rtthread-stm32.AXF" 
Build target 'RT-Thread STM32'
compiling application.c...
compiling startup.c...
compiling board.c...
compiling stm32f10x_it.c...
compiling usart.c...
compiling serial.c...
compiling stm32_eth.c...
compiling msd.c...
compiling clock.c...
compiling device.c...
compiling idle.c...
compiling ipc.c...
compiling irq.c...
compiling kservice.c...
compiling mem.c...
compiling mempool.c...
compiling module.c...
compiling object.c...
compiling rtm.c...
compiling scheduler.c...
compiling slab.c...
compiling thread.c...
compiling timer.c...
compiling backtrace.c...
compiling div0.c...
compiling showmem.c...
assembling context_rvds.S...
compiling cpuport.c...
compiling dfs.c...
compiling dfs_fs.c...
compiling dfs_file.c...
compiling dfs_posix.c...
compiling dfs_elm.c...
compiling ff.c...
compiling cmd.c...
compiling finsh_compiler.c...
compiling finsh_error.c...
compiling finsh_heap.c...
compiling finsh_init.c...
compiling finsh_node.c...
compiling finsh_ops.c...
compiling finsh_parser.c...
compiling finsh_token.c...
compiling finsh_var.c...
compiling finsh_vm.c...
compiling shell.c...
compiling symbol.c...
compiling api_lib.c...
compiling api_msg.c...
compiling err.c...
compiling netbuf.c...
compiling netdb.c...
compiling netifapi.c...
compiling sockets.c...
compiling tcpip.c...
compiling sys_arch.c...
compiling sys_arch_init.c...
compiling dhcp.c...
compiling dns.c...
compiling init.c...
compiling memp.c...
compiling netif.c...
compiling pbuf.c...
compiling raw.c...
compiling stats.c...
compiling sys.c...
compiling tcp.c...
compiling tcp_in.c...
compiling tcp_out.c...
..\..\components\net\lwip\src\core\tcp_out.c(465): warning:  #550-D: variable "tcphdr" was set but never used
..\..\components\net\lwip\src\core\tcp_out.c:     struct tcp_hdr *tcphdr;
..\..\components\net\lwip\src\core\tcp_out.c:                     ^
..\..\components\net\lwip\src\core\tcp_out.c(935): warning:  #550-D: variable "tcphdr" was set but never used
..\..\components\net\lwip\src\core\tcp_out.c:     struct tcp_hdr *tcphdr;
..\..\components\net\lwip\src\core\tcp_out.c:                     ^
..\..\components\net\lwip\src\core\tcp_out.c: ..\..\components\net\lwip\src\core\tcp_out.c: 2 warnings, 0 errors
compiling udp.c...
compiling autoip.c...
compiling icmp.c...
compiling igmp.c...
compiling inet.c...
compiling inet_chksum.c...
compiling ip.c...
compiling ip_addr.c...
compiling ip_frag.c...
compiling etharp.c...
compiling ethernetif.c...
compiling loopif.c...
compiling slipif.c...
compiling core_cm3.c...
compiling system_stm32f10x.c...
compiling stm32f10x_crc.c...
compiling stm32f10x_rcc.c...
compiling stm32f10x_wwdg.c...
compiling stm32f10x_pwr.c...
compiling stm32f10x_exti.c...
compiling stm32f10x_bkp.c...
compiling stm32f10x_i2c.c...
compiling stm32f10x_adc.c...
compiling stm32f10x_dac.c...
compiling stm32f10x_rtc.c...
compiling stm32f10x_fsmc.c...
compiling stm32f10x_tim.c...
compiling stm32f10x_iwdg.c...
compiling stm32f10x_spi.c...
compiling stm32f10x_flash.c...
compiling stm32f10x_sdio.c...
compiling stm32f10x_gpio.c...
compiling stm32f10x_usart.c...
compiling stm32f10x_dbgmcu.c...
compiling stm32f10x_dma.c...
compiling stm32f10x_can.c...
compiling stm32f10x_cec.c...
compiling misc.c...
assembling startup_stm32f10x_cl.s...
compiling network.c...
app\network.c(31): warning:  #111-D: statement is unreachable
app\network.c:      lwip_close(sock);
app\network.c:      ^
app\network.c(64): warning:  #111-D: statement is unreachable
app\network.c:      lwip_close(sock);
app\network.c:      ^
app\network.c: app\network.c: 2 warnings, 0 errors
linking...
Program Size: Code=106778 RO-data=5054 RW-data=668 ZI-data=20948  
".\out\rtthread-stm32.axf" - 0 Error(s), 4 Warning(s).
